#
# There is insufficient memory for the Java Runtime Environment to continue.
# Native memory allocation (malloc) failed to allocate 1048576 bytes. Error detail: AllocateHeap
# Possible reasons:
#   The system is out of physical RAM or swap space
#   This process is running with CompressedOops enabled, and the Java Heap may be blocking the growth of the native heap
# Possible solutions:
#   Reduce memory load on the system
#   Increase physical memory or swap space
#   Check if swap backing store is full
#   Decrease Java heap size (-Xmx/-Xms)
#   Decrease number of Java threads
#   Decrease Java thread stack sizes (-Xss)
#   Set larger code cache with -XX:ReservedCodeCacheSize=
#   JVM is running with Unscaled Compressed Oops mode in which the Java heap is
#     placed in the first 4GB address space. The Java Heap base address is the
#     maximum limit for the native heap growth. Please use -XX:HeapBaseMinAddress
#     to set the Java Heap base and to place the Java Heap above 4GB virtual address.
# This output file may be truncated or incomplete.
#
#  Out of Memory Error (allocation.cpp:44), pid=17188, tid=22932
#
# JRE version: OpenJDK Runtime Environment Temurin-21.0.10+7 (21.0.10+7) (build 21.0.10+7-LTS)
# Java VM: OpenJDK 64-Bit Server VM Temurin-21.0.10+7 (21.0.10+7-LTS, mixed mode, sharing, tiered, compressed oops, compressed class ptrs, parallel gc, windows-amd64)
# No core dump will be written. Minidumps are not enabled by default on client versions of Windows
#

---------------  S U M M A R Y ------------

Command Line: --add-modules=ALL-SYSTEM --add-opens=java.base/java.util=ALL-UNNAMED --add-opens=java.base/java.lang=ALL-UNNAMED --add-opens=java.base/sun.nio.fs=ALL-UNNAMED -Declipse.application=org.eclipse.jdt.ls.core.id1 -Dosgi.bundles.defaultStartLevel=4 -Declipse.product=org.eclipse.jdt.ls.core.product -Djava.import.generatesMetadataFilesAtProjectRoot=false -DDetectVMInstallationsJob.disabled=true -Dfile.encoding=utf8 -XX:+UseParallelGC -XX:GCTimeRatio=4 -XX:AdaptiveSizePolicyWeight=90 -Dsun.zip.disableMemoryMapping=true -Xmx2G -Xms100m -Xlog:disable -javaagent:c:\Users\roger\.vscode\extensions\redhat.java-1.53.0-win32-x64\lombok\lombok-1.18.39-4050.jar -XX:+HeapDumpOnOutOfMemoryError -XX:HeapDumpPath=c:\Users\roger\AppData\Roaming\Code\User\workspaceStorage\8e6ae2af2d4dfc56c9bbe3d6a389f982\redhat.java -Daether.dependencyCollector.impl=bf c:\Users\roger\.vscode\extensions\redhat.java-1.53.0-win32-x64\server\plugins\org.eclipse.equinox.launcher_1.7.100.v20251111-0406.jar -configuration c:\Users\roger\AppData\Roaming\Code\User\globalStorage\redhat.java\1.53.0\config_win -data c:\Users\roger\AppData\Roaming\Code\User\workspaceStorage\8e6ae2af2d4dfc56c9bbe3d6a389f982\redhat.java\jdt_ws --pipe=\\.\pipe\lsp-d6a3d9db63887dc9b1f5fe0c808344c9-sock

Host: Intel(R) Core(TM) i3-1005G1 CPU @ 1.20GHz, 4 cores, 7G,  Windows 11 , 64 bit Build 26100 (10.0.26100.7920)
Time: Mon Apr  6 11:53:22 2026 Hora oficial do Brasil elapsed time: 635.871542 seconds (0d 0h 10m 35s)

---------------  T H R E A D  ---------------

Current thread (0x0000013c999fffd0):  JavaThread "Attach Listener" daemon [_thread_in_vm, id=22932, stack(0x0000002e8a300000,0x0000002e8a400000) (1024K)]

Stack: [0x0000002e8a300000,0x0000002e8a400000]
Native frames: (J=compiled Java code, j=interpreted, Vv=VM code, C=native code)
V  [jvm.dll+0x6d7a39]
V  [jvm.dll+0x8b4b26]
V  [jvm.dll+0x8b70de]
V  [jvm.dll+0x8b77c3]
V  [jvm.dll+0x284346]
V  [jvm.dll+0xc1277]
V  [jvm.dll+0x6d82e9]
V  [jvm.dll+0x1334a6]
V  [jvm.dll+0x3f857e]
V  [jvm.dll+0x85f59d]
V  [jvm.dll+0x6d626d]
C  [ucrtbase.dll+0x37b0]
C  [KERNEL32.DLL+0x2e8d7]
C  [ntdll.dll+0x8c48c]


---------------  P R O C E S S  ---------------

Threads class SMR info:
_java_thread_list=0x0000013ce3297db0, length=31, elements={
0x0000013c80d79e70, 0x0000013c830c8790, 0x0000013c830cacd0, 0x0000013c830ce0e0,
0x0000013c999fffd0, 0x0000013c99a02a40, 0x0000013c99a034a0, 0x0000013c99a06240,
0x0000013c99a8ce90, 0x0000013cdb936250, 0x0000013cdba55780, 0x0000013ce07fe4f0,
0x0000013ce042da90, 0x0000013ce058cec0, 0x0000013ce058eb20, 0x0000013ce04d3a40,
0x0000013cdbb70ff0, 0x0000013ce0983370, 0x0000013ce0e44d90, 0x0000013ce0e44070,
0x0000013ce122f890, 0x0000013ce122f200, 0x0000013ce122ff20, 0x0000013ce122caa0,
0x0000013ce12305b0, 0x0000013ce122d130, 0x0000013ce122e4e0, 0x0000013ce122de50,
0x0000013ce33c72c0, 0x0000013ce33c9390, 0x0000013ce33c9a20
}

Java Threads: ( => current thread )
  0x0000013c80d79e70 JavaThread "main"                              [_thread_blocked, id=6696, stack(0x0000002e89c00000,0x0000002e89d00000) (1024K)]
  0x0000013c830c8790 JavaThread "Reference Handler"          daemon [_thread_blocked, id=14764, stack(0x0000002e8a000000,0x0000002e8a100000) (1024K)]
  0x0000013c830cacd0 JavaThread "Finalizer"                  daemon [_thread_blocked, id=27184, stack(0x0000002e8a100000,0x0000002e8a200000) (1024K)]
  0x0000013c830ce0e0 JavaThread "Signal Dispatcher"          daemon [_thread_blocked, id=21548, stack(0x0000002e8a200000,0x0000002e8a300000) (1024K)]
=>0x0000013c999fffd0 JavaThread "Attach Listener"            daemon [_thread_in_vm, id=22932, stack(0x0000002e8a300000,0x0000002e8a400000) (1024K)]
  0x0000013c99a02a40 JavaThread "Service Thread"             daemon [_thread_blocked, id=5920, stack(0x0000002e8a400000,0x0000002e8a500000) (1024K)]
  0x0000013c99a034a0 JavaThread "Monitor Deflation Thread"   daemon [_thread_blocked, id=24876, stack(0x0000002e8a500000,0x0000002e8a600000) (1024K)]
  0x0000013c99a06240 JavaThread "C2 CompilerThread0"         daemon [_thread_blocked, id=25992, stack(0x0000002e8a600000,0x0000002e8a700000) (1024K)]
  0x0000013c99a8ce90 JavaThread "C1 CompilerThread0"         daemon [_thread_blocked, id=22104, stack(0x0000002e8a700000,0x0000002e8a800000) (1024K)]
  0x0000013cdb936250 JavaThread "Common-Cleaner"             daemon [_thread_blocked, id=23116, stack(0x0000002e8a800000,0x0000002e8a900000) (1024K)]
  0x0000013cdba55780 JavaThread "Notification Thread"        daemon [_thread_blocked, id=8264, stack(0x0000002e8a900000,0x0000002e8aa00000) (1024K)]
  0x0000013ce07fe4f0 JavaThread "Active Thread: Equinox Container: f884f433-0f73-4b4e-8890-349f21b2c51a"        [_thread_blocked, id=18988, stack(0x0000002e8ad00000,0x0000002e8ae00000) (1024K)]
  0x0000013ce042da90 JavaThread "Refresh Thread: Equinox Container: f884f433-0f73-4b4e-8890-349f21b2c51a" daemon [_thread_blocked, id=21268, stack(0x0000002e8ae00000,0x0000002e8af00000) (1024K)]
  0x0000013ce058cec0 JavaThread "Framework Event Dispatcher: Equinox Container: f884f433-0f73-4b4e-8890-349f21b2c51a" daemon [_thread_blocked, id=17296, stack(0x0000002e8af00000,0x0000002e8b000000) (1024K)]
  0x0000013ce058eb20 JavaThread "Start Level: Equinox Container: f884f433-0f73-4b4e-8890-349f21b2c51a" daemon [_thread_blocked, id=10976, stack(0x0000002e8b000000,0x0000002e8b100000) (1024K)]
  0x0000013ce04d3a40 JavaThread "Bundle File Closer"         daemon [_thread_blocked, id=17344, stack(0x0000002e8b100000,0x0000002e8b200000) (1024K)]
  0x0000013cdbb70ff0 JavaThread "SCR Component Actor"        daemon [_thread_blocked, id=12596, stack(0x0000002e8b200000,0x0000002e8b300000) (1024K)]
  0x0000013ce0983370 JavaThread "Worker-JM"                         [_thread_blocked, id=10236, stack(0x0000002e8b400000,0x0000002e8b500000) (1024K)]
  0x0000013ce0e44d90 JavaThread "JNA Cleaner"                daemon [_thread_blocked, id=18928, stack(0x0000002e8b300000,0x0000002e8b400000) (1024K)]
  0x0000013ce0e44070 JavaThread "Java indexing"              daemon [_thread_blocked, id=11356, stack(0x0000002e8ba00000,0x0000002e8bb00000) (1024K)]
  0x0000013ce122f890 JavaThread "Thread-1"                   daemon [_thread_in_native, id=1200, stack(0x0000002e8be00000,0x0000002e8bf00000) (1024K)]
  0x0000013ce122f200 JavaThread "Thread-2"                   daemon [_thread_in_native, id=16572, stack(0x0000002e8bf00000,0x0000002e8c000000) (1024K)]
  0x0000013ce122ff20 JavaThread "Thread-3"                   daemon [_thread_in_native, id=7900, stack(0x0000002e8c000000,0x0000002e8c100000) (1024K)]
  0x0000013ce122caa0 JavaThread "Thread-4"                   daemon [_thread_in_native, id=18080, stack(0x0000002e8c100000,0x0000002e8c200000) (1024K)]
  0x0000013ce12305b0 JavaThread "Thread-5"                   daemon [_thread_in_native, id=14808, stack(0x0000002e8c200000,0x0000002e8c300000) (1024K)]
  0x0000013ce122d130 JavaThread "pool-2-thread-1"                   [_thread_blocked, id=4600, stack(0x0000002e8c300000,0x0000002e8c400000) (1024K)]
  0x0000013ce122e4e0 JavaThread "WorkspaceEventsHandler"            [_thread_blocked, id=8720, stack(0x0000002e8c400000,0x0000002e8c500000) (1024K)]
  0x0000013ce122de50 JavaThread "pool-1-thread-1"                   [_thread_blocked, id=21612, stack(0x0000002e8c500000,0x0000002e8c600000) (1024K)]
  0x0000013ce33c72c0 JavaThread "Worker-5"                          [_thread_blocked, id=5328, stack(0x0000002e8cb00000,0x0000002e8cc00000) (1024K)]
  0x0000013ce33c9390 JavaThread "Cleaner-0"                  daemon [_thread_blocked, id=24144, stack(0x0000002e8d000000,0x0000002e8d100000) (1024K)]
  0x0000013ce33c9a20 JavaThread "Worker-6"                          [_thread_blocked, id=21024, stack(0x0000002e8b500000,0x0000002e8b600000) (1024K)]
Total: 31

Other Threads:
  0x0000013c830ae790 VMThread "VM Thread"                           [id=12412, stack(0x0000002e89f00000,0x0000002e8a000000) (1024K)]
  0x0000013c83077430 WatcherThread "VM Periodic Task Thread"        [id=14552, stack(0x0000002e89e00000,0x0000002e89f00000) (1024K)]
  0x0000013c8302c4b0 WorkerThread "GC Thread#0"                     [id=23376, stack(0x0000002e89d00000,0x0000002e89e00000) (1024K)]
  0x0000013ce0314530 WorkerThread "GC Thread#1"                     [id=15056, stack(0x0000002e8aa00000,0x0000002e8ab00000) (1024K)]
  0x0000013ce03148e0 WorkerThread "GC Thread#2"                     [id=24848, stack(0x0000002e8ab00000,0x0000002e8ac00000) (1024K)]
  0x0000013ce03136c0 WorkerThread "GC Thread#3"                     [id=5456, stack(0x0000002e8ac00000,0x0000002e8ad00000) (1024K)]
Total: 6

Threads with active compile tasks:
Total: 0

VM state: not at safepoint (normal execution)

VM Mutex/Monitor currently owned by a thread: None

Heap address: 0x0000000080000000, size: 2048 MB, Compressed Oops mode: 32-bit

CDS archive(s) mapped at: [0x0000013c9a000000-0x0000013c9aba0000-0x0000013c9aba0000), size 12189696, SharedBaseAddress: 0x0000013c9a000000, ArchiveRelocationMode: 1.
Compressed class space mapped at: 0x0000013c9b000000-0x0000013cdb000000, reserved size: 1073741824
Narrow klass base: 0x0000013c9a000000, Narrow klass shift: 0, Narrow klass range: 0x100000000

GC Precious Log:
 CardTable entry size: 512
 CPUs: 4 total, 4 available
 Memory: 7958M
 Large Page Support: Disabled
 NUMA Support: Disabled
 Compressed Oops: Enabled (32-bit)
 Alignments: Space 512K, Generation 512K, Heap 2M
 Heap Min Capacity: 100M
 Heap Initial Capacity: 100M
 Heap Max Capacity: 2G
 Pre-touch: Disabled
 Parallel Workers: 4

Heap:
 PSYoungGen      total 17408K, used 554K [0x00000000d5580000, 0x00000000d6980000, 0x0000000100000000)
  eden space 16384K, 2% used [0x00000000d5580000,0x00000000d55d5618,0x00000000d6580000)
  from space 1024K, 20% used [0x00000000d6800000,0x00000000d6835580,0x00000000d6900000)
  to   space 512K, 0% used [0x00000000d6900000,0x00000000d6900000,0x00000000d6980000)
 ParOldGen       total 68608K, used 54296K [0x0000000080000000, 0x0000000084300000, 0x00000000d5580000)
  object space 68608K, 79% used [0x0000000080000000,0x0000000083506280,0x0000000084300000)
 Metaspace       used 67557K, committed 69056K, reserved 1114112K
  class space    used 7044K, committed 7680K, reserved 1048576K

Card table byte_map: [0x0000013c829b0000,0x0000013c82dc0000] _byte_map_base: 0x0000013c825b0000

Marking Bits: (ParMarkBitMap*) 0x00007ff934f33450
 Begin Bits: [0x0000013c954c0000, 0x0000013c974c0000)
 End Bits:   [0x0000013c974c0000, 0x0000013c994c0000)

Polling page: 0x0000013c81250000

Metaspace:

Usage:
  Non-class:     59.09 MB used.
      Class:      6.88 MB used.
       Both:     65.97 MB used.

Virtual space:
  Non-class space:       64.00 MB reserved,      59.94 MB ( 94%) committed,  1 nodes.
      Class space:        1.00 GB reserved,       7.50 MB ( <1%) committed,  1 nodes.
             Both:        1.06 GB reserved,      67.44 MB (  6%) committed. 

Chunk freelists:
   Non-Class:  3.96 MB
       Class:  8.47 MB
        Both:  12.44 MB

MaxMetaspaceSize: unlimited
CompressedClassSpaceSize: 1.00 GB
Initial GC threshold: 21.00 MB
Current GC threshold: 98.88 MB
CDS: on
 - commit_granule_bytes: 65536.
 - commit_granule_words: 8192.
 - virtual_space_node_default_size: 8388608.
 - enlarge_chunks_in_place: 1.
 - use_allocation_guard: 0.


Internal statistics:

num_allocs_failed_limit: 19.
num_arena_births: 1136.
num_arena_deaths: 14.
num_vsnodes_births: 2.
num_vsnodes_deaths: 0.
num_space_committed: 1079.
num_space_uncommitted: 0.
num_chunks_returned_to_freelist: 33.
num_chunks_taken_from_freelist: 4367.
num_chunk_merges: 24.
num_chunk_splits: 2679.
num_chunks_enlarged: 1493.
num_inconsistent_stats: 0.

CodeHeap 'non-profiled nmethods': size=120000Kb used=7617Kb max_used=7617Kb free=112383Kb
 bounds [0x0000013c8dce0000, 0x0000013c8e460000, 0x0000013c95210000]
CodeHeap 'profiled nmethods': size=120000Kb used=23984Kb max_used=23984Kb free=96015Kb
 bounds [0x0000013c86210000, 0x0000013c87980000, 0x0000013c8d740000]
CodeHeap 'non-nmethods': size=5760Kb used=1464Kb max_used=1528Kb free=4295Kb
 bounds [0x0000013c8d740000, 0x0000013c8d9b0000, 0x0000013c8dce0000]
CodeCache: size=245760Kb, used=33065Kb, max_used=33129Kb, free=212693Kb
 total_blobs=10723, nmethods=9949, adapters=678, full_count=0
Compilation: enabled, stopped_count=0, restarted_count=0

Compilation events (20 events):
Event: 332.316 Thread 0x0000013c99a8ce90 10726       3       java.util.concurrent.locks.AbstractQueuedSynchronizer::signalNextIfShared (41 bytes)
Event: 332.317 Thread 0x0000013c99a8ce90 nmethod 10726 0x0000013c87979890 code [0x0000013c87979aa0, 0x0000013c8797a050]
Event: 332.319 Thread 0x0000013c99a8ce90 10727       1       org.eclipse.lsp4j.ClientCapabilities::getWindow (5 bytes)
Event: 332.320 Thread 0x0000013c99a8ce90 nmethod 10727 0x0000013c8e44fb10 code [0x0000013c8e44fca0, 0x0000013c8e44fd68]
Event: 332.320 Thread 0x0000013c99a8ce90 10728       1       org.eclipse.lsp4j.jsonrpc.messages.NotificationMessage::getMethod (5 bytes)
Event: 332.320 Thread 0x0000013c99a8ce90 nmethod 10728 0x0000013c8e44fe10 code [0x0000013c8e44ffa0, 0x0000013c8e450068]
Event: 335.030 Thread 0x0000013c99a8ce90 10729       3       java.util.concurrent.locks.ReentrantLock$NonfairSync::tryAcquire (27 bytes)
Event: 335.031 Thread 0x0000013c99a8ce90 nmethod 10729 0x0000013c8797a210 code [0x0000013c8797a3c0, 0x0000013c8797a608]
Event: 335.031 Thread 0x0000013c99a8ce90 10730       3       java.util.concurrent.Executors$RunnableAdapter::call (14 bytes)
Event: 335.031 Thread 0x0000013c99a8ce90 nmethod 10730 0x0000013c8797a710 code [0x0000013c8797a8c0, 0x0000013c8797aaa8]
Event: 335.157 Thread 0x0000013c99a8ce90 10731       3       sun.nio.ch.Util$BufferCache::isEmpty (13 bytes)
Event: 335.158 Thread 0x0000013c99a8ce90 nmethod 10731 0x0000013c8797ab90 code [0x0000013c8797ad20, 0x0000013c8797ae80]
Event: 425.073 Thread 0x0000013c99a8ce90 10732       3       java.util.concurrent.ThreadPoolExecutor::workerCountOf (5 bytes)
Event: 425.073 Thread 0x0000013c99a8ce90 nmethod 10732 0x0000013c8797af10 code [0x0000013c8797b0a0, 0x0000013c8797b198]
Event: 455.082 Thread 0x0000013c99a06240 10733       4       jdk.internal.misc.Unsafe::putReferenceOpaque (9 bytes)
Event: 455.083 Thread 0x0000013c99a06240 nmethod 10733 0x0000013c8e450110 code [0x0000013c8e4502a0, 0x0000013c8e450350]
Event: 459.981 Thread 0x0000013c99a8ce90 10734       3       java.util.concurrent.locks.AbstractQueuedSynchronizer$ConditionObject::canReacquire (38 bytes)
Event: 459.982 Thread 0x0000013c99a8ce90 nmethod 10734 0x0000013c8797b210 code [0x0000013c8797b3e0, 0x0000013c8797b728]
Event: 560.141 Thread 0x0000013c99a8ce90 10735   !   3       java.util.concurrent.locks.LockSupport::parkNanos (56 bytes)
Event: 560.152 Thread 0x0000013c99a8ce90 nmethod 10735 0x0000013c8797b890 code [0x0000013c8797baa0, 0x0000013c8797bee0]

GC Heap History (20 events):
Event: 33.786 GC heap before
{Heap before GC invocations=41 (full 3):
 PSYoungGen      total 18944K, used 2423K [0x00000000d5580000, 0x00000000d6c00000, 0x0000000100000000)
  eden space 16384K, 0% used [0x00000000d5580000,0x00000000d5580000,0x00000000d6580000)
  from space 2560K, 94% used [0x00000000d6880000,0x00000000d6addff0,0x00000000d6b00000)
  to   space 3072K, 0% used [0x00000000d6580000,0x00000000d6580000,0x00000000d6880000)
 ParOldGen       total 68608K, used 48170K [0x0000000080000000, 0x0000000084300000, 0x00000000d5580000)
  object space 68608K, 70% used [0x0000000080000000,0x0000000082f0a978,0x0000000084300000)
 Metaspace       used 59424K, committed 60736K, reserved 1114112K
  class space    used 6293K, committed 6912K, reserved 1048576K
}
Event: 33.936 GC heap after
{Heap after GC invocations=41 (full 3):
 PSYoungGen      total 18944K, used 0K [0x00000000d5580000, 0x00000000d6c00000, 0x0000000100000000)
  eden space 16384K, 0% used [0x00000000d5580000,0x00000000d5580000,0x00000000d6580000)
  from space 2560K, 0% used [0x00000000d6880000,0x00000000d6880000,0x00000000d6b00000)
  to   space 3072K, 0% used [0x00000000d6580000,0x00000000d6580000,0x00000000d6880000)
 ParOldGen       total 68608K, used 43939K [0x0000000080000000, 0x0000000084300000, 0x00000000d5580000)
  object space 68608K, 64% used [0x0000000080000000,0x0000000082ae8db8,0x0000000084300000)
 Metaspace       used 59424K, committed 60736K, reserved 1114112K
  class space    used 6293K, committed 6912K, reserved 1048576K
}
Event: 34.959 GC heap before
{Heap before GC invocations=42 (full 3):
 PSYoungGen      total 18944K, used 16384K [0x00000000d5580000, 0x00000000d6c00000, 0x0000000100000000)
  eden space 16384K, 100% used [0x00000000d5580000,0x00000000d6580000,0x00000000d6580000)
  from space 2560K, 0% used [0x00000000d6880000,0x00000000d6880000,0x00000000d6b00000)
  to   space 3072K, 0% used [0x00000000d6580000,0x00000000d6580000,0x00000000d6880000)
 ParOldGen       total 68608K, used 43939K [0x0000000080000000, 0x0000000084300000, 0x00000000d5580000)
  object space 68608K, 64% used [0x0000000080000000,0x0000000082ae8db8,0x0000000084300000)
 Metaspace       used 60643K, committed 62016K, reserved 1114112K
  class space    used 6402K, committed 6976K, reserved 1048576K
}
Event: 34.963 GC heap after
{Heap after GC invocations=42 (full 3):
 PSYoungGen      total 18944K, used 2458K [0x00000000d5580000, 0x00000000d6a80000, 0x0000000100000000)
  eden space 16384K, 0% used [0x00000000d5580000,0x00000000d5580000,0x00000000d6580000)
  from space 2560K, 96% used [0x00000000d6580000,0x00000000d67e6b50,0x00000000d6800000)
  to   space 2560K, 0% used [0x00000000d6800000,0x00000000d6800000,0x00000000d6a80000)
 ParOldGen       total 68608K, used 43947K [0x0000000080000000, 0x0000000084300000, 0x00000000d5580000)
  object space 68608K, 64% used [0x0000000080000000,0x0000000082aeadb8,0x0000000084300000)
 Metaspace       used 60643K, committed 62016K, reserved 1114112K
  class space    used 6402K, committed 6976K, reserved 1048576K
}
Event: 36.533 GC heap before
{Heap before GC invocations=43 (full 3):
 PSYoungGen      total 18944K, used 18842K [0x00000000d5580000, 0x00000000d6a80000, 0x0000000100000000)
  eden space 16384K, 100% used [0x00000000d5580000,0x00000000d6580000,0x00000000d6580000)
  from space 2560K, 96% used [0x00000000d6580000,0x00000000d67e6b50,0x00000000d6800000)
  to   space 2560K, 0% used [0x00000000d6800000,0x00000000d6800000,0x00000000d6a80000)
 ParOldGen       total 68608K, used 43947K [0x0000000080000000, 0x0000000084300000, 0x00000000d5580000)
  object space 68608K, 64% used [0x0000000080000000,0x0000000082aeadb8,0x0000000084300000)
 Metaspace       used 62215K, committed 63552K, reserved 1114112K
  class space    used 6515K, committed 7104K, reserved 1048576K
}
Event: 36.537 GC heap after
{Heap after GC invocations=43 (full 3):
 PSYoungGen      total 18944K, used 2425K [0x00000000d5580000, 0x00000000d6a80000, 0x0000000100000000)
  eden space 16384K, 0% used [0x00000000d5580000,0x00000000d5580000,0x00000000d6580000)
  from space 2560K, 94% used [0x00000000d6800000,0x00000000d6a5e480,0x00000000d6a80000)
  to   space 2560K, 0% used [0x00000000d6580000,0x00000000d6580000,0x00000000d6800000)
 ParOldGen       total 68608K, used 46248K [0x0000000080000000, 0x0000000084300000, 0x00000000d5580000)
  object space 68608K, 67% used [0x0000000080000000,0x0000000082d2a3c8,0x0000000084300000)
 Metaspace       used 62215K, committed 63552K, reserved 1114112K
  class space    used 6515K, committed 7104K, reserved 1048576K
}
Event: 37.157 GC heap before
{Heap before GC invocations=44 (full 3):
 PSYoungGen      total 18944K, used 18809K [0x00000000d5580000, 0x00000000d6a80000, 0x0000000100000000)
  eden space 16384K, 100% used [0x00000000d5580000,0x00000000d6580000,0x00000000d6580000)
  from space 2560K, 94% used [0x00000000d6800000,0x00000000d6a5e480,0x00000000d6a80000)
  to   space 2560K, 0% used [0x00000000d6580000,0x00000000d6580000,0x00000000d6800000)
 ParOldGen       total 68608K, used 46248K [0x0000000080000000, 0x0000000084300000, 0x00000000d5580000)
  object space 68608K, 67% used [0x0000000080000000,0x0000000082d2a3c8,0x0000000084300000)
 Metaspace       used 62554K, committed 63936K, reserved 1114112K
  class space    used 6546K, committed 7104K, reserved 1048576K
}
Event: 37.161 GC heap after
{Heap after GC invocations=44 (full 3):
 PSYoungGen      total 17920K, used 1443K [0x00000000d5580000, 0x00000000d6980000, 0x0000000100000000)
  eden space 16384K, 0% used [0x00000000d5580000,0x00000000d5580000,0x00000000d6580000)
  from space 1536K, 94% used [0x00000000d6580000,0x00000000d66e8fe0,0x00000000d6700000)
  to   space 2048K, 0% used [0x00000000d6780000,0x00000000d6780000,0x00000000d6980000)
 ParOldGen       total 68608K, used 48577K [0x0000000080000000, 0x0000000084300000, 0x00000000d5580000)
  object space 68608K, 70% used [0x0000000080000000,0x0000000082f706f0,0x0000000084300000)
 Metaspace       used 62554K, committed 63936K, reserved 1114112K
  class space    used 6546K, committed 7104K, reserved 1048576K
}
Event: 37.668 GC heap before
{Heap before GC invocations=45 (full 3):
 PSYoungGen      total 17920K, used 17827K [0x00000000d5580000, 0x00000000d6980000, 0x0000000100000000)
  eden space 16384K, 100% used [0x00000000d5580000,0x00000000d6580000,0x00000000d6580000)
  from space 1536K, 94% used [0x00000000d6580000,0x00000000d66e8fe0,0x00000000d6700000)
  to   space 2048K, 0% used [0x00000000d6780000,0x00000000d6780000,0x00000000d6980000)
 ParOldGen       total 68608K, used 48577K [0x0000000080000000, 0x0000000084300000, 0x00000000d5580000)
  object space 68608K, 70% used [0x0000000080000000,0x0000000082f706f0,0x0000000084300000)
 Metaspace       used 62658K, committed 64064K, reserved 1114112K
  class space    used 6551K, committed 7104K, reserved 1048576K
}
Event: 37.670 GC heap after
{Heap after GC invocations=45 (full 3):
 PSYoungGen      total 17408K, used 672K [0x00000000d5580000, 0x00000000d6880000, 0x0000000100000000)
  eden space 16384K, 0% used [0x00000000d5580000,0x00000000d5580000,0x00000000d6580000)
  from space 1024K, 65% used [0x00000000d6780000,0x00000000d6828000,0x00000000d6880000)
  to   space 1024K, 0% used [0x00000000d6680000,0x00000000d6680000,0x00000000d6780000)
 ParOldGen       total 68608K, used 49889K [0x0000000080000000, 0x0000000084300000, 0x00000000d5580000)
  object space 68608K, 72% used [0x0000000080000000,0x00000000830b8638,0x0000000084300000)
 Metaspace       used 62658K, committed 64064K, reserved 1114112K
  class space    used 6551K, committed 7104K, reserved 1048576K
}
Event: 38.638 GC heap before
{Heap before GC invocations=46 (full 3):
 PSYoungGen      total 17408K, used 17056K [0x00000000d5580000, 0x00000000d6880000, 0x0000000100000000)
  eden space 16384K, 100% used [0x00000000d5580000,0x00000000d6580000,0x00000000d6580000)
  from space 1024K, 65% used [0x00000000d6780000,0x00000000d6828000,0x00000000d6880000)
  to   space 1024K, 0% used [0x00000000d6680000,0x00000000d6680000,0x00000000d6780000)
 ParOldGen       total 68608K, used 49889K [0x0000000080000000, 0x0000000084300000, 0x00000000d5580000)
  object space 68608K, 72% used [0x0000000080000000,0x00000000830b8638,0x0000000084300000)
 Metaspace       used 63950K, committed 65408K, reserved 1114112K
  class space    used 6676K, committed 7296K, reserved 1048576K
}
Event: 38.645 GC heap after
{Heap after GC invocations=46 (full 3):
 PSYoungGen      total 17408K, used 999K [0x00000000d5580000, 0x00000000d6d80000, 0x0000000100000000)
  eden space 16384K, 0% used [0x00000000d5580000,0x00000000d5580000,0x00000000d6580000)
  from space 1024K, 97% used [0x00000000d6680000,0x00000000d6779c10,0x00000000d6780000)
  to   space 4096K, 0% used [0x00000000d6980000,0x00000000d6980000,0x00000000d6d80000)
 ParOldGen       total 68608K, used 52122K [0x0000000080000000, 0x0000000084300000, 0x00000000d5580000)
  object space 68608K, 75% used [0x0000000080000000,0x00000000832e6868,0x0000000084300000)
 Metaspace       used 63950K, committed 65408K, reserved 1114112K
  class space    used 6676K, committed 7296K, reserved 1048576K
}
Event: 39.505 GC heap before
{Heap before GC invocations=47 (full 3):
 PSYoungGen      total 17408K, used 17383K [0x00000000d5580000, 0x00000000d6d80000, 0x0000000100000000)
  eden space 16384K, 100% used [0x00000000d5580000,0x00000000d6580000,0x00000000d6580000)
  from space 1024K, 97% used [0x00000000d6680000,0x00000000d6779c10,0x00000000d6780000)
  to   space 4096K, 0% used [0x00000000d6980000,0x00000000d6980000,0x00000000d6d80000)
 ParOldGen       total 68608K, used 52122K [0x0000000080000000, 0x0000000084300000, 0x00000000d5580000)
  object space 68608K, 75% used [0x0000000080000000,0x00000000832e6868,0x0000000084300000)
 Metaspace       used 64837K, committed 66240K, reserved 1114112K
  class space    used 6751K, committed 7360K, reserved 1048576K
}
Event: 39.507 GC heap after
{Heap after GC invocations=47 (full 3):
 PSYoungGen      total 17408K, used 854K [0x00000000d5580000, 0x00000000d6a80000, 0x0000000100000000)
  eden space 16384K, 0% used [0x00000000d5580000,0x00000000d5580000,0x00000000d6580000)
  from space 1024K, 83% used [0x00000000d6980000,0x00000000d6a55818,0x00000000d6a80000)
  to   space 2048K, 0% used [0x00000000d6680000,0x00000000d6680000,0x00000000d6880000)
 ParOldGen       total 68608K, used 52823K [0x0000000080000000, 0x0000000084300000, 0x00000000d5580000)
  object space 68608K, 76% used [0x0000000080000000,0x0000000083395fe8,0x0000000084300000)
 Metaspace       used 64837K, committed 66240K, reserved 1114112K
  class space    used 6751K, committed 7360K, reserved 1048576K
}
Event: 40.162 GC heap before
{Heap before GC invocations=48 (full 3):
 PSYoungGen      total 17408K, used 17211K [0x00000000d5580000, 0x00000000d6a80000, 0x0000000100000000)
  eden space 16384K, 99% used [0x00000000d5580000,0x00000000d6579730,0x00000000d6580000)
  from space 1024K, 83% used [0x00000000d6980000,0x00000000d6a55818,0x00000000d6a80000)
  to   space 2048K, 0% used [0x00000000d6680000,0x00000000d6680000,0x00000000d6880000)
 ParOldGen       total 68608K, used 52823K [0x0000000080000000, 0x0000000084300000, 0x00000000d5580000)
  object space 68608K, 76% used [0x0000000080000000,0x0000000083395fe8,0x0000000084300000)
 Metaspace       used 65452K, committed 66816K, reserved 1114112K
  class space    used 6793K, committed 7360K, reserved 1048576K
}
Event: 40.165 GC heap after
{Heap after GC invocations=48 (full 3):
 PSYoungGen      total 18432K, used 163K [0x00000000d5580000, 0x00000000d6a00000, 0x0000000100000000)
  eden space 16384K, 0% used [0x00000000d5580000,0x00000000d5580000,0x00000000d6580000)
  from space 2048K, 7% used [0x00000000d6680000,0x00000000d66a8f00,0x00000000d6880000)
  to   space 1024K, 0% used [0x00000000d6900000,0x00000000d6900000,0x00000000d6a00000)
 ParOldGen       total 68608K, used 53616K [0x0000000080000000, 0x0000000084300000, 0x00000000d5580000)
  object space 68608K, 78% used [0x0000000080000000,0x000000008345c280,0x0000000084300000)
 Metaspace       used 65452K, committed 66816K, reserved 1114112K
  class space    used 6793K, committed 7360K, reserved 1048576K
}
Event: 41.374 GC heap before
{Heap before GC invocations=49 (full 3):
 PSYoungGen      total 18432K, used 16547K [0x00000000d5580000, 0x00000000d6a00000, 0x0000000100000000)
  eden space 16384K, 100% used [0x00000000d5580000,0x00000000d6580000,0x00000000d6580000)
  from space 2048K, 7% used [0x00000000d6680000,0x00000000d66a8f00,0x00000000d6880000)
  to   space 1024K, 0% used [0x00000000d6900000,0x00000000d6900000,0x00000000d6a00000)
 ParOldGen       total 68608K, used 53616K [0x0000000080000000, 0x0000000084300000, 0x00000000d5580000)
  object space 68608K, 78% used [0x0000000080000000,0x000000008345c280,0x0000000084300000)
 Metaspace       used 66992K, committed 68480K, reserved 1114112K
  class space    used 7002K, committed 7616K, reserved 1048576K
}
Event: 41.378 GC heap after
{Heap after GC invocations=49 (full 3):
 PSYoungGen      total 17408K, used 853K [0x00000000d5580000, 0x00000000d6a00000, 0x0000000100000000)
  eden space 16384K, 0% used [0x00000000d5580000,0x00000000d5580000,0x00000000d6580000)
  from space 1024K, 83% used [0x00000000d6900000,0x00000000d69d5580,0x00000000d6a00000)
  to   space 1024K, 0% used [0x00000000d6800000,0x00000000d6800000,0x00000000d6900000)
 ParOldGen       total 68608K, used 53656K [0x0000000080000000, 0x0000000084300000, 0x00000000d5580000)
  object space 68608K, 78% used [0x0000000080000000,0x0000000083466280,0x0000000084300000)
 Metaspace       used 66992K, committed 68480K, reserved 1114112K
  class space    used 7002K, committed 7616K, reserved 1048576K
}
Event: 331.822 GC heap before
{Heap before GC invocations=50 (full 3):
 PSYoungGen      total 17408K, used 17237K [0x00000000d5580000, 0x00000000d6a00000, 0x0000000100000000)
  eden space 16384K, 100% used [0x00000000d5580000,0x00000000d6580000,0x00000000d6580000)
  from space 1024K, 83% used [0x00000000d6900000,0x00000000d69d5580,0x00000000d6a00000)
  to   space 1024K, 0% used [0x00000000d6800000,0x00000000d6800000,0x00000000d6900000)
 ParOldGen       total 68608K, used 53656K [0x0000000080000000, 0x0000000084300000, 0x00000000d5580000)
  object space 68608K, 78% used [0x0000000080000000,0x0000000083466280,0x0000000084300000)
 Metaspace       used 67549K, committed 69056K, reserved 1114112K
  class space    used 7043K, committed 7680K, reserved 1048576K
}
Event: 332.001 GC heap after
{Heap after GC invocations=50 (full 3):
 PSYoungGen      total 17408K, used 213K [0x00000000d5580000, 0x00000000d6980000, 0x0000000100000000)
  eden space 16384K, 0% used [0x00000000d5580000,0x00000000d5580000,0x00000000d6580000)
  from space 1024K, 20% used [0x00000000d6800000,0x00000000d6835580,0x00000000d6900000)
  to   space 512K, 0% used [0x00000000d6900000,0x00000000d6900000,0x00000000d6980000)
 ParOldGen       total 68608K, used 54296K [0x0000000080000000, 0x0000000084300000, 0x00000000d5580000)
  object space 68608K, 79% used [0x0000000080000000,0x0000000083506280,0x0000000084300000)
 Metaspace       used 67549K, committed 69056K, reserved 1114112K
  class space    used 7043K, committed 7680K, reserved 1048576K
}

Dll operation events (10 events):
Event: 0.021 Loaded shared library c:\Users\roger\.vscode\extensions\redhat.java-1.53.0-win32-x64\jre\21.0.10-win32-x86_64\bin\java.dll
Event: 0.227 Loaded shared library c:\Users\roger\.vscode\extensions\redhat.java-1.53.0-win32-x64\jre\21.0.10-win32-x86_64\bin\zip.dll
Event: 0.263 Loaded shared library C:\Users\roger\.vscode\extensions\redhat.java-1.53.0-win32-x64\jre\21.0.10-win32-x86_64\bin\instrument.dll
Event: 0.279 Loaded shared library C:\Users\roger\.vscode\extensions\redhat.java-1.53.0-win32-x64\jre\21.0.10-win32-x86_64\bin\net.dll
Event: 0.283 Loaded shared library C:\Users\roger\.vscode\extensions\redhat.java-1.53.0-win32-x64\jre\21.0.10-win32-x86_64\bin\nio.dll
Event: 0.296 Loaded shared library C:\Users\roger\.vscode\extensions\redhat.java-1.53.0-win32-x64\jre\21.0.10-win32-x86_64\bin\zip.dll
Event: 0.355 Loaded shared library C:\Users\roger\.vscode\extensions\redhat.java-1.53.0-win32-x64\jre\21.0.10-win32-x86_64\bin\jimage.dll
Event: 0.745 Loaded shared library c:\Users\roger\.vscode\extensions\redhat.java-1.53.0-win32-x64\jre\21.0.10-win32-x86_64\bin\verify.dll
Event: 4.376 Loaded shared library C:\Users\roger\AppData\Roaming\Code\User\globalStorage\redhat.java\1.53.0\config_win\org.eclipse.equinox.launcher\org.eclipse.equinox.launcher.win32.win32.x86_64_1.3.0.v20260203-2149\eclipse_11919.dll
Event: 10.594 Loaded shared library C:\Users\roger\AppData\Local\Temp\jna-108690423\jna5430683025742032455.dll

Deoptimization events (20 events):
Event: 331.626 Thread 0x0000013ce33c72c0 Uncommon trap: trap_request=0xffffffde fr.pc=0x0000013c8de94f6c relative=0x00000000000003ac
Event: 331.626 Thread 0x0000013ce33c72c0 Uncommon trap: reason=class_check action=maybe_recompile pc=0x0000013c8de94f6c method=java.io.DataOutputStream.writeInt(I)V @ 19 c2
Event: 331.626 Thread 0x0000013ce33c72c0 DEOPT PACKING pc=0x0000013c8de94f6c sp=0x0000002e8cbfec30
Event: 331.626 Thread 0x0000013ce33c72c0 DEOPT UNPACKING pc=0x0000013c8d796da2 sp=0x0000002e8cbfebd8 mode 2
Event: 331.635 Thread 0x0000013ce33c72c0 Uncommon trap: trap_request=0xffffffde fr.pc=0x0000013c8de94f6c relative=0x00000000000003ac
Event: 331.635 Thread 0x0000013ce33c72c0 Uncommon trap: reason=class_check action=maybe_recompile pc=0x0000013c8de94f6c method=java.io.DataOutputStream.writeInt(I)V @ 19 c2
Event: 331.635 Thread 0x0000013ce33c72c0 DEOPT PACKING pc=0x0000013c8de94f6c sp=0x0000002e8cbfe900
Event: 331.635 Thread 0x0000013ce33c72c0 DEOPT UNPACKING pc=0x0000013c8d796da2 sp=0x0000002e8cbfe8a8 mode 2
Event: 331.635 Thread 0x0000013ce33c72c0 Uncommon trap: trap_request=0xffffffde fr.pc=0x0000013c8de94f6c relative=0x00000000000003ac
Event: 331.635 Thread 0x0000013ce33c72c0 Uncommon trap: reason=class_check action=maybe_recompile pc=0x0000013c8de94f6c method=java.io.DataOutputStream.writeInt(I)V @ 19 c2
Event: 331.635 Thread 0x0000013ce33c72c0 DEOPT PACKING pc=0x0000013c8de94f6c sp=0x0000002e8cbfe8a0
Event: 331.635 Thread 0x0000013ce33c72c0 DEOPT UNPACKING pc=0x0000013c8d796da2 sp=0x0000002e8cbfe848 mode 2
Event: 331.673 Thread 0x0000013ce33c72c0 Uncommon trap: trap_request=0xffffff45 fr.pc=0x0000013c8dea044c relative=0x00000000000001ac
Event: 331.681 Thread 0x0000013ce33c72c0 Uncommon trap: reason=unstable_if action=reinterpret pc=0x0000013c8dea044c method=jdk.internal.org.objectweb.asm.Frame.push(I)V @ 26 c2
Event: 331.681 Thread 0x0000013ce33c72c0 DEOPT PACKING pc=0x0000013c8dea044c sp=0x0000002e8cbfd2b0
Event: 331.681 Thread 0x0000013ce33c72c0 DEOPT UNPACKING pc=0x0000013c8d796da2 sp=0x0000002e8cbfd238 mode 2
Event: 332.090 Thread 0x0000013ce33c72c0 Uncommon trap: trap_request=0xffffffc6 fr.pc=0x0000013c8e2dfe90 relative=0x0000000000003250
Event: 332.090 Thread 0x0000013ce33c72c0 Uncommon trap: reason=bimorphic_or_optimized_type_check action=maybe_recompile pc=0x0000013c8e2dfe90 method=java.util.Properties.load0(Ljava/util/Properties$LineReader;)V @ 241 c2
Event: 332.091 Thread 0x0000013ce33c72c0 DEOPT PACKING pc=0x0000013c8e2dfe90 sp=0x0000002e8cbfeb80
Event: 332.091 Thread 0x0000013ce33c72c0 DEOPT UNPACKING pc=0x0000013c8d796da2 sp=0x0000002e8cbfeb90 mode 2

Classes loaded (20 events):
Event: 331.179 Loading class java/util/stream/Nodes$CollectorTask$OfRef
Event: 331.190 Loading class java/util/stream/Nodes$CollectorTask
Event: 331.223 Loading class java/util/stream/Nodes$CollectorTask done
Event: 331.223 Loading class java/util/stream/Nodes$CollectorTask$OfRef done
Event: 331.255 Loading class java/util/function/LongFunction
Event: 331.258 Loading class java/util/function/LongFunction done
Event: 331.269 Loading class java/util/stream/Nodes$ConcNode
Event: 331.273 Loading class java/util/stream/Nodes$AbstractConcNode
Event: 331.280 Loading class java/util/stream/Nodes$AbstractConcNode done
Event: 331.280 Loading class java/util/stream/Nodes$ConcNode done
Event: 331.523 Loading class java/util/stream/Nodes$ToArrayTask$OfRef
Event: 331.525 Loading class java/util/stream/Nodes$ToArrayTask
Event: 331.530 Loading class java/util/stream/Nodes$ToArrayTask done
Event: 331.530 Loading class java/util/stream/Nodes$ToArrayTask$OfRef done
Event: 331.572 Loading class java/io/ObjectOutputStream$BlockDataOutputStream
Event: 331.575 Loading class java/io/ObjectOutputStream$BlockDataOutputStream done
Event: 331.575 Loading class java/io/ObjectOutputStream$HandleTable
Event: 331.579 Loading class java/io/ObjectOutputStream$HandleTable done
Event: 331.579 Loading class java/io/ObjectOutputStream$ReplaceTable
Event: 331.580 Loading class java/io/ObjectOutputStream$ReplaceTable done

Classes unloaded (7 events):
Event: 13.642 Thread 0x0000013c830ae790 Unloading class 0x0000013c9b1a9800 'java/lang/invoke/LambdaForm$MH+0x0000013c9b1a9800'
Event: 13.642 Thread 0x0000013c830ae790 Unloading class 0x0000013c9b1a9400 'java/lang/invoke/LambdaForm$MH+0x0000013c9b1a9400'
Event: 13.642 Thread 0x0000013c830ae790 Unloading class 0x0000013c9b1a9000 'java/lang/invoke/LambdaForm$MH+0x0000013c9b1a9000'
Event: 13.642 Thread 0x0000013c830ae790 Unloading class 0x0000013c9b1a8c00 'java/lang/invoke/LambdaForm$MH+0x0000013c9b1a8c00'
Event: 13.642 Thread 0x0000013c830ae790 Unloading class 0x0000013c9b1a8800 'java/lang/invoke/LambdaForm$BMH+0x0000013c9b1a8800'
Event: 13.642 Thread 0x0000013c830ae790 Unloading class 0x0000013c9b1a8400 'java/lang/invoke/LambdaForm$DMH+0x0000013c9b1a8400'
Event: 13.642 Thread 0x0000013c830ae790 Unloading class 0x0000013c9b1a3000 'java/lang/invoke/LambdaForm$DMH+0x0000013c9b1a3000'

Classes redefined (0 events):
No events

Internal exceptions (20 events):
Event: 38.237 Thread 0x0000013ce122d7c0 Exception <a 'sun/nio/fs/WindowsException'{0x00000000d5cd1b68}> (0x00000000d5cd1b68) 
thrown [s\src\hotspot\share\prims\jni.cpp, line 520]
Event: 38.237 Thread 0x0000013ce122d7c0 Exception <a 'sun/nio/fs/WindowsException'{0x00000000d5cd2448}> (0x00000000d5cd2448) 
thrown [s\src\hotspot\share\prims\jni.cpp, line 520]
Event: 38.237 Thread 0x0000013ce122d7c0 Exception <a 'sun/nio/fs/WindowsException'{0x00000000d5d09958}> (0x00000000d5d09958) 
thrown [s\src\hotspot\share\prims\jni.cpp, line 520]
Event: 38.237 Thread 0x0000013ce122d7c0 Exception <a 'sun/nio/fs/WindowsException'{0x00000000d5d09f88}> (0x00000000d5d09f88) 
thrown [s\src\hotspot\share\prims\jni.cpp, line 520]
Event: 38.484 Thread 0x0000013ce0e44700 Exception <a 'sun/nio/fs/WindowsException'{0x00000000d600d708}> (0x00000000d600d708) 
thrown [s\src\hotspot\share\prims\jni.cpp, line 520]
Event: 38.484 Thread 0x0000013ce0e44700 Exception <a 'sun/nio/fs/WindowsException'{0x00000000d6017950}> (0x00000000d6017950) 
thrown [s\src\hotspot\share\prims\jni.cpp, line 520]
Event: 38.486 Thread 0x0000013ce0e44700 Exception <a 'sun/nio/fs/WindowsException'{0x00000000d60185b8}> (0x00000000d60185b8) 
thrown [s\src\hotspot\share\prims\jni.cpp, line 520]
Event: 38.486 Thread 0x0000013ce0e44700 Exception <a 'sun/nio/fs/WindowsException'{0x00000000d6018e38}> (0x00000000d6018e38) 
thrown [s\src\hotspot\share\prims\jni.cpp, line 520]
Event: 38.493 Thread 0x0000013ce0e44700 Exception <a 'sun/nio/fs/WindowsException'{0x00000000d604f8d8}> (0x00000000d604f8d8) 
thrown [s\src\hotspot\share\prims\jni.cpp, line 520]
Event: 38.493 Thread 0x0000013ce0e44700 Exception <a 'sun/nio/fs/WindowsException'{0x00000000d6059aa0}> (0x00000000d6059aa0) 
thrown [s\src\hotspot\share\prims\jni.cpp, line 520]
Event: 38.494 Thread 0x0000013ce0e44700 Exception <a 'sun/nio/fs/WindowsException'{0x00000000d605a6e0}> (0x00000000d605a6e0) 
thrown [s\src\hotspot\share\prims\jni.cpp, line 520]
Event: 38.494 Thread 0x0000013ce0e44700 Exception <a 'sun/nio/fs/WindowsException'{0x00000000d605af80}> (0x00000000d605af80) 
thrown [s\src\hotspot\share\prims\jni.cpp, line 520]
Event: 38.890 Thread 0x0000013ce122d7c0 Exception <a 'java/lang/NoSuchMethodError'{0x00000000d5ad34b8}: 'java.lang.Object java.lang.invoke.DirectMethodHandle$Holder.invokeStaticInit(java.lang.Object, java.lang.Object, java.lang.Object)'> (0x00000000d5ad34b8) 
thrown [s\src\hotspot\share\interpreter\linkResolver.cpp, line 773]
Event: 39.004 Thread 0x0000013ce0e44700 Exception <a 'java/lang/NoSuchMethodError'{0x00000000d5d6fee8}: 'java.lang.Object java.lang.invoke.DirectMethodHandle$Holder.invokeStatic(java.lang.Object, java.lang.Object, int, java.lang.Object)'> (0x00000000d5d6fee8) 
thrown [s\src\hotspot\share\interpreter\linkResolver.cpp, line 773]
Event: 39.015 Thread 0x0000013ce0e44700 Exception <a 'java/lang/NoSuchMethodError'{0x00000000d5d76a68}: 'java.lang.Object java.lang.invoke.DirectMethodHandle$Holder.newInvokeSpecial(java.lang.Object, java.lang.Object, int)'> (0x00000000d5d76a68) 
thrown [s\src\hotspot\share\interpreter\linkResolver.cpp, line 773]
Event: 39.386 Thread 0x0000013ce33c7fe0 Implicit null exception at 0x0000013c8e3a0081 to 0x0000013c8e3a00ee
Event: 40.880 Thread 0x0000013ce33c7fe0 Exception <a 'java/lang/NoSuchMethodError'{0x00000000d5dfb690}: 'void java.lang.invoke.DirectMethodHandle$Holder.invokeSpecial(java.lang.Object, java.lang.Object, int)'> (0x00000000d5dfb690) 
thrown [s\src\hotspot\share\interpreter\linkResolver.cpp, line 773]
Event: 41.164 Thread 0x0000013ce33c7fe0 Exception <a 'java/lang/NoSuchMethodError'{0x00000000d60fea78}: 'int java.lang.invoke.DirectMethodHandle$Holder.invokeVirtual(java.lang.Object, java.lang.Object, java.lang.Object, int)'> (0x00000000d60fea78) 
thrown [s\src\hotspot\share\interpreter\linkResolver.cpp, line 773]
Event: 41.963 Thread 0x0000013ce122de50 Exception <a 'java/lang/IncompatibleClassChangeError'{0x00000000d6366948}: Found class java.lang.Object, but interface was expected> (0x00000000d6366948) 
thrown [s\src\hotspot\share\interpreter\linkResolver.cpp, line 840]
Event: 331.741 Thread 0x0000013ce33c72c0 Exception <a 'java/lang/NoSuchMethodError'{0x00000000d656bde0}: 'java.lang.Object java.lang.invoke.DirectMethodHandle$Holder.newInvokeSpecial(java.lang.Object, java.lang.Object, java.lang.Object, java.lang.Object, java.lang.Object, java.lang.Object, java.lang.Object, java.lang.Object)'> (0x00000000d656bde0) 
thrown [s\src\hotspot\share\interpreter\linkResolver.cpp, line 773]

ZGC Phase Switch (0 events):
No events

VM Operations (20 events):
Event: 120.276 Executing non-safepoint VM operation: HandshakeAllThreads (HandshakeForDeflation)
Event: 120.276 Executing non-safepoint VM operation: HandshakeAllThreads (HandshakeForDeflation) done
Event: 120.276 Executing non-safepoint VM operation: RendezvousGCThreads
Event: 120.276 Executing non-safepoint VM operation: RendezvousGCThreads done
Event: 331.721 Executing safepoint VM operation: Cleanup
Event: 331.722 Executing safepoint VM operation: Cleanup done
Event: 331.822 Executing safepoint VM operation: ParallelGCFailedAllocation (Allocation Failure)
Event: 332.001 Executing safepoint VM operation: ParallelGCFailedAllocation (Allocation Failure) done
Event: 333.005 Executing safepoint VM operation: Cleanup
Event: 333.005 Executing safepoint VM operation: Cleanup done
Event: 336.040 Executing safepoint VM operation: Cleanup
Event: 336.040 Executing safepoint VM operation: Cleanup done
Event: 340.072 Executing safepoint VM operation: Cleanup
Event: 340.072 Executing safepoint VM operation: Cleanup done
Event: 360.830 Executing non-safepoint VM operation: HandshakeAllThreads (HandshakeForDeflation)
Event: 360.830 Executing non-safepoint VM operation: HandshakeAllThreads (HandshakeForDeflation) done
Event: 360.830 Executing non-safepoint VM operation: RendezvousGCThreads
Event: 360.830 Executing non-safepoint VM operation: RendezvousGCThreads done
Event: 365.888 Executing safepoint VM operation: Cleanup
Event: 365.888 Executing safepoint VM operation: Cleanup done

Memory protections (0 events):
No events

Nmethod flushes (20 events):
Event: 33.840 Thread 0x0000013c830ae790 flushing  nmethod 0x0000013c86aeda90
Event: 33.840 Thread 0x0000013c830ae790 flushing  nmethod 0x0000013c86aef210
Event: 33.840 Thread 0x0000013c830ae790 flushing  nmethod 0x0000013c86b09490
Event: 33.840 Thread 0x0000013c830ae790 flushing  nmethod 0x0000013c86b0f710
Event: 33.840 Thread 0x0000013c830ae790 flushing  nmethod 0x0000013c86b25610
Event: 33.840 Thread 0x0000013c830ae790 flushing  nmethod 0x0000013c86b40b90
Event: 33.840 Thread 0x0000013c830ae790 flushing  nmethod 0x0000013c86b55290
Event: 33.840 Thread 0x0000013c830ae790 flushing  nmethod 0x0000013c86b71e90
Event: 33.840 Thread 0x0000013c830ae790 flushing  nmethod 0x0000013c86b92a90
Event: 33.840 Thread 0x0000013c830ae790 flushing  nmethod 0x0000013c86b95f90
Event: 33.840 Thread 0x0000013c830ae790 flushing  nmethod 0x0000013c86b96310
Event: 33.840 Thread 0x0000013c830ae790 flushing  nmethod 0x0000013c86b97810
Event: 33.840 Thread 0x0000013c830ae790 flushing  nmethod 0x0000013c86b97b90
Event: 33.840 Thread 0x0000013c830ae790 flushing  nmethod 0x0000013c86bcc310
Event: 33.840 Thread 0x0000013c830ae790 flushing  nmethod 0x0000013c86bcd290
Event: 33.840 Thread 0x0000013c830ae790 flushing  nmethod 0x0000013c86bcd990
Event: 33.840 Thread 0x0000013c830ae790 flushing  nmethod 0x0000013c86bcdf90
Event: 33.840 Thread 0x0000013c830ae790 flushing  nmethod 0x0000013c86bce810
Event: 33.840 Thread 0x0000013c830ae790 flushing  nmethod 0x0000013c86bd0610
Event: 33.840 Thread 0x0000013c830ae790 flushing  nmethod 0x0000013c86bd9e10

Events (20 events):
Event: 98.142 Thread 0x0000013ce1233a30 Thread exited: 0x0000013ce1233a30
Event: 98.830 Thread 0x0000013ce0e474f0 Thread exited: 0x0000013ce0e474f0
Event: 99.826 Thread 0x0000013ce0e467d0 Thread exited: 0x0000013ce0e467d0
Event: 99.826 Thread 0x0000013ce0e45ab0 Thread exited: 0x0000013ce0e45ab0
Event: 99.826 Thread 0x0000013ce0e44700 Thread exited: 0x0000013ce0e44700
Event: 102.003 Thread 0x0000013ce33c7fe0 Thread exited: 0x0000013ce33c7fe0
Event: 162.015 Thread 0x0000013ce122d7c0 Thread exited: 0x0000013ce122d7c0
Event: 222.029 Thread 0x0000013ce12312d0 Thread exited: 0x0000013ce12312d0
Event: 331.096 Thread 0x0000013ce33c72c0 Thread added: 0x0000013ce33c7fe0
Event: 331.300 Thread 0x0000013ce33c7fe0 Thread exited: 0x0000013ce33c7fe0
Event: 331.504 Thread 0x0000013ce33c72c0 Thread added: 0x0000013ce33c7fe0
Event: 331.521 Thread 0x0000013ce33c7fe0 Thread added: 0x0000013ce33c65a0
Event: 331.531 Thread 0x0000013ce33c65a0 Thread exited: 0x0000013ce33c65a0
Event: 331.531 Thread 0x0000013ce33c7fe0 Thread exited: 0x0000013ce33c7fe0
Event: 332.249 Thread 0x0000013ce33c72c0 Thread added: 0x0000013ce33c9a20
Event: 332.345 Thread 0x0000013ce0e45420 Thread exited: 0x0000013ce0e45420
Event: 335.157 Thread 0x0000013ce1232d10 Thread exited: 0x0000013ce1232d10
Event: 335.159 Thread 0x0000013ce12340c0 Thread exited: 0x0000013ce12340c0
Event: 338.130 Thread 0x0000013ce33c7950 Thread exited: 0x0000013ce33c7950
Event: 338.140 Thread 0x0000013ce33c8d00 Thread exited: 0x0000013ce33c8d00


Dynamic libraries:
0x00007ff6f74d0000 - 0x00007ff6f74de000 	c:\Users\roger\.vscode\extensions\redhat.java-1.53.0-win32-x64\jre\21.0.10-win32-x86_64\bin\java.exe
0x00007ff9c8560000 - 0x00007ff9c87c7000 	C:\WINDOWS\SYSTEM32\ntdll.dll
0x00007ff9c72f0000 - 0x00007ff9c73b9000 	C:\WINDOWS\System32\KERNEL32.DLL
0x00007ff9c5f00000 - 0x00007ff9c62f1000 	C:\WINDOWS\System32\KERNELBASE.dll
0x00007ff9c5d80000 - 0x00007ff9c5ecb000 	C:\WINDOWS\System32\ucrtbase.dll
0x00007ff9c00e0000 - 0x00007ff9c00f8000 	c:\Users\roger\.vscode\extensions\redhat.java-1.53.0-win32-x64\jre\21.0.10-win32-x86_64\bin\jli.dll
0x00007ff9c64e0000 - 0x00007ff9c66a5000 	C:\WINDOWS\System32\USER32.dll
0x00007ff9c5ed0000 - 0x00007ff9c5ef7000 	C:\WINDOWS\System32\win32u.dll
0x00007ff9c7d40000 - 0x00007ff9c7d6b000 	C:\WINDOWS\System32\GDI32.dll
0x00007ff9c4e40000 - 0x00007ff9c4f6b000 	C:\WINDOWS\System32\gdi32full.dll
0x00007ff9c4f70000 - 0x00007ff9c5013000 	C:\WINDOWS\System32\msvcp_win.dll
0x00007ff958550000 - 0x00007ff95856e000 	c:\Users\roger\.vscode\extensions\redhat.java-1.53.0-win32-x64\jre\21.0.10-win32-x86_64\bin\VCRUNTIME140.dll
0x00007ff9b2130000 - 0x00007ff9b23c3000 	C:\WINDOWS\WinSxS\amd64_microsoft.windows.common-controls_6595b64144ccf1df_6.0.26100.8037_none_3e092faae333b53b\COMCTL32.dll
0x00007ff9c7460000 - 0x00007ff9c7509000 	C:\WINDOWS\System32\msvcrt.dll
0x00007ff9c71b0000 - 0x00007ff9c71e1000 	C:\WINDOWS\System32\IMM32.DLL
0x00007ff998880000 - 0x00007ff99888c000 	c:\Users\roger\.vscode\extensions\redhat.java-1.53.0-win32-x64\jre\21.0.10-win32-x86_64\bin\vcruntime140_1.dll
0x00007ff935020000 - 0x00007ff9350ad000 	c:\Users\roger\.vscode\extensions\redhat.java-1.53.0-win32-x64\jre\21.0.10-win32-x86_64\bin\msvcp140.dll
0x00007ff934270000 - 0x00007ff935011000 	c:\Users\roger\.vscode\extensions\redhat.java-1.53.0-win32-x64\jre\21.0.10-win32-x86_64\bin\server\jvm.dll
0x00007ff9c7e40000 - 0x00007ff9c7efb000 	C:\WINDOWS\System32\ADVAPI32.dll
0x00007ff9c66b0000 - 0x00007ff9c6757000 	C:\WINDOWS\System32\sechost.dll
0x00007ff9c81e0000 - 0x00007ff9c82f8000 	C:\WINDOWS\System32\RPCRT4.dll
0x00007ff9c8300000 - 0x00007ff9c8374000 	C:\WINDOWS\System32\WS2_32.dll
0x00007ff9c4cc0000 - 0x00007ff9c4d1e000 	C:\WINDOWS\SYSTEM32\POWRPROF.dll
0x00007ff9b8180000 - 0x00007ff9b81b5000 	C:\WINDOWS\SYSTEM32\WINMM.dll
0x00007ff9b8770000 - 0x00007ff9b877b000 	C:\WINDOWS\SYSTEM32\VERSION.dll
0x00007ff9c4ca0000 - 0x00007ff9c4cb4000 	C:\WINDOWS\SYSTEM32\UMPDC.dll
0x00007ff9c3bb0000 - 0x00007ff9c3bcb000 	C:\WINDOWS\SYSTEM32\kernel.appcore.dll
0x00007ff9974d0000 - 0x00007ff9974da000 	c:\Users\roger\.vscode\extensions\redhat.java-1.53.0-win32-x64\jre\21.0.10-win32-x86_64\bin\jimage.dll
0x00007ff9c2c70000 - 0x00007ff9c2eb2000 	C:\WINDOWS\SYSTEM32\DBGHELP.DLL
0x00007ff9c6e10000 - 0x00007ff9c7192000 	C:\WINDOWS\System32\combase.dll
0x00007ff9c7f00000 - 0x00007ff9c7fd7000 	C:\WINDOWS\System32\OLEAUT32.dll
0x00007ff9a8ba0000 - 0x00007ff9a8bdb000 	C:\WINDOWS\SYSTEM32\dbgcore.DLL
0x00007ff9c5ac0000 - 0x00007ff9c5b65000 	C:\WINDOWS\System32\bcryptPrimitives.dll
0x00007ff996ce0000 - 0x00007ff996cef000 	c:\Users\roger\.vscode\extensions\redhat.java-1.53.0-win32-x64\jre\21.0.10-win32-x86_64\bin\instrument.dll
0x00007ff958380000 - 0x00007ff9583a0000 	c:\Users\roger\.vscode\extensions\redhat.java-1.53.0-win32-x64\jre\21.0.10-win32-x86_64\bin\java.dll
0x00007ff9c7510000 - 0x00007ff9c7c6f000 	C:\WINDOWS\System32\SHELL32.dll
0x00007ff9c50e0000 - 0x00007ff9c524a000 	C:\WINDOWS\System32\wintypes.dll
0x00007ff9c5250000 - 0x00007ff9c5ab4000 	C:\WINDOWS\System32\windows.storage.dll
0x00007ff9c7fe0000 - 0x00007ff9c80d7000 	C:\WINDOWS\System32\SHCORE.dll
0x00007ff9c7d70000 - 0x00007ff9c7dd7000 	C:\WINDOWS\System32\shlwapi.dll
0x00007ff9c4d60000 - 0x00007ff9c4d89000 	C:\WINDOWS\SYSTEM32\profapi.dll
0x00007ff956890000 - 0x00007ff9568a8000 	c:\Users\roger\.vscode\extensions\redhat.java-1.53.0-win32-x64\jre\21.0.10-win32-x86_64\bin\zip.dll
0x00007ff95f750000 - 0x00007ff95f760000 	C:\Users\roger\.vscode\extensions\redhat.java-1.53.0-win32-x64\jre\21.0.10-win32-x86_64\bin\net.dll
0x00007ff9b8520000 - 0x00007ff9b8647000 	C:\WINDOWS\SYSTEM32\WINHTTP.dll
0x00007ff9c4140000 - 0x00007ff9c41ab000 	C:\WINDOWS\system32\mswsock.dll
0x00007ff956710000 - 0x00007ff956726000 	C:\Users\roger\.vscode\extensions\redhat.java-1.53.0-win32-x64\jre\21.0.10-win32-x86_64\bin\nio.dll
0x00007ff95ee00000 - 0x00007ff95ee10000 	c:\Users\roger\.vscode\extensions\redhat.java-1.53.0-win32-x64\jre\21.0.10-win32-x86_64\bin\verify.dll
0x00007ff936aa0000 - 0x00007ff936ae5000 	C:\Users\roger\AppData\Roaming\Code\User\globalStorage\redhat.java\1.53.0\config_win\org.eclipse.equinox.launcher\org.eclipse.equinox.launcher.win32.win32.x86_64_1.3.0.v20260203-2149\eclipse_11919.dll
0x00007ff9c8380000 - 0x00007ff9c8515000 	C:\WINDOWS\System32\ole32.dll
0x00007ff9c4420000 - 0x00007ff9c443b000 	C:\WINDOWS\SYSTEM32\CRYPTSP.dll
0x00007ff9c3b10000 - 0x00007ff9c3b49000 	C:\WINDOWS\system32\rsaenh.dll
0x00007ff9c41f0000 - 0x00007ff9c4222000 	C:\WINDOWS\SYSTEM32\USERENV.dll
0x00007ff9c4d30000 - 0x00007ff9c4d5a000 	C:\WINDOWS\SYSTEM32\bcrypt.dll
0x00007ff9c4440000 - 0x00007ff9c444c000 	C:\WINDOWS\SYSTEM32\CRYPTBASE.dll
0x00007ff9c3620000 - 0x00007ff9c3653000 	C:\WINDOWS\SYSTEM32\IPHLPAPI.DLL
0x00007ff9c7de0000 - 0x00007ff9c7dea000 	C:\WINDOWS\System32\NSI.dll
0x00007ff982460000 - 0x00007ff9824a9000 	C:\Users\roger\AppData\Local\Temp\jna-108690423\jna5430683025742032455.dll
0x00007ff9c73c0000 - 0x00007ff9c73c8000 	C:\WINDOWS\System32\PSAPI.DLL
0x00007ff9b8360000 - 0x00007ff9b837d000 	C:\WINDOWS\SYSTEM32\dhcpcsvc6.DLL
0x00007ff9b8310000 - 0x00007ff9b8333000 	C:\WINDOWS\SYSTEM32\dhcpcsvc.DLL
0x00007ff9c3cf0000 - 0x00007ff9c3d26000 	C:\WINDOWS\SYSTEM32\ntmarta.dll

JVMTI agents:
c:\Users\roger\.vscode\extensions\redhat.java-1.53.0-win32-x64\lombok\lombok-1.18.39-4050.jar path:c:\Users\roger\.vscode\extensions\redhat.java-1.53.0-win32-x64\jre\21.0.10-win32-x86_64\bin\instrument.dll, loaded, initialized, instrumentlib options:none

dbghelp: loaded successfully - version: 4.0.5 - missing functions: none
symbol engine: initialized successfully - sym options: 0x614 - pdb path: .;c:\Users\roger\.vscode\extensions\redhat.java-1.53.0-win32-x64\jre\21.0.10-win32-x86_64\bin;C:\WINDOWS\SYSTEM32;C:\WINDOWS\WinSxS\amd64_microsoft.windows.common-controls_6595b64144ccf1df_6.0.26100.8037_none_3e092faae333b53b;c:\Users\roger\.vscode\extensions\redhat.java-1.53.0-win32-x64\jre\21.0.10-win32-x86_64\bin\server;C:\Users\roger\AppData\Roaming\Code\User\globalStorage\redhat.java\1.53.0\config_win\org.eclipse.equinox.launcher\org.eclipse.equinox.launcher.win32.win32.x86_64_1.3.0.v20260203-2149;C:\Users\roger\AppData\Local\Temp\jna-108690423

VM Arguments:
jvm_args: --add-modules=ALL-SYSTEM --add-opens=java.base/java.util=ALL-UNNAMED --add-opens=java.base/java.lang=ALL-UNNAMED --add-opens=java.base/sun.nio.fs=ALL-UNNAMED -Declipse.application=org.eclipse.jdt.ls.core.id1 -Dosgi.bundles.defaultStartLevel=4 -Declipse.product=org.eclipse.jdt.ls.core.product -Djava.import.generatesMetadataFilesAtProjectRoot=false -DDetectVMInstallationsJob.disabled=true -Dfile.encoding=utf8 -XX:+UseParallelGC -XX:GCTimeRatio=4 -XX:AdaptiveSizePolicyWeight=90 -Dsun.zip.disableMemoryMapping=true -Xmx2G -Xms100m -Xlog:disable -javaagent:c:\Users\roger\.vscode\extensions\redhat.java-1.53.0-win32-x64\lombok\lombok-1.18.39-4050.jar -XX:+HeapDumpOnOutOfMemoryError -XX:HeapDumpPath=c:\Users\roger\AppData\Roaming\Code\User\workspaceStorage\8e6ae2af2d4dfc56c9bbe3d6a389f982\redhat.java -Daether.dependencyCollector.impl=bf 
java_command: c:\Users\roger\.vscode\extensions\redhat.java-1.53.0-win32-x64\server\plugins\org.eclipse.equinox.launcher_1.7.100.v20251111-0406.jar -configuration c:\Users\roger\AppData\Roaming\Code\User\globalStorage\redhat.java\1.53.0\config_win -data c:\Users\roger\AppData\Roaming\Code\User\workspaceStorage\8e6ae2af2d4dfc56c9bbe3d6a389f982\redhat.java\jdt_ws --pipe=\\.\pipe\lsp-d6a3d9db63887dc9b1f5fe0c808344c9-sock
java_class_path (initial): c:\Users\roger\.vscode\extensions\redhat.java-1.53.0-win32-x64\server\plugins\org.eclipse.equinox.launcher_1.7.100.v20251111-0406.jar
Launcher Type: SUN_STANDARD

[Global flags]
    uintx AdaptiveSizePolicyWeight                 = 90                                        {product} {command line}
     intx CICompilerCount                          = 3                                         {product} {ergonomic}
    uintx GCTimeRatio                              = 4                                         {product} {command line}
     bool HeapDumpOnOutOfMemoryError               = true                                   {manageable} {command line}
    ccstr HeapDumpPath                             = c:\Users\roger\AppData\Roaming\Code\User\workspaceStorage\8e6ae2af2d4dfc56c9bbe3d6a389f982\redhat.java         {manageable} {command line}
   size_t InitialHeapSize                          = 104857600                                 {product} {command line}
   size_t MaxHeapSize                              = 2147483648                                {product} {command line}
   size_t MaxNewSize                               = 715653120                                 {product} {ergonomic}
   size_t MinHeapDeltaBytes                        = 524288                                    {product} {ergonomic}
   size_t MinHeapSize                              = 104857600                                 {product} {command line}
   size_t NewSize                                  = 34603008                                  {product} {ergonomic}
    uintx NonNMethodCodeHeapSize                   = 5832780                                {pd product} {ergonomic}
    uintx NonProfiledCodeHeapSize                  = 122912730                              {pd product} {ergonomic}
   size_t OldSize                                  = 70254592                                  {product} {ergonomic}
    uintx ProfiledCodeHeapSize                     = 122912730                              {pd product} {ergonomic}
    uintx ReservedCodeCacheSize                    = 251658240                              {pd product} {ergonomic}
     bool SegmentedCodeCache                       = true                                      {product} {ergonomic}
   size_t SoftMaxHeapSize                          = 2147483648                             {manageable} {ergonomic}
     bool UseCompressedOops                        = true                           {product lp64_product} {ergonomic}
     bool UseLargePagesIndividualAllocation        = false                                  {pd product} {ergonomic}
     bool UseParallelGC                            = true                                      {product} {command line}

Logging:
Log output configuration:
 #0: stdout all=off uptime,level,tags foldmultilines=false
 #1: stderr all=off uptime,level,tags foldmultilines=false

Release file:
JAVA_VERSION="21.0.10" 
MODULES="java.base java.compiler java.datatransfer java.xml java.prefs java.desktop java.instrument java.logging java.management java.security.sasl java.naming java.rmi java.management.rmi java.net.http java.scripting java.security.jgss java.transaction.xa java.sql java.sql.rowset java.xml.crypto java.se java.smartcardio jdk.accessibility jdk.internal.jvmstat jdk.attach jdk.charsets jdk.internal.opt jdk.zipfs jdk.compiler jdk.crypto.ec jdk.crypto.cryptoki jdk.crypto.mscapi jdk.dynalink jdk.internal.ed jdk.editpad jdk.hotspot.agent jdk.httpserver jdk.internal.le jdk.internal.vm.ci jdk.internal.vm.compiler jdk.internal.vm.compiler.management jdk.jartool jdk.javadoc jdk.jcmd jdk.management jdk.management.agent jdk.jconsole jdk.jdeps jdk.jdwp.agent jdk.jdi jdk.jfr jdk.jshell jdk.jsobject jdk.jstatd jdk.localedata jdk.management.jfr jdk.naming.dns jdk.naming.rmi jdk.net jdk.nio.mapmode jdk.random jdk.sctp jdk.security.auth jdk.security.jgss jdk.unsupported jdk.unsupported.desktop jdk.xml.dom" 

Environment Variables:
JAVA_HOME=C:\Program Files\Java\jdk-24
PATH=C:\Users\roger\AppData\Local\Programs\Microsoft VS Code;C:\Program Files\Common Files\Oracle\Java\javapath;C:\Program Files (x86)\Common Files\Oracle\Java\java8path;C:\Program Files (x86)\Common Files\Oracle\Java\javapath;C:\WINDOWS\system32;C:\WINDOWS;C:\WINDOWS\System32\Wbem;C:\WINDOWS\System32\WindowsPowerShell\v1.0\;C:\WINDOWS\System32\OpenSSH\;C:\Program Files\dotnet\;C:\MinGW\bin;C:\Program Files\CMake\bin;C:\Program Files\Git\cmd;C:\Program Files\nodejs\;C:\Program Files\Docker\Docker\resources\bin;C:\Program Files (x86)\Google\Cloud SDK\google-cloud-sdk\bin;C:\xampp\mysql\bin;C:\Program Files\MySQL\MySQL Shell 8.0\bin\;C:\Users\roger\AppData\Local\Programs\Python\Python313\Scripts\;C:\Users\roger\AppData\Local\Programs\Python\Python313\;C:\Users\roger\AppData\Local\Microsoft\WindowsApps;C:\Users\roger\AppData\Local\Programs\Microsoft VS Code\bin;C:\Users\roger\.dotnet\tools;C:\Users\roger\AppData\Local\GitHubDesktop\bin;C:\Users\roger\AppData\Roaming\npm;C:\Program Files\Java\jdk-24\bin
USERNAME=roger
OS=Windows_NT
PROCESSOR_IDENTIFIER=Intel64 Family 6 Model 126 Stepping 5, GenuineIntel
TMP=C:\Users\roger\AppData\Local\Temp
TEMP=C:\Users\roger\AppData\Local\Temp




Periodic native trim disabled

---------------  S Y S T E M  ---------------

OS:
 Windows 11 , 64 bit Build 26100 (10.0.26100.7920)
OS uptime: 6 days 17:37 hours
Hyper-V role detected

CPU: total 4 (initial active 4) (2 cores per cpu, 2 threads per core) family 6 model 126 stepping 5 microcode 0xca, cx8, cmov, fxsr, ht, mmx, 3dnowpref, sse, sse2, sse3, ssse3, sse4.1, sse4.2, popcnt, lzcnt, tsc, tscinvbit, avx, avx2, aes, erms, clmul, bmi1, bmi2, adx, avx512f, avx512dq, avx512cd, avx512bw, avx512vl, sha, fma, vzeroupper, avx512_vpopcntdq, avx512_vpclmulqdq, avx512_vaes, avx512_vnni, clflush, clflushopt, avx512_vbmi2, avx512_vbmi, hv, rdtscp, rdpid, fsrm, gfni, avx512_bitalg, f16c, avx512_ifma
Processor Information for the first 4 processors :
  Max Mhz: 1190, Current Mhz: 1190, Mhz Limit: 1190

Memory: 4k page, system-wide physical 7958M (510M free)
TotalPageFile size 24342M (AvailPageFile size 85M)
current process WorkingSet (physical memory assigned to process): 9M, peak: 295M
current process commit charge ("private bytes"): 331M, peak: 367M

vm_info: OpenJDK 64-Bit Server VM (21.0.10+7-LTS) for windows-amd64 JRE (21.0.10+7-LTS), built on 2026-01-20T00:00:00Z by "admin" with MS VC++ 17.12 (VS2022)

END.
