#
# There is insufficient memory for the Java Runtime Environment to continue.
# Native memory allocation (malloc) failed to allocate 1048800 bytes. Error detail: Chunk::new
# Possible reasons:
#   The system is out of physical RAM or swap space
#   This process is running with CompressedOops enabled, and the Java Heap may be blocking the growth of the native heap
# Possible solutions:
#   Reduce memory load on the system
#   Increase physical memory or swap space
#   Check if swap backing store is full
#   Decrease Java heap size (-Xmx/-Xms)
#   Decrease number of Java threads
#   Decrease Java thread stack sizes (-Xss)
#   Set larger code cache with -XX:ReservedCodeCacheSize=
#   JVM is running with Unscaled Compressed Oops mode in which the Java heap is
#     placed in the first 4GB address space. The Java Heap base address is the
#     maximum limit for the native heap growth. Please use -XX:HeapBaseMinAddress
#     to set the Java Heap base and to place the Java Heap above 4GB virtual address.
# This output file may be truncated or incomplete.
#
#  Out of Memory Error (arena.cpp:168), pid=26136, tid=21880
#
# JRE version: OpenJDK Runtime Environment Temurin-21.0.10+7 (21.0.10+7) (build 21.0.10+7-LTS)
# Java VM: OpenJDK 64-Bit Server VM Temurin-21.0.10+7 (21.0.10+7-LTS, mixed mode, sharing, tiered, compressed oops, compressed class ptrs, parallel gc, windows-amd64)
# No core dump will be written. Minidumps are not enabled by default on client versions of Windows
#

---------------  S U M M A R Y ------------

Command Line: --add-modules=ALL-SYSTEM --add-opens=java.base/java.util=ALL-UNNAMED --add-opens=java.base/java.lang=ALL-UNNAMED --add-opens=java.base/sun.nio.fs=ALL-UNNAMED -Declipse.application=org.eclipse.jdt.ls.core.id1 -Dosgi.bundles.defaultStartLevel=4 -Declipse.product=org.eclipse.jdt.ls.core.product -Djava.import.generatesMetadataFilesAtProjectRoot=false -DDetectVMInstallationsJob.disabled=true -Dfile.encoding=utf8 -XX:+UseParallelGC -XX:GCTimeRatio=4 -XX:AdaptiveSizePolicyWeight=90 -Dsun.zip.disableMemoryMapping=true -Xmx2G -Xms100m -Xlog:disable -javaagent:c:\Users\roger\.vscode\extensions\redhat.java-1.53.0-win32-x64\lombok\lombok-1.18.39-4050.jar -XX:+HeapDumpOnOutOfMemoryError -XX:HeapDumpPath=c:\Users\roger\AppData\Roaming\Code\User\workspaceStorage\8e6ae2af2d4dfc56c9bbe3d6a389f982\redhat.java -Daether.dependencyCollector.impl=bf c:\Users\roger\.vscode\extensions\redhat.java-1.53.0-win32-x64\server\plugins\org.eclipse.equinox.launcher_1.7.100.v20251111-0406.jar -configuration c:\Users\roger\AppData\Roaming\Code\User\globalStorage\redhat.java\1.53.0\config_win -data c:\Users\roger\AppData\Roaming\Code\User\workspaceStorage\8e6ae2af2d4dfc56c9bbe3d6a389f982\redhat.java\jdt_ws --pipe=\\.\pipe\lsp-cab4293d8ef48d20b06e4c8258599b21-sock

Host: Intel(R) Core(TM) i3-1005G1 CPU @ 1.20GHz, 4 cores, 7G,  Windows 11 , 64 bit Build 26100 (10.0.26100.7920)
Time: Mon Apr  6 11:08:45 2026 Hora oficial do Brasil elapsed time: 929.702628 seconds (0d 0h 15m 29s)

---------------  T H R E A D  ---------------

Current thread (0x000001e7e56d8720):  JavaThread "C2 CompilerThread0" daemon [_thread_in_native, id=21880, stack(0x00000087e8d00000,0x00000087e8e00000) (1024K)]


Current CompileTask:
C2:929702 21031       4       org.eclipse.jdt.internal.compiler.SourceElementNotifier::notifySourceElementRequestor (1085 bytes)

Stack: [0x00000087e8d00000,0x00000087e8e00000]
Native frames: (J=compiled Java code, j=interpreted, Vv=VM code, C=native code)
V  [jvm.dll+0x6d7a39]
V  [jvm.dll+0x8b4b26]
V  [jvm.dll+0x8b70de]
V  [jvm.dll+0x8b77c3]
V  [jvm.dll+0x284346]
V  [jvm.dll+0xc66ed]
V  [jvm.dll+0xc6c31]
V  [jvm.dll+0x3bec3b]
V  [jvm.dll+0x38b162]
V  [jvm.dll+0x38a5aa]
V  [jvm.dll+0x24c560]
V  [jvm.dll+0x24bb40]
V  [jvm.dll+0x1cb34e]
V  [jvm.dll+0x25b85d]
V  [jvm.dll+0x259dea]
V  [jvm.dll+0x3f857e]
V  [jvm.dll+0x85f59d]
V  [jvm.dll+0x6d626d]
C  [ucrtbase.dll+0x37b0]
C  [KERNEL32.DLL+0x2e8d7]
C  [ntdll.dll+0x8c48c]


---------------  P R O C E S S  ---------------

Threads class SMR info:
_java_thread_list=0x000001e7c5a335a0, length=40, elements={
0x000001e7e33a9d60, 0x000001e7e5899220, 0x000001e7e589bb90, 0x000001e7e56d17a0,
0x000001e7e56d2400, 0x000001e7e56d4e70, 0x000001e7e56d58d0, 0x000001e7e56d8720,
0x000001e7e5754780, 0x000001e7fce54d70, 0x000001e7fcfd4ef0, 0x000001e7fd78bc00,
0x000001e7fd74fca0, 0x000001e7fce938e0, 0x000001e7fce94320, 0x000001e7fd2aab90,
0x000001e7fdb1f560, 0x000001e7fce50db0, 0x000001e7fdafd4f0, 0x000001e7fdafdb80,
0x000001e7fdafce60, 0x000001e7fdafbab0, 0x000001e7fdc91f30, 0x000001e7fdc904f0,
0x000001e7fdc925c0, 0x000001e7fdc94000, 0x000001e7fdc92c50, 0x000001e7fdc90b80,
0x000001e7fdc918a0, 0x000001e7fdc94690, 0x000001e7c54b7ab0, 0x000001e7c54b6d90,
0x000001e7c54b4630, 0x000001e7c54b8e60, 0x000001e7c54b59e0, 0x000001e7c54b94f0,
0x000001e7c54b6700, 0x000001e7c54ba210, 0x000001e7c54b9b80, 0x000001e7fdc960d0
}

Java Threads: ( => current thread )
  0x000001e7e33a9d60 JavaThread "main"                              [_thread_blocked, id=20180, stack(0x00000087e8300000,0x00000087e8400000) (1024K)]
  0x000001e7e5899220 JavaThread "Reference Handler"          daemon [_thread_blocked, id=9444, stack(0x00000087e8700000,0x00000087e8800000) (1024K)]
  0x000001e7e589bb90 JavaThread "Finalizer"                  daemon [_thread_blocked, id=16716, stack(0x00000087e8800000,0x00000087e8900000) (1024K)]
  0x000001e7e56d17a0 JavaThread "Signal Dispatcher"          daemon [_thread_blocked, id=19140, stack(0x00000087e8900000,0x00000087e8a00000) (1024K)]
  0x000001e7e56d2400 JavaThread "Attach Listener"            daemon [_thread_blocked, id=9392, stack(0x00000087e8a00000,0x00000087e8b00000) (1024K)]
  0x000001e7e56d4e70 JavaThread "Service Thread"             daemon [_thread_blocked, id=12472, stack(0x00000087e8b00000,0x00000087e8c00000) (1024K)]
  0x000001e7e56d58d0 JavaThread "Monitor Deflation Thread"   daemon [_thread_blocked, id=19504, stack(0x00000087e8c00000,0x00000087e8d00000) (1024K)]
=>0x000001e7e56d8720 JavaThread "C2 CompilerThread0"         daemon [_thread_in_native, id=21880, stack(0x00000087e8d00000,0x00000087e8e00000) (1024K)]
  0x000001e7e5754780 JavaThread "C1 CompilerThread0"         daemon [_thread_blocked, id=16940, stack(0x00000087e8e00000,0x00000087e8f00000) (1024K)]
  0x000001e7fce54d70 JavaThread "Common-Cleaner"             daemon [_thread_blocked, id=18664, stack(0x00000087e8f00000,0x00000087e9000000) (1024K)]
  0x000001e7fcfd4ef0 JavaThread "Notification Thread"        daemon [_thread_blocked, id=17584, stack(0x00000087e9000000,0x00000087e9100000) (1024K)]
  0x000001e7fd78bc00 JavaThread "Active Thread: Equinox Container: d0950e0a-52c8-4a3a-b2a7-c6916e4dd12c"        [_thread_blocked, id=19976, stack(0x00000087e9400000,0x00000087e9500000) (1024K)]
  0x000001e7fd74fca0 JavaThread "Refresh Thread: Equinox Container: d0950e0a-52c8-4a3a-b2a7-c6916e4dd12c" daemon [_thread_blocked, id=11396, stack(0x00000087e9600000,0x00000087e9700000) (1024K)]
  0x000001e7fce938e0 JavaThread "Framework Event Dispatcher: Equinox Container: d0950e0a-52c8-4a3a-b2a7-c6916e4dd12c" daemon [_thread_blocked, id=11240, stack(0x00000087e9500000,0x00000087e9600000) (1024K)]
  0x000001e7fce94320 JavaThread "Start Level: Equinox Container: d0950e0a-52c8-4a3a-b2a7-c6916e4dd12c" daemon [_thread_blocked, id=14408, stack(0x00000087e9700000,0x00000087e9800000) (1024K)]
  0x000001e7fd2aab90 JavaThread "Bundle File Closer"         daemon [_thread_blocked, id=11256, stack(0x00000087e9800000,0x00000087e9900000) (1024K)]
  0x000001e7fdb1f560 JavaThread "SCR Component Actor"        daemon [_thread_blocked, id=19056, stack(0x00000087e9900000,0x00000087e9a00000) (1024K)]
  0x000001e7fce50db0 JavaThread "Worker-JM"                         [_thread_blocked, id=18852, stack(0x00000087e9a00000,0x00000087e9b00000) (1024K)]
  0x000001e7fdafd4f0 JavaThread "JNA Cleaner"                daemon [_thread_blocked, id=17916, stack(0x00000087e9b00000,0x00000087e9c00000) (1024K)]
  0x000001e7fdafdb80 JavaThread "Worker-1"                          [_thread_blocked, id=19236, stack(0x00000087e9d00000,0x00000087e9e00000) (1024K)]
  0x000001e7fdafce60 JavaThread "Java indexing"              daemon [_thread_blocked, id=19852, stack(0x00000087ea000000,0x00000087ea100000) (1024K)]
  0x000001e7fdafbab0 JavaThread "Worker-4"                          [_thread_blocked, id=26608, stack(0x00000087ea400000,0x00000087ea500000) (1024K)]
  0x000001e7fdc91f30 JavaThread "Thread-1"                   daemon [_thread_in_native, id=3336, stack(0x00000087ea600000,0x00000087ea700000) (1024K)]
  0x000001e7fdc904f0 JavaThread "Thread-2"                   daemon [_thread_in_native, id=4240, stack(0x00000087ea700000,0x00000087ea800000) (1024K)]
  0x000001e7fdc925c0 JavaThread "Thread-3"                   daemon [_thread_in_native, id=22836, stack(0x00000087ea800000,0x00000087ea900000) (1024K)]
  0x000001e7fdc94000 JavaThread "Thread-4"                   daemon [_thread_in_native, id=15780, stack(0x00000087ea900000,0x00000087eaa00000) (1024K)]
  0x000001e7fdc92c50 JavaThread "Thread-5"                   daemon [_thread_blocked, id=17764, stack(0x00000087eaa00000,0x00000087eab00000) (1024K)]
  0x000001e7fdc90b80 JavaThread "pool-2-thread-1"                   [_thread_blocked, id=15268, stack(0x00000087eab00000,0x00000087eac00000) (1024K)]
  0x000001e7fdc918a0 JavaThread "WorkspaceEventsHandler"            [_thread_blocked, id=7644, stack(0x00000087eac00000,0x00000087ead00000) (1024K)]
  0x000001e7fdc94690 JavaThread "pool-1-thread-1"                   [_thread_blocked, id=24660, stack(0x00000087ead00000,0x00000087eae00000) (1024K)]
  0x000001e7c54b7ab0 JavaThread "Cleaner-0"                  daemon [_thread_blocked, id=23428, stack(0x00000087eb600000,0x00000087eb700000) (1024K)]
  0x000001e7c54b6d90 JavaThread "ForkJoinPool.commonPool-worker-6" daemon [_thread_blocked, id=15828, stack(0x00000087e9e00000,0x00000087e9f00000) (1024K)]
  0x000001e7c54b4630 JavaThread "ForkJoinPool.commonPool-worker-7" daemon [_thread_blocked, id=20564, stack(0x00000087e8200000,0x00000087e8300000) (1024K)]
  0x000001e7c54b8e60 JavaThread "ForkJoinPool.commonPool-worker-8" daemon [_thread_blocked, id=13808, stack(0x00000087e8100000,0x00000087e8200000) (1024K)]
  0x000001e7c54b59e0 JavaThread "Compiler Source File Reader" daemon [_thread_blocked, id=21400, stack(0x00000087e9c00000,0x00000087e9d00000) (1024K)]
  0x000001e7c54b94f0 JavaThread "Worker-6"                          [_thread_blocked, id=12364, stack(0x00000087e9f00000,0x00000087ea000000) (1024K)]
  0x000001e7c54b6700 JavaThread "Compiler Source File Reader" daemon [_thread_blocked, id=1916, stack(0x00000087ea200000,0x00000087ea300000) (1024K)]
  0x000001e7c54ba210 JavaThread "LocalFile Deleter"          daemon [_thread_blocked, id=1712, stack(0x00000087ea300000,0x00000087ea400000) (1024K)]
  0x000001e7c54b9b80 JavaThread "pool-1-thread-2"                   [_thread_blocked, id=11524, stack(0x00000087ea500000,0x00000087ea600000) (1024K)]
  0x000001e7fdc960d0 JavaThread "Worker-7"                          [_thread_blocked, id=21728, stack(0x00000087eae00000,0x00000087eaf00000) (1024K)]
Total: 40

Other Threads:
  0x000001e7e587e7c0 VMThread "VM Thread"                           [id=8436, stack(0x00000087e8600000,0x00000087e8700000) (1024K)]
  0x000001e7e584aa90 WatcherThread "VM Periodic Task Thread"        [id=23856, stack(0x00000087e8500000,0x00000087e8600000) (1024K)]
  0x000001e7e57fc4f0 WorkerThread "GC Thread#0"                     [id=19872, stack(0x00000087e8400000,0x00000087e8500000) (1024K)]
  0x000001e7fd3e6630 WorkerThread "GC Thread#1"                     [id=11908, stack(0x00000087e9100000,0x00000087e9200000) (1024K)]
  0x000001e7fd3e69e0 WorkerThread "GC Thread#2"                     [id=17368, stack(0x00000087e9200000,0x00000087e9300000) (1024K)]
  0x000001e7fd48bb90 WorkerThread "GC Thread#3"                     [id=12024, stack(0x00000087e9300000,0x00000087e9400000) (1024K)]
Total: 6

Threads with active compile tasks:
C2 CompilerThread0  929744 21031       4       org.eclipse.jdt.internal.compiler.SourceElementNotifier::notifySourceElementRequestor (1085 bytes)
Total: 1

VM state: at safepoint (normal execution)

VM Mutex/Monitor currently owned by a thread:  ([mutex/lock_event])
[0x00007ff934f2e560] Threads_lock - owner thread: 0x000001e7e587e7c0
[0x00007ff934f2e660] Heap_lock - owner thread: 0x000001e7c54b4630

Heap address: 0x0000000080000000, size: 2048 MB, Compressed Oops mode: 32-bit

CDS archive(s) mapped at: [0x000001e780000000-0x000001e780ba0000-0x000001e780ba0000), size 12189696, SharedBaseAddress: 0x000001e780000000, ArchiveRelocationMode: 1.
Compressed class space mapped at: 0x000001e781000000-0x000001e7c1000000, reserved size: 1073741824
Narrow klass base: 0x000001e780000000, Narrow klass shift: 0, Narrow klass range: 0x100000000

GC Precious Log:
 CardTable entry size: 512
 CPUs: 4 total, 4 available
 Memory: 7958M
 Large Page Support: Disabled
 NUMA Support: Disabled
 Compressed Oops: Enabled (32-bit)
 Alignments: Space 512K, Generation 512K, Heap 2M
 Heap Min Capacity: 100M
 Heap Initial Capacity: 100M
 Heap Max Capacity: 2G
 Pre-touch: Disabled
 Parallel Workers: 4

Heap:
 PSYoungGen      total 4096K, used 4096K [0x00000000d5580000, 0x00000000d5d00000, 0x0000000100000000)
  eden space 2048K, 100% used [0x00000000d5580000,0x00000000d5780000,0x00000000d5780000)
  from space 2048K, 100% used [0x00000000d5900000,0x00000000d5b00000,0x00000000d5b00000)
  to   space 1536K, 76% used [0x00000000d5b80000,0x00000000d5ca5318,0x00000000d5d00000)
 ParOldGen       total 408064K, used 408054K [0x0000000080000000, 0x0000000098e80000, 0x00000000d5580000)
  object space 408064K, 99% used [0x0000000080000000,0x0000000098e7daf0,0x0000000098e80000)
 Metaspace       used 81055K, committed 82688K, reserved 1179648K
  class space    used 8123K, committed 8832K, reserved 1048576K

Card table byte_map: [0x000001e7e5180000,0x000001e7e5590000] _byte_map_base: 0x000001e7e4d80000

Marking Bits: (ParMarkBitMap*) 0x00007ff934f33450
 Begin Bits: [0x000001e7f7c90000, 0x000001e7f9c90000)
 End Bits:   [0x000001e7f9c90000, 0x000001e7fbc90000)

Polling page: 0x000001e7e3640000

Metaspace:

Usage:
  Non-class:     71.22 MB used.
      Class:      7.93 MB used.
       Both:     79.16 MB used.

Virtual space:
  Non-class space:      128.00 MB reserved,      72.12 MB ( 56%) committed,  2 nodes.
      Class space:        1.00 GB reserved,       8.62 MB ( <1%) committed,  1 nodes.
             Both:        1.12 GB reserved,      80.75 MB (  7%) committed. 

Chunk freelists:
   Non-Class:  7.61 MB
       Class:  7.20 MB
        Both:  14.81 MB

MaxMetaspaceSize: unlimited
CompressedClassSpaceSize: 1.00 GB
Initial GC threshold: 21.00 MB
Current GC threshold: 129.69 MB
CDS: on
 - commit_granule_bytes: 65536.
 - commit_granule_words: 8192.
 - virtual_space_node_default_size: 8388608.
 - enlarge_chunks_in_place: 1.
 - use_allocation_guard: 0.


Internal statistics:

num_allocs_failed_limit: 11.
num_arena_births: 1558.
num_arena_deaths: 18.
num_vsnodes_births: 3.
num_vsnodes_deaths: 0.
num_space_committed: 1292.
num_space_uncommitted: 0.
num_chunks_returned_to_freelist: 29.
num_chunks_taken_from_freelist: 5700.
num_chunk_merges: 14.
num_chunk_splits: 3423.
num_chunks_enlarged: 1855.
num_inconsistent_stats: 0.

CodeHeap 'non-profiled nmethods': size=120000Kb used=22093Kb max_used=22093Kb free=97906Kb
 bounds [0x000001e7f04b0000, 0x000001e7f1a50000, 0x000001e7f79e0000]
CodeHeap 'profiled nmethods': size=120000Kb used=39721Kb max_used=45482Kb free=80278Kb
 bounds [0x000001e7e89e0000, 0x000001e7eb650000, 0x000001e7eff10000]
CodeHeap 'non-nmethods': size=5760Kb used=1487Kb max_used=1572Kb free=4272Kb
 bounds [0x000001e7eff10000, 0x000001e7f0180000, 0x000001e7f04b0000]
CodeCache: size=245760Kb, used=63301Kb, max_used=69147Kb, free=182456Kb
 total_blobs=17298, nmethods=16501, adapters=698, full_count=0
Compilation: enabled, stopped_count=0, restarted_count=0

Compilation events (20 events):
Event: 929.099 Thread 0x000001e7e5754780 21033       2       org.eclipse.jdt.internal.compiler.SourceElementNotifier::getSourceEndFixed (34 bytes)
Event: 929.100 Thread 0x000001e7e5754780 nmethod 21033 0x000001e7e925c710 code [0x000001e7e925c920, 0x000001e7e925cc18]
Event: 929.100 Thread 0x000001e7e5754780 21034       3       org.eclipse.jdt.internal.compiler.SourceElementNotifier::hasDeprecatedAnnotation (52 bytes)
Event: 929.100 Thread 0x000001e7e5754780 nmethod 21034 0x000001e7e9cb6110 code [0x000001e7e9cb6300, 0x000001e7e9cb66f0]
Event: 929.100 Thread 0x000001e7e5754780 21035       3       org.eclipse.jdt.internal.core.JavaModel::equals (15 bytes)
Event: 929.100 Thread 0x000001e7e5754780 nmethod 21035 0x000001e7ea74d690 code [0x000001e7ea74d840, 0x000001e7ea74dad8]
Event: 929.101 Thread 0x000001e7e5754780 21037       3       org.eclipse.core.internal.resources.Resource::isSynchronized (10 bytes)
Event: 929.102 Thread 0x000001e7e5754780 nmethod 21037 0x000001e7ea952290 code [0x000001e7ea952440, 0x000001e7ea9526b0]
Event: 929.102 Thread 0x000001e7e5754780 21038   !   3       org.eclipse.core.internal.localstore.FileSystemResourceManager::isSynchronized (215 bytes)
Event: 929.104 Thread 0x000001e7e5754780 nmethod 21038 0x000001e7e9289310 code [0x000001e7e92896a0, 0x000001e7e928ad60]
Event: 929.204 Thread 0x000001e7e5754780 21039       1       org.eclipse.core.internal.resources.ProjectDescription::getLinks (5 bytes)
Event: 929.205 Thread 0x000001e7e5754780 nmethod 21039 0x000001e7f1a43010 code [0x000001e7f1a431a0, 0x000001e7f1a43268]
Event: 929.205 Thread 0x000001e7e5754780 21040       1       org.eclipse.core.internal.resources.WorkManager::getLock (5 bytes)
Event: 929.205 Thread 0x000001e7e5754780 nmethod 21040 0x000001e7f1a43310 code [0x000001e7f1a434a0, 0x000001e7f1a43568]
Event: 929.217 Thread 0x000001e7e5754780 21041       3       org.eclipse.core.internal.dtree.DeltaDataTree::lookupIgnoreCase (158 bytes)
Event: 929.218 Thread 0x000001e7e5754780 nmethod 21041 0x000001e7ea52bd10 code [0x000001e7ea52bfa0, 0x000001e7ea52cc18]
Event: 929.234 Thread 0x000001e7e5754780 21042       3       java.util.LinkedList::peek (18 bytes)
Event: 929.234 Thread 0x000001e7e5754780 nmethod 21042 0x000001e7e998ad10 code [0x000001e7e998aec0, 0x000001e7e998b048]
Event: 929.584 Thread 0x000001e7e5754780 21043       3       java.util.concurrent.CompletableFuture$AltResult::<init> (10 bytes)
Event: 929.584 Thread 0x000001e7e5754780 nmethod 21043 0x000001e7e9aca010 code [0x000001e7e9aca1c0, 0x000001e7e9aca348]

GC Heap History (20 events):
Event: 928.919 GC heap after
{Heap after GC invocations=1785 (full 5):
 PSYoungGen      total 3072K, used 128K [0x00000000d5580000, 0x00000000d5980000, 0x0000000100000000)
  eden space 2560K, 0% used [0x00000000d5580000,0x00000000d5580000,0x00000000d5800000)
  from space 512K, 25% used [0x00000000d5900000,0x00000000d5920000,0x00000000d5980000)
  to   space 512K, 0% used [0x00000000d5880000,0x00000000d5880000,0x00000000d5900000)
 ParOldGen       total 397824K, used 397412K [0x0000000080000000, 0x0000000098480000, 0x00000000d5580000)
  object space 397824K, 99% used [0x0000000080000000,0x0000000098419340,0x0000000098480000)
 Metaspace       used 81043K, committed 82688K, reserved 1179648K
  class space    used 8123K, committed 8832K, reserved 1048576K
}
Event: 929.107 GC heap before
{Heap before GC invocations=1786 (full 5):
 PSYoungGen      total 3072K, used 2603K [0x00000000d5580000, 0x00000000d5980000, 0x0000000100000000)
  eden space 2560K, 96% used [0x00000000d5580000,0x00000000d57eaea0,0x00000000d5800000)
  from space 512K, 25% used [0x00000000d5900000,0x00000000d5920000,0x00000000d5980000)
  to   space 512K, 0% used [0x00000000d5880000,0x00000000d5880000,0x00000000d5900000)
 ParOldGen       total 397824K, used 397412K [0x0000000080000000, 0x0000000098480000, 0x00000000d5580000)
  object space 397824K, 99% used [0x0000000080000000,0x0000000098419340,0x0000000098480000)
 Metaspace       used 81053K, committed 82688K, reserved 1179648K
  class space    used 8123K, committed 8832K, reserved 1048576K
}
Event: 929.108 GC heap after
{Heap after GC invocations=1786 (full 5):
 PSYoungGen      total 3072K, used 128K [0x00000000d5580000, 0x00000000d5980000, 0x0000000100000000)
  eden space 2560K, 0% used [0x00000000d5580000,0x00000000d5580000,0x00000000d5800000)
  from space 512K, 25% used [0x00000000d5880000,0x00000000d58a0000,0x00000000d5900000)
  to   space 512K, 0% used [0x00000000d5900000,0x00000000d5900000,0x00000000d5980000)
 ParOldGen       total 397824K, used 397444K [0x0000000080000000, 0x0000000098480000, 0x00000000d5580000)
  object space 397824K, 99% used [0x0000000080000000,0x0000000098421340,0x0000000098480000)
 Metaspace       used 81053K, committed 82688K, reserved 1179648K
  class space    used 8123K, committed 8832K, reserved 1048576K
}
Event: 929.115 GC heap before
{Heap before GC invocations=1787 (full 5):
 PSYoungGen      total 3072K, used 2688K [0x00000000d5580000, 0x00000000d5980000, 0x0000000100000000)
  eden space 2560K, 100% used [0x00000000d5580000,0x00000000d5800000,0x00000000d5800000)
  from space 512K, 25% used [0x00000000d5880000,0x00000000d58a0000,0x00000000d5900000)
  to   space 512K, 0% used [0x00000000d5900000,0x00000000d5900000,0x00000000d5980000)
 ParOldGen       total 397824K, used 397444K [0x0000000080000000, 0x0000000098480000, 0x00000000d5580000)
  object space 397824K, 99% used [0x0000000080000000,0x0000000098421340,0x0000000098480000)
 Metaspace       used 81053K, committed 82688K, reserved 1179648K
  class space    used 8123K, committed 8832K, reserved 1048576K
}
Event: 929.118 GC heap after
{Heap after GC invocations=1787 (full 5):
 PSYoungGen      total 1024K, used 484K [0x00000000d5580000, 0x00000000d5e00000, 0x0000000100000000)
  eden space 512K, 0% used [0x00000000d5580000,0x00000000d5580000,0x00000000d5600000)
  from space 512K, 94% used [0x00000000d5900000,0x00000000d59793c0,0x00000000d5980000)
  to   space 3072K, 0% used [0x00000000d5600000,0x00000000d5600000,0x00000000d5900000)
 ParOldGen       total 399872K, used 399554K [0x0000000080000000, 0x0000000098680000, 0x00000000d5580000)
  object space 399872K, 99% used [0x0000000080000000,0x0000000098630af0,0x0000000098680000)
 Metaspace       used 81053K, committed 82688K, reserved 1179648K
  class space    used 8123K, committed 8832K, reserved 1048576K
}
Event: 929.120 GC heap before
{Heap before GC invocations=1788 (full 5):
 PSYoungGen      total 1024K, used 996K [0x00000000d5580000, 0x00000000d5e00000, 0x0000000100000000)
  eden space 512K, 99% used [0x00000000d5580000,0x00000000d55fffc0,0x00000000d5600000)
  from space 512K, 94% used [0x00000000d5900000,0x00000000d59793c0,0x00000000d5980000)
  to   space 3072K, 0% used [0x00000000d5600000,0x00000000d5600000,0x00000000d5900000)
 ParOldGen       total 399872K, used 399554K [0x0000000080000000, 0x0000000098680000, 0x00000000d5580000)
  object space 399872K, 99% used [0x0000000080000000,0x0000000098630af0,0x0000000098680000)
 Metaspace       used 81053K, committed 82688K, reserved 1179648K
  class space    used 8123K, committed 8832K, reserved 1048576K
}
Event: 929.122 GC heap after
{Heap after GC invocations=1788 (full 5):
 PSYoungGen      total 1024K, used 512K [0x00000000d5580000, 0x00000000d5980000, 0x0000000100000000)
  eden space 512K, 0% used [0x00000000d5580000,0x00000000d5580000,0x00000000d5600000)
  from space 512K, 100% used [0x00000000d5600000,0x00000000d5680000,0x00000000d5680000)
  to   space 1536K, 0% used [0x00000000d5800000,0x00000000d5800000,0x00000000d5980000)
 ParOldGen       total 400384K, used 400063K [0x0000000080000000, 0x0000000098700000, 0x00000000d5580000)
  object space 400384K, 99% used [0x0000000080000000,0x00000000986afeb0,0x0000000098700000)
 Metaspace       used 81053K, committed 82688K, reserved 1179648K
  class space    used 8123K, committed 8832K, reserved 1048576K
}
Event: 929.125 GC heap before
{Heap before GC invocations=1789 (full 5):
 PSYoungGen      total 1024K, used 1024K [0x00000000d5580000, 0x00000000d5980000, 0x0000000100000000)
  eden space 512K, 100% used [0x00000000d5580000,0x00000000d5600000,0x00000000d5600000)
  from space 512K, 100% used [0x00000000d5600000,0x00000000d5680000,0x00000000d5680000)
  to   space 1536K, 0% used [0x00000000d5800000,0x00000000d5800000,0x00000000d5980000)
 ParOldGen       total 400384K, used 400063K [0x0000000080000000, 0x0000000098700000, 0x00000000d5580000)
  object space 400384K, 99% used [0x0000000080000000,0x00000000986afeb0,0x0000000098700000)
 Metaspace       used 81053K, committed 82688K, reserved 1179648K
  class space    used 8123K, committed 8832K, reserved 1048576K
}
Event: 929.127 GC heap after
{Heap after GC invocations=1789 (full 5):
 PSYoungGen      total 2048K, used 544K [0x00000000d5580000, 0x00000000d5900000, 0x0000000100000000)
  eden space 1024K, 0% used [0x00000000d5580000,0x00000000d5580000,0x00000000d5680000)
  from space 1024K, 53% used [0x00000000d5800000,0x00000000d5888000,0x00000000d5900000)
  to   space 1024K, 0% used [0x00000000d5700000,0x00000000d5700000,0x00000000d5800000)
 ParOldGen       total 400896K, used 400551K [0x0000000080000000, 0x0000000098780000, 0x00000000d5580000)
  object space 400896K, 99% used [0x0000000080000000,0x0000000098729eb0,0x0000000098780000)
 Metaspace       used 81053K, committed 82688K, reserved 1179648K
  class space    used 8123K, committed 8832K, reserved 1048576K
}
Event: 929.134 GC heap before
{Heap before GC invocations=1790 (full 5):
 PSYoungGen      total 2048K, used 1568K [0x00000000d5580000, 0x00000000d5900000, 0x0000000100000000)
  eden space 1024K, 100% used [0x00000000d5580000,0x00000000d5680000,0x00000000d5680000)
  from space 1024K, 53% used [0x00000000d5800000,0x00000000d5888000,0x00000000d5900000)
  to   space 1024K, 0% used [0x00000000d5700000,0x00000000d5700000,0x00000000d5800000)
 ParOldGen       total 400896K, used 400551K [0x0000000080000000, 0x0000000098780000, 0x00000000d5580000)
  object space 400896K, 99% used [0x0000000080000000,0x0000000098729eb0,0x0000000098780000)
 Metaspace       used 81053K, committed 82688K, reserved 1179648K
  class space    used 8123K, committed 8832K, reserved 1048576K
}
Event: 929.137 GC heap after
{Heap after GC invocations=1790 (full 5):
 PSYoungGen      total 2560K, used 1024K [0x00000000d5580000, 0x00000000d5b00000, 0x0000000100000000)
  eden space 1536K, 0% used [0x00000000d5580000,0x00000000d5580000,0x00000000d5700000)
  from space 1024K, 100% used [0x00000000d5700000,0x00000000d5800000,0x00000000d5800000)
  to   space 2048K, 0% used [0x00000000d5900000,0x00000000d5900000,0x00000000d5b00000)
 ParOldGen       total 401408K, used 401047K [0x0000000080000000, 0x0000000098800000, 0x00000000d5580000)
  object space 401408K, 99% used [0x0000000080000000,0x00000000987a5eb0,0x0000000098800000)
 Metaspace       used 81053K, committed 82688K, reserved 1179648K
  class space    used 8123K, committed 8832K, reserved 1048576K
}
Event: 929.147 GC heap before
{Heap before GC invocations=1791 (full 5):
 PSYoungGen      total 2560K, used 2552K [0x00000000d5580000, 0x00000000d5b00000, 0x0000000100000000)
  eden space 1536K, 99% used [0x00000000d5580000,0x00000000d56fe0a8,0x00000000d5700000)
  from space 1024K, 100% used [0x00000000d5700000,0x00000000d5800000,0x00000000d5800000)
  to   space 2048K, 0% used [0x00000000d5900000,0x00000000d5900000,0x00000000d5b00000)
 ParOldGen       total 401408K, used 401047K [0x0000000080000000, 0x0000000098800000, 0x00000000d5580000)
  object space 401408K, 99% used [0x0000000080000000,0x00000000987a5eb0,0x0000000098800000)
 Metaspace       used 81053K, committed 82688K, reserved 1179648K
  class space    used 8123K, committed 8832K, reserved 1048576K
}
Event: 929.151 GC heap after
{Heap after GC invocations=1791 (full 5):
 PSYoungGen      total 3584K, used 1460K [0x00000000d5580000, 0x00000000d5a80000, 0x0000000100000000)
  eden space 2048K, 0% used [0x00000000d5580000,0x00000000d5580000,0x00000000d5780000)
  from space 1536K, 95% used [0x00000000d5900000,0x00000000d5a6d000,0x00000000d5a80000)
  to   space 1536K, 0% used [0x00000000d5780000,0x00000000d5780000,0x00000000d5900000)
 ParOldGen       total 402432K, used 402039K [0x0000000080000000, 0x0000000098900000, 0x00000000d5580000)
  object space 402432K, 99% used [0x0000000080000000,0x000000009889deb0,0x0000000098900000)
 Metaspace       used 81053K, committed 82688K, reserved 1179648K
  class space    used 8123K, committed 8832K, reserved 1048576K
}
Event: 929.196 GC heap before
{Heap before GC invocations=1792 (full 5):
 PSYoungGen      total 3584K, used 3507K [0x00000000d5580000, 0x00000000d5a80000, 0x0000000100000000)
  eden space 2048K, 99% used [0x00000000d5580000,0x00000000d577ffe0,0x00000000d5780000)
  from space 1536K, 95% used [0x00000000d5900000,0x00000000d5a6d000,0x00000000d5a80000)
  to   space 1536K, 0% used [0x00000000d5780000,0x00000000d5780000,0x00000000d5900000)
 ParOldGen       total 402432K, used 402039K [0x0000000080000000, 0x0000000098900000, 0x00000000d5580000)
  object space 402432K, 99% used [0x0000000080000000,0x000000009889deb0,0x0000000098900000)
 Metaspace       used 81053K, committed 82688K, reserved 1179648K
  class space    used 8123K, committed 8832K, reserved 1048576K
}
Event: 929.200 GC heap after
{Heap after GC invocations=1792 (full 5):
 PSYoungGen      total 3584K, used 1520K [0x00000000d5580000, 0x00000000d5f00000, 0x0000000100000000)
  eden space 2048K, 0% used [0x00000000d5580000,0x00000000d5580000,0x00000000d5780000)
  from space 1536K, 98% used [0x00000000d5780000,0x00000000d58fc000,0x00000000d5900000)
  to   space 3584K, 0% used [0x00000000d5b80000,0x00000000d5b80000,0x00000000d5f00000)
 ParOldGen       total 403968K, used 403647K [0x0000000080000000, 0x0000000098a80000, 0x00000000d5580000)
  object space 403968K, 99% used [0x0000000080000000,0x0000000098a2feb0,0x0000000098a80000)
 Metaspace       used 81053K, committed 82688K, reserved 1179648K
  class space    used 8123K, committed 8832K, reserved 1048576K
}
Event: 929.250 GC heap before
{Heap before GC invocations=1793 (full 5):
 PSYoungGen      total 3584K, used 3568K [0x00000000d5580000, 0x00000000d5f00000, 0x0000000100000000)
  eden space 2048K, 100% used [0x00000000d5580000,0x00000000d5780000,0x00000000d5780000)
  from space 1536K, 98% used [0x00000000d5780000,0x00000000d58fc000,0x00000000d5900000)
  to   space 3584K, 0% used [0x00000000d5b80000,0x00000000d5b80000,0x00000000d5f00000)
 ParOldGen       total 403968K, used 403647K [0x0000000080000000, 0x0000000098a80000, 0x00000000d5580000)
  object space 403968K, 99% used [0x0000000080000000,0x0000000098a2feb0,0x0000000098a80000)
 Metaspace       used 81055K, committed 82688K, reserved 1179648K
  class space    used 8123K, committed 8832K, reserved 1048576K
}
Event: 929.253 GC heap after
{Heap after GC invocations=1793 (full 5):
 PSYoungGen      total 3584K, used 1303K [0x00000000d5580000, 0x00000000d5d00000, 0x0000000100000000)
  eden space 2048K, 0% used [0x00000000d5580000,0x00000000d5580000,0x00000000d5780000)
  from space 1536K, 84% used [0x00000000d5b80000,0x00000000d5cc5c40,0x00000000d5d00000)
  to   space 2048K, 0% used [0x00000000d5900000,0x00000000d5900000,0x00000000d5b00000)
 ParOldGen       total 404992K, used 404831K [0x0000000080000000, 0x0000000098b80000, 0x00000000d5580000)
  object space 404992K, 99% used [0x0000000080000000,0x0000000098b57eb0,0x0000000098b80000)
 Metaspace       used 81055K, committed 82688K, reserved 1179648K
  class space    used 8123K, committed 8832K, reserved 1048576K
}
Event: 929.281 GC heap before
{Heap before GC invocations=1794 (full 5):
 PSYoungGen      total 3584K, used 3351K [0x00000000d5580000, 0x00000000d5d00000, 0x0000000100000000)
  eden space 2048K, 100% used [0x00000000d5580000,0x00000000d5780000,0x00000000d5780000)
  from space 1536K, 84% used [0x00000000d5b80000,0x00000000d5cc5c40,0x00000000d5d00000)
  to   space 2048K, 0% used [0x00000000d5900000,0x00000000d5900000,0x00000000d5b00000)
 ParOldGen       total 404992K, used 404831K [0x0000000080000000, 0x0000000098b80000, 0x00000000d5580000)
  object space 404992K, 99% used [0x0000000080000000,0x0000000098b57eb0,0x0000000098b80000)
 Metaspace       used 81055K, committed 82688K, reserved 1179648K
  class space    used 8123K, committed 8832K, reserved 1048576K
}
Event: 929.543 GC heap after
{Heap after GC invocations=1794 (full 5):
 PSYoungGen      total 4096K, used 2048K [0x00000000d5580000, 0x00000000d5d00000, 0x0000000100000000)
  eden space 2048K, 0% used [0x00000000d5580000,0x00000000d5580000,0x00000000d5780000)
  from space 2048K, 100% used [0x00000000d5900000,0x00000000d5b00000,0x00000000d5b00000)
  to   space 1536K, 0% used [0x00000000d5b80000,0x00000000d5b80000,0x00000000d5d00000)
 ParOldGen       total 406528K, used 406054K [0x0000000080000000, 0x0000000098d00000, 0x00000000d5580000)
  object space 406528K, 99% used [0x0000000080000000,0x0000000098c89af0,0x0000000098d00000)
 Metaspace       used 81055K, committed 82688K, reserved 1179648K
  class space    used 8123K, committed 8832K, reserved 1048576K
}
Event: 929.586 GC heap before
{Heap before GC invocations=1795 (full 5):
 PSYoungGen      total 4096K, used 4096K [0x00000000d5580000, 0x00000000d5d00000, 0x0000000100000000)
  eden space 2048K, 100% used [0x00000000d5580000,0x00000000d5780000,0x00000000d5780000)
  from space 2048K, 100% used [0x00000000d5900000,0x00000000d5b00000,0x00000000d5b00000)
  to   space 1536K, 0% used [0x00000000d5b80000,0x00000000d5b80000,0x00000000d5d00000)
 ParOldGen       total 406528K, used 406054K [0x0000000080000000, 0x0000000098d00000, 0x00000000d5580000)
  object space 406528K, 99% used [0x0000000080000000,0x0000000098c89af0,0x0000000098d00000)
 Metaspace       used 81055K, committed 82688K, reserved 1179648K
  class space    used 8123K, committed 8832K, reserved 1048576K
}

Dll operation events (10 events):
Event: 0.026 Loaded shared library c:\Users\roger\.vscode\extensions\redhat.java-1.53.0-win32-x64\jre\21.0.10-win32-x86_64\bin\java.dll
Event: 0.510 Loaded shared library c:\Users\roger\.vscode\extensions\redhat.java-1.53.0-win32-x64\jre\21.0.10-win32-x86_64\bin\zip.dll
Event: 0.558 Loaded shared library C:\Users\roger\.vscode\extensions\redhat.java-1.53.0-win32-x64\jre\21.0.10-win32-x86_64\bin\instrument.dll
Event: 0.589 Loaded shared library C:\Users\roger\.vscode\extensions\redhat.java-1.53.0-win32-x64\jre\21.0.10-win32-x86_64\bin\net.dll
Event: 0.596 Loaded shared library C:\Users\roger\.vscode\extensions\redhat.java-1.53.0-win32-x64\jre\21.0.10-win32-x86_64\bin\nio.dll
Event: 0.608 Loaded shared library C:\Users\roger\.vscode\extensions\redhat.java-1.53.0-win32-x64\jre\21.0.10-win32-x86_64\bin\zip.dll
Event: 0.686 Loaded shared library C:\Users\roger\.vscode\extensions\redhat.java-1.53.0-win32-x64\jre\21.0.10-win32-x86_64\bin\jimage.dll
Event: 0.945 Loaded shared library c:\Users\roger\.vscode\extensions\redhat.java-1.53.0-win32-x64\jre\21.0.10-win32-x86_64\bin\verify.dll
Event: 6.182 Loaded shared library C:\Users\roger\AppData\Roaming\Code\User\globalStorage\redhat.java\1.53.0\config_win\org.eclipse.equinox.launcher\org.eclipse.equinox.launcher.win32.win32.x86_64_1.3.0.v20260203-2149\eclipse_11919.dll
Event: 17.336 Loaded shared library C:\Users\roger\AppData\Local\Temp\jna-108690423\jna3921869616958892244.dll

Deoptimization events (20 events):
Event: 928.441 Thread 0x000001e7c54b4630 DEOPT PACKING pc=0x000001e7e9dcd77c sp=0x00000087e82fe1f0
Event: 928.441 Thread 0x000001e7c54b4630 DEOPT UNPACKING pc=0x000001e7eff678e2 sp=0x00000087e82fd610 mode 0
Event: 928.445 Thread 0x000001e7c54b6d90 DEOPT PACKING pc=0x000001e7e9f9c178 sp=0x00000087e9efe630
Event: 928.445 Thread 0x000001e7c54b6d90 DEOPT UNPACKING pc=0x000001e7eff678e2 sp=0x00000087e9efdb18 mode 0
Event: 928.447 Thread 0x000001e7c54b4630 DEOPT PACKING pc=0x000001e7e9dcd77c sp=0x00000087e82fe1f0
Event: 928.447 Thread 0x000001e7c54b4630 DEOPT UNPACKING pc=0x000001e7eff678e2 sp=0x00000087e82fd610 mode 0
Event: 928.451 Thread 0x000001e7c54b4630 DEOPT PACKING pc=0x000001e7e9044ddb sp=0x00000087e82fe4d0
Event: 928.451 Thread 0x000001e7c54b4630 DEOPT UNPACKING pc=0x000001e7eff678e2 sp=0x00000087e82fd9f0 mode 0
Event: 928.451 Thread 0x000001e7c54b6d90 DEOPT PACKING pc=0x000001e7e9044ddb sp=0x00000087e9efe840
Event: 928.451 Thread 0x000001e7c54b6d90 DEOPT UNPACKING pc=0x000001e7eff678e2 sp=0x00000087e9efdd60 mode 0
Event: 928.452 Thread 0x000001e7c54b4630 DEOPT PACKING pc=0x000001e7e9f9c178 sp=0x00000087e82fe2f0
Event: 928.452 Thread 0x000001e7c54b4630 DEOPT UNPACKING pc=0x000001e7eff678e2 sp=0x00000087e82fd7d8 mode 0
Event: 928.455 Thread 0x000001e7c54b6d90 DEOPT PACKING pc=0x000001e7e9f9c178 sp=0x00000087e9efe630
Event: 928.455 Thread 0x000001e7c54b6d90 DEOPT UNPACKING pc=0x000001e7eff678e2 sp=0x00000087e9efdb18 mode 0
Event: 928.456 Thread 0x000001e7c54b4630 DEOPT PACKING pc=0x000001e7e9044ddb sp=0x00000087e82fe570
Event: 928.456 Thread 0x000001e7c54b4630 DEOPT UNPACKING pc=0x000001e7eff678e2 sp=0x00000087e82fda90 mode 0
Event: 928.905 Thread 0x000001e7c54b4630 DEOPT PACKING pc=0x000001e7e9d17a90 sp=0x00000087e82fdbd0
Event: 928.905 Thread 0x000001e7c54b4630 DEOPT UNPACKING pc=0x000001e7eff678e2 sp=0x00000087e82fd0e0 mode 0
Event: 929.101 Thread 0x000001e7fdc94690 DEOPT PACKING pc=0x000001e7e9044ddb sp=0x00000087eadfd8e0
Event: 929.101 Thread 0x000001e7fdc94690 DEOPT UNPACKING pc=0x000001e7eff678e2 sp=0x00000087eadfce00 mode 0

Classes loaded (20 events):
Event: 708.877 Loading class java/util/stream/ReduceOps$CountingSink done
Event: 708.877 Loading class java/util/stream/ReduceOps$CountingSink$OfRef done
Event: 709.175 Loading class java/util/stream/DistinctOps
Event: 709.178 Loading class java/util/stream/DistinctOps done
Event: 709.179 Loading class java/util/stream/DistinctOps$1
Event: 709.179 Loading class java/util/stream/DistinctOps$1 done
Event: 709.763 Loading class java/util/stream/DistinctOps$1$2
Event: 709.764 Loading class java/util/stream/DistinctOps$1$2 done
Event: 714.031 Loading class java/util/AbstractList$RandomAccessSubList
Event: 714.032 Loading class java/util/AbstractList$RandomAccessSubList done
Event: 714.032 Loading class java/util/AbstractList$SubList$1
Event: 714.033 Loading class java/util/AbstractList$SubList$1 done
Event: 714.182 Loading class java/lang/Throwable$WrappedPrintWriter
Event: 714.183 Loading class java/lang/Throwable$PrintStreamOrWriter
Event: 714.184 Loading class java/lang/Throwable$PrintStreamOrWriter done
Event: 714.184 Loading class java/lang/Throwable$WrappedPrintWriter done
Event: 858.144 Loading class java/nio/channels/CompletionHandler
Event: 858.145 Loading class java/nio/channels/CompletionHandler done
Event: 883.753 Loading class java/util/DualPivotQuicksort$Sorter
Event: 883.754 Loading class java/util/DualPivotQuicksort$Sorter done

Classes unloaded (9 events):
Event: 25.582 Thread 0x000001e7e587e7c0 Unloading class 0x000001e7811a5400 'java/lang/invoke/LambdaForm$MH+0x000001e7811a5400'
Event: 25.582 Thread 0x000001e7e587e7c0 Unloading class 0x000001e7811a5000 'java/lang/invoke/LambdaForm$MH+0x000001e7811a5000'
Event: 25.582 Thread 0x000001e7e587e7c0 Unloading class 0x000001e7811a4c00 'java/lang/invoke/LambdaForm$MH+0x000001e7811a4c00'
Event: 25.582 Thread 0x000001e7e587e7c0 Unloading class 0x000001e7811a4800 'java/lang/invoke/LambdaForm$MH+0x000001e7811a4800'
Event: 25.582 Thread 0x000001e7e587e7c0 Unloading class 0x000001e7811a4400 'java/lang/invoke/LambdaForm$BMH+0x000001e7811a4400'
Event: 25.582 Thread 0x000001e7e587e7c0 Unloading class 0x000001e7811a4000 'java/lang/invoke/LambdaForm$DMH+0x000001e7811a4000'
Event: 25.582 Thread 0x000001e7e587e7c0 Unloading class 0x000001e7811a2c00 'java/lang/invoke/LambdaForm$DMH+0x000001e7811a2c00'
Event: 60.236 Thread 0x000001e7e587e7c0 Unloading class 0x000001e7816cc800 'java/lang/invoke/LambdaForm$MH+0x000001e7816cc800'
Event: 60.236 Thread 0x000001e7e587e7c0 Unloading class 0x000001e7816cc000 'java/lang/invoke/LambdaForm$MH+0x000001e7816cc000'

Classes redefined (0 events):
No events

Internal exceptions (20 events):
Event: 920.665 Thread 0x000001e7fdafbab0 Exception <a 'sun/nio/fs/WindowsException'{0x00000000d5673aa0}> (0x00000000d5673aa0) 
thrown [s\src\hotspot\share\prims\jni.cpp, line 520]
Event: 920.669 Thread 0x000001e7fdafce60 Exception <a 'sun/nio/fs/WindowsException'{0x00000000d56346c0}> (0x00000000d56346c0) 
thrown [s\src\hotspot\share\prims\jni.cpp, line 520]
Event: 924.809 Thread 0x000001e7fdafce60 Exception <a 'sun/nio/fs/WindowsException'{0x00000000d5604850}> (0x00000000d5604850) 
thrown [s\src\hotspot\share\prims\jni.cpp, line 520]
Event: 924.919 Thread 0x000001e7fdafdb80 Exception <a 'sun/nio/fs/WindowsException'{0x00000000d5590910}> (0x00000000d5590910) 
thrown [s\src\hotspot\share\prims\jni.cpp, line 520]
Event: 924.924 Thread 0x000001e7fdafdb80 Exception <a 'sun/nio/fs/WindowsException'{0x00000000d55a3a18}> (0x00000000d55a3a18) 
thrown [s\src\hotspot\share\prims\jni.cpp, line 520]
Event: 924.930 Thread 0x000001e7fdafdb80 Exception <a 'sun/nio/fs/WindowsException'{0x00000000d5628b20}> (0x00000000d5628b20) 
thrown [s\src\hotspot\share\prims\jni.cpp, line 520]
Event: 924.937 Thread 0x000001e7fdafdb80 Exception <a 'sun/nio/fs/WindowsException'{0x00000000d5732ec0}> (0x00000000d5732ec0) 
thrown [s\src\hotspot\share\prims\jni.cpp, line 520]
Event: 924.937 Thread 0x000001e7fdafdb80 Exception <a 'sun/nio/fs/WindowsException'{0x00000000d576aa08}> (0x00000000d576aa08) 
thrown [s\src\hotspot\share\prims\jni.cpp, line 520]
Event: 924.952 Thread 0x000001e7fdafdb80 Exception <a 'sun/nio/fs/WindowsException'{0x00000000d567b530}> (0x00000000d567b530) 
thrown [s\src\hotspot\share\prims\jni.cpp, line 520]
Event: 924.953 Thread 0x000001e7fdafdb80 Exception <a 'sun/nio/fs/WindowsException'{0x00000000d567bdc8}> (0x00000000d567bdc8) 
thrown [s\src\hotspot\share\prims\jni.cpp, line 520]
Event: 924.990 Thread 0x000001e7fdafce60 Exception <a 'sun/nio/fs/WindowsException'{0x00000000d558cde0}> (0x00000000d558cde0) 
thrown [s\src\hotspot\share\prims\jni.cpp, line 520]
Event: 928.217 Thread 0x000001e7c54b9b80 Implicit null exception at 0x000001e7f19c68df to 0x000001e7f19c78c8
Event: 929.103 Thread 0x000001e7fdafce60 Exception <a 'sun/nio/fs/WindowsException'{0x00000000d56d5368}> (0x00000000d56d5368) 
thrown [s\src\hotspot\share\prims\jni.cpp, line 520]
Event: 929.205 Thread 0x000001e7fdc960d0 Exception <a 'sun/nio/fs/WindowsException'{0x00000000d55c4480}> (0x00000000d55c4480) 
thrown [s\src\hotspot\share\prims\jni.cpp, line 520]
Event: 929.209 Thread 0x000001e7fdc960d0 Exception <a 'sun/nio/fs/WindowsException'{0x00000000d55d7868}> (0x00000000d55d7868) 
thrown [s\src\hotspot\share\prims\jni.cpp, line 520]
Event: 929.214 Thread 0x000001e7fdc960d0 Exception <a 'sun/nio/fs/WindowsException'{0x00000000d55edca0}> (0x00000000d55edca0) 
thrown [s\src\hotspot\share\prims\jni.cpp, line 520]
Event: 929.219 Thread 0x000001e7fdc960d0 Exception <a 'sun/nio/fs/WindowsException'{0x00000000d5609f58}> (0x00000000d5609f58) 
thrown [s\src\hotspot\share\prims\jni.cpp, line 520]
Event: 929.220 Thread 0x000001e7fdc960d0 Exception <a 'sun/nio/fs/WindowsException'{0x00000000d560b858}> (0x00000000d560b858) 
thrown [s\src\hotspot\share\prims\jni.cpp, line 520]
Event: 929.237 Thread 0x000001e7fdc960d0 Exception <a 'sun/nio/fs/WindowsException'{0x00000000d5645de0}> (0x00000000d5645de0) 
thrown [s\src\hotspot\share\prims\jni.cpp, line 520]
Event: 929.237 Thread 0x000001e7fdc960d0 Exception <a 'sun/nio/fs/WindowsException'{0x00000000d5646650}> (0x00000000d5646650) 
thrown [s\src\hotspot\share\prims\jni.cpp, line 520]

ZGC Phase Switch (0 events):
No events

VM Operations (20 events):
Event: 928.919 Executing safepoint VM operation: ParallelGCFailedAllocation (Allocation Failure) done
Event: 929.107 Executing safepoint VM operation: ParallelGCFailedAllocation (Allocation Failure)
Event: 929.108 Executing safepoint VM operation: ParallelGCFailedAllocation (Allocation Failure) done
Event: 929.115 Executing safepoint VM operation: ParallelGCFailedAllocation (Allocation Failure)
Event: 929.118 Executing safepoint VM operation: ParallelGCFailedAllocation (Allocation Failure) done
Event: 929.120 Executing safepoint VM operation: ParallelGCFailedAllocation (Allocation Failure)
Event: 929.122 Executing safepoint VM operation: ParallelGCFailedAllocation (Allocation Failure) done
Event: 929.125 Executing safepoint VM operation: ParallelGCFailedAllocation (Allocation Failure)
Event: 929.127 Executing safepoint VM operation: ParallelGCFailedAllocation (Allocation Failure) done
Event: 929.134 Executing safepoint VM operation: ParallelGCFailedAllocation (Allocation Failure)
Event: 929.137 Executing safepoint VM operation: ParallelGCFailedAllocation (Allocation Failure) done
Event: 929.147 Executing safepoint VM operation: ParallelGCFailedAllocation (Allocation Failure)
Event: 929.151 Executing safepoint VM operation: ParallelGCFailedAllocation (Allocation Failure) done
Event: 929.196 Executing safepoint VM operation: ParallelGCFailedAllocation (Allocation Failure)
Event: 929.200 Executing safepoint VM operation: ParallelGCFailedAllocation (Allocation Failure) done
Event: 929.250 Executing safepoint VM operation: ParallelGCFailedAllocation (Allocation Failure)
Event: 929.253 Executing safepoint VM operation: ParallelGCFailedAllocation (Allocation Failure) done
Event: 929.281 Executing safepoint VM operation: ParallelGCFailedAllocation (Allocation Failure)
Event: 929.543 Executing safepoint VM operation: ParallelGCFailedAllocation (Allocation Failure) done
Event: 929.586 Executing safepoint VM operation: ParallelGCFailedAllocation (Allocation Failure)

Memory protections (0 events):
No events

Nmethod flushes (20 events):
Event: 873.948 Thread 0x000001e7e587e7c0 flushing  nmethod 0x000001e7eaaf7010
Event: 873.948 Thread 0x000001e7e587e7c0 flushing  nmethod 0x000001e7eab20090
Event: 873.948 Thread 0x000001e7e587e7c0 flushing  nmethod 0x000001e7eab5a790
Event: 873.948 Thread 0x000001e7e587e7c0 flushing  nmethod 0x000001e7eab65b10
Event: 873.948 Thread 0x000001e7e587e7c0 flushing  nmethod 0x000001e7eab66b10
Event: 873.948 Thread 0x000001e7e587e7c0 flushing  nmethod 0x000001e7eab68410
Event: 873.948 Thread 0x000001e7e587e7c0 flushing  nmethod 0x000001e7eabd6310
Event: 873.948 Thread 0x000001e7e587e7c0 flushing  nmethod 0x000001e7eabd7c10
Event: 873.948 Thread 0x000001e7e587e7c0 flushing  nmethod 0x000001e7eac9a010
Event: 873.948 Thread 0x000001e7e587e7c0 flushing  nmethod 0x000001e7eace2b10
Event: 873.948 Thread 0x000001e7e587e7c0 flushing  nmethod 0x000001e7ead85790
Event: 873.948 Thread 0x000001e7e587e7c0 flushing  nmethod 0x000001e7eae44e10
Event: 873.948 Thread 0x000001e7e587e7c0 flushing osr nmethod 0x000001e7eae4af90
Event: 873.948 Thread 0x000001e7e587e7c0 flushing  nmethod 0x000001e7eae54b10
Event: 873.948 Thread 0x000001e7e587e7c0 flushing  nmethod 0x000001e7eae55d10
Event: 873.948 Thread 0x000001e7e587e7c0 flushing  nmethod 0x000001e7eae58e90
Event: 873.948 Thread 0x000001e7e587e7c0 flushing osr nmethod 0x000001e7eae5f710
Event: 873.948 Thread 0x000001e7e587e7c0 flushing osr nmethod 0x000001e7eae6f590
Event: 873.948 Thread 0x000001e7e587e7c0 flushing  nmethod 0x000001e7eaec7410
Event: 873.948 Thread 0x000001e7e587e7c0 flushing osr nmethod 0x000001e7eaec7d10

Events (20 events):
Event: 848.601 Thread 0x000001e7c5b7a920 Thread exited: 0x000001e7c5b7a920
Event: 866.284 Thread 0x000001e7fdafdb80 Thread added: 0x000001e7fdc960d0
Event: 877.262 Thread 0x000001e7e5754780 Thread added: 0x000001e7c5b7b6c0
Event: 877.390 Thread 0x000001e7c5b7b6c0 Thread exited: 0x000001e7c5b7b6c0
Event: 888.623 Thread 0x000001e7e5754780 Thread added: 0x000001e7c5b7a250
Event: 890.404 Thread 0x000001e7c5b7a250 Thread exited: 0x000001e7c5b7a250
Event: 904.255 Thread 0x000001e7e5754780 Thread added: 0x000001e7c5b7a920
Event: 904.587 Thread 0x000001e7c5b7a920 Thread exited: 0x000001e7c5b7a920
Event: 908.102 Thread 0x000001e7e5754780 Thread added: 0x000001e7c5b7bd90
Event: 909.224 Thread 0x000001e7c5b7bd90 Thread exited: 0x000001e7c5b7bd90
Event: 912.468 Thread 0x000001e7e5754780 Thread added: 0x000001e7c5b7a920
Event: 915.582 Thread 0x000001e7c5b7a920 Thread exited: 0x000001e7c5b7a920
Event: 919.182 Thread 0x000001e7e56d8720 Thread added: 0x000001e7ff3a3400
Event: 919.577 Thread 0x000001e7ff3a3400 Thread exited: 0x000001e7ff3a3400
Event: 921.407 Thread 0x000001e7e56d8720 Thread added: 0x000001e7ff3a3400
Event: 922.280 Thread 0x000001e7ff3a3400 Thread exited: 0x000001e7ff3a3400
Event: 922.320 Thread 0x000001e7e5754780 Thread added: 0x000001e7ff3a3400
Event: 922.489 Thread 0x000001e7ff3a3400 Thread exited: 0x000001e7ff3a3400
Event: 928.360 Thread 0x000001e7e5754780 Thread added: 0x000001e7c5d8b3f0
Event: 928.606 Thread 0x000001e7c5d8b3f0 Thread exited: 0x000001e7c5d8b3f0


Dynamic libraries:
0x00007ff6f74d0000 - 0x00007ff6f74de000 	c:\Users\roger\.vscode\extensions\redhat.java-1.53.0-win32-x64\jre\21.0.10-win32-x86_64\bin\java.exe
0x00007ff9c8560000 - 0x00007ff9c87c7000 	C:\WINDOWS\SYSTEM32\ntdll.dll
0x00007ff9c72f0000 - 0x00007ff9c73b9000 	C:\WINDOWS\System32\KERNEL32.DLL
0x00007ff9c5f00000 - 0x00007ff9c62f1000 	C:\WINDOWS\System32\KERNELBASE.dll
0x00007ff9c5d80000 - 0x00007ff9c5ecb000 	C:\WINDOWS\System32\ucrtbase.dll
0x00007ff9c00e0000 - 0x00007ff9c00f8000 	c:\Users\roger\.vscode\extensions\redhat.java-1.53.0-win32-x64\jre\21.0.10-win32-x86_64\bin\jli.dll
0x00007ff9c64e0000 - 0x00007ff9c66a5000 	C:\WINDOWS\System32\USER32.dll
0x00007ff9c5ed0000 - 0x00007ff9c5ef7000 	C:\WINDOWS\System32\win32u.dll
0x00007ff9c7d40000 - 0x00007ff9c7d6b000 	C:\WINDOWS\System32\GDI32.dll
0x00007ff9c4e40000 - 0x00007ff9c4f6b000 	C:\WINDOWS\System32\gdi32full.dll
0x00007ff9c4f70000 - 0x00007ff9c5013000 	C:\WINDOWS\System32\msvcp_win.dll
0x00007ff958550000 - 0x00007ff95856e000 	c:\Users\roger\.vscode\extensions\redhat.java-1.53.0-win32-x64\jre\21.0.10-win32-x86_64\bin\VCRUNTIME140.dll
0x00007ff9b2130000 - 0x00007ff9b23c3000 	C:\WINDOWS\WinSxS\amd64_microsoft.windows.common-controls_6595b64144ccf1df_6.0.26100.8037_none_3e092faae333b53b\COMCTL32.dll
0x00007ff9c7460000 - 0x00007ff9c7509000 	C:\WINDOWS\System32\msvcrt.dll
0x00007ff9c71b0000 - 0x00007ff9c71e1000 	C:\WINDOWS\System32\IMM32.DLL
0x00007ff998880000 - 0x00007ff99888c000 	c:\Users\roger\.vscode\extensions\redhat.java-1.53.0-win32-x64\jre\21.0.10-win32-x86_64\bin\vcruntime140_1.dll
0x00007ff935020000 - 0x00007ff9350ad000 	c:\Users\roger\.vscode\extensions\redhat.java-1.53.0-win32-x64\jre\21.0.10-win32-x86_64\bin\msvcp140.dll
0x00007ff934270000 - 0x00007ff935011000 	c:\Users\roger\.vscode\extensions\redhat.java-1.53.0-win32-x64\jre\21.0.10-win32-x86_64\bin\server\jvm.dll
0x00007ff9c7e40000 - 0x00007ff9c7efb000 	C:\WINDOWS\System32\ADVAPI32.dll
0x00007ff9c66b0000 - 0x00007ff9c6757000 	C:\WINDOWS\System32\sechost.dll
0x00007ff9c81e0000 - 0x00007ff9c82f8000 	C:\WINDOWS\System32\RPCRT4.dll
0x00007ff9c8300000 - 0x00007ff9c8374000 	C:\WINDOWS\System32\WS2_32.dll
0x00007ff9c4cc0000 - 0x00007ff9c4d1e000 	C:\WINDOWS\SYSTEM32\POWRPROF.dll
0x00007ff9b8180000 - 0x00007ff9b81b5000 	C:\WINDOWS\SYSTEM32\WINMM.dll
0x00007ff9b8770000 - 0x00007ff9b877b000 	C:\WINDOWS\SYSTEM32\VERSION.dll
0x00007ff9c4ca0000 - 0x00007ff9c4cb4000 	C:\WINDOWS\SYSTEM32\UMPDC.dll
0x00007ff9c3bb0000 - 0x00007ff9c3bcb000 	C:\WINDOWS\SYSTEM32\kernel.appcore.dll
0x00007ff9974d0000 - 0x00007ff9974da000 	c:\Users\roger\.vscode\extensions\redhat.java-1.53.0-win32-x64\jre\21.0.10-win32-x86_64\bin\jimage.dll
0x00007ff9c2c70000 - 0x00007ff9c2eb2000 	C:\WINDOWS\SYSTEM32\DBGHELP.DLL
0x00007ff9c6e10000 - 0x00007ff9c7192000 	C:\WINDOWS\System32\combase.dll
0x00007ff9c7f00000 - 0x00007ff9c7fd7000 	C:\WINDOWS\System32\OLEAUT32.dll
0x00007ff9a8ba0000 - 0x00007ff9a8bdb000 	C:\WINDOWS\SYSTEM32\dbgcore.DLL
0x00007ff9c5ac0000 - 0x00007ff9c5b65000 	C:\WINDOWS\System32\bcryptPrimitives.dll
0x00007ff996ce0000 - 0x00007ff996cef000 	c:\Users\roger\.vscode\extensions\redhat.java-1.53.0-win32-x64\jre\21.0.10-win32-x86_64\bin\instrument.dll
0x00007ff958380000 - 0x00007ff9583a0000 	c:\Users\roger\.vscode\extensions\redhat.java-1.53.0-win32-x64\jre\21.0.10-win32-x86_64\bin\java.dll
0x00007ff9c7510000 - 0x00007ff9c7c6f000 	C:\WINDOWS\System32\SHELL32.dll
0x00007ff9c50e0000 - 0x00007ff9c524a000 	C:\WINDOWS\System32\wintypes.dll
0x00007ff9c5250000 - 0x00007ff9c5ab4000 	C:\WINDOWS\System32\windows.storage.dll
0x00007ff9c7fe0000 - 0x00007ff9c80d7000 	C:\WINDOWS\System32\SHCORE.dll
0x00007ff9c7d70000 - 0x00007ff9c7dd7000 	C:\WINDOWS\System32\shlwapi.dll
0x00007ff9c4d60000 - 0x00007ff9c4d89000 	C:\WINDOWS\SYSTEM32\profapi.dll
0x00007ff956890000 - 0x00007ff9568a8000 	c:\Users\roger\.vscode\extensions\redhat.java-1.53.0-win32-x64\jre\21.0.10-win32-x86_64\bin\zip.dll
0x00007ff95f750000 - 0x00007ff95f760000 	C:\Users\roger\.vscode\extensions\redhat.java-1.53.0-win32-x64\jre\21.0.10-win32-x86_64\bin\net.dll
0x00007ff9b8520000 - 0x00007ff9b8647000 	C:\WINDOWS\SYSTEM32\WINHTTP.dll
0x00007ff9c4140000 - 0x00007ff9c41ab000 	C:\WINDOWS\system32\mswsock.dll
0x00007ff956710000 - 0x00007ff956726000 	C:\Users\roger\.vscode\extensions\redhat.java-1.53.0-win32-x64\jre\21.0.10-win32-x86_64\bin\nio.dll
0x00007ff95ee00000 - 0x00007ff95ee10000 	c:\Users\roger\.vscode\extensions\redhat.java-1.53.0-win32-x64\jre\21.0.10-win32-x86_64\bin\verify.dll
0x00007ff936aa0000 - 0x00007ff936ae5000 	C:\Users\roger\AppData\Roaming\Code\User\globalStorage\redhat.java\1.53.0\config_win\org.eclipse.equinox.launcher\org.eclipse.equinox.launcher.win32.win32.x86_64_1.3.0.v20260203-2149\eclipse_11919.dll
0x00007ff9c8380000 - 0x00007ff9c8515000 	C:\WINDOWS\System32\ole32.dll
0x00007ff9c4420000 - 0x00007ff9c443b000 	C:\WINDOWS\SYSTEM32\CRYPTSP.dll
0x00007ff9c3b10000 - 0x00007ff9c3b49000 	C:\WINDOWS\system32\rsaenh.dll
0x00007ff9c41f0000 - 0x00007ff9c4222000 	C:\WINDOWS\SYSTEM32\USERENV.dll
0x00007ff9c4d30000 - 0x00007ff9c4d5a000 	C:\WINDOWS\SYSTEM32\bcrypt.dll
0x00007ff9c4440000 - 0x00007ff9c444c000 	C:\WINDOWS\SYSTEM32\CRYPTBASE.dll
0x00007ff9c3620000 - 0x00007ff9c3653000 	C:\WINDOWS\SYSTEM32\IPHLPAPI.DLL
0x00007ff9c7de0000 - 0x00007ff9c7dea000 	C:\WINDOWS\System32\NSI.dll
0x00007ff9970d0000 - 0x00007ff997119000 	C:\Users\roger\AppData\Local\Temp\jna-108690423\jna3921869616958892244.dll
0x00007ff9c73c0000 - 0x00007ff9c73c8000 	C:\WINDOWS\System32\PSAPI.DLL
0x00007ff9b8360000 - 0x00007ff9b837d000 	C:\WINDOWS\SYSTEM32\dhcpcsvc6.DLL
0x00007ff9b8310000 - 0x00007ff9b8333000 	C:\WINDOWS\SYSTEM32\dhcpcsvc.DLL
0x00007ff9c3cf0000 - 0x00007ff9c3d26000 	C:\WINDOWS\SYSTEM32\ntmarta.dll

JVMTI agents:
c:\Users\roger\.vscode\extensions\redhat.java-1.53.0-win32-x64\lombok\lombok-1.18.39-4050.jar path:c:\Users\roger\.vscode\extensions\redhat.java-1.53.0-win32-x64\jre\21.0.10-win32-x86_64\bin\instrument.dll, loaded, initialized, instrumentlib options:none

dbghelp: loaded successfully - version: 4.0.5 - missing functions: none
symbol engine: initialized successfully - sym options: 0x614 - pdb path: .;c:\Users\roger\.vscode\extensions\redhat.java-1.53.0-win32-x64\jre\21.0.10-win32-x86_64\bin;C:\WINDOWS\SYSTEM32;C:\WINDOWS\WinSxS\amd64_microsoft.windows.common-controls_6595b64144ccf1df_6.0.26100.8037_none_3e092faae333b53b;c:\Users\roger\.vscode\extensions\redhat.java-1.53.0-win32-x64\jre\21.0.10-win32-x86_64\bin\server;C:\Users\roger\AppData\Roaming\Code\User\globalStorage\redhat.java\1.53.0\config_win\org.eclipse.equinox.launcher\org.eclipse.equinox.launcher.win32.win32.x86_64_1.3.0.v20260203-2149;C:\Users\roger\AppData\Local\Temp\jna-108690423

VM Arguments:
jvm_args: --add-modules=ALL-SYSTEM --add-opens=java.base/java.util=ALL-UNNAMED --add-opens=java.base/java.lang=ALL-UNNAMED --add-opens=java.base/sun.nio.fs=ALL-UNNAMED -Declipse.application=org.eclipse.jdt.ls.core.id1 -Dosgi.bundles.defaultStartLevel=4 -Declipse.product=org.eclipse.jdt.ls.core.product -Djava.import.generatesMetadataFilesAtProjectRoot=false -DDetectVMInstallationsJob.disabled=true -Dfile.encoding=utf8 -XX:+UseParallelGC -XX:GCTimeRatio=4 -XX:AdaptiveSizePolicyWeight=90 -Dsun.zip.disableMemoryMapping=true -Xmx2G -Xms100m -Xlog:disable -javaagent:c:\Users\roger\.vscode\extensions\redhat.java-1.53.0-win32-x64\lombok\lombok-1.18.39-4050.jar -XX:+HeapDumpOnOutOfMemoryError -XX:HeapDumpPath=c:\Users\roger\AppData\Roaming\Code\User\workspaceStorage\8e6ae2af2d4dfc56c9bbe3d6a389f982\redhat.java -Daether.dependencyCollector.impl=bf 
java_command: c:\Users\roger\.vscode\extensions\redhat.java-1.53.0-win32-x64\server\plugins\org.eclipse.equinox.launcher_1.7.100.v20251111-0406.jar -configuration c:\Users\roger\AppData\Roaming\Code\User\globalStorage\redhat.java\1.53.0\config_win -data c:\Users\roger\AppData\Roaming\Code\User\workspaceStorage\8e6ae2af2d4dfc56c9bbe3d6a389f982\redhat.java\jdt_ws --pipe=\\.\pipe\lsp-cab4293d8ef48d20b06e4c8258599b21-sock
java_class_path (initial): c:\Users\roger\.vscode\extensions\redhat.java-1.53.0-win32-x64\server\plugins\org.eclipse.equinox.launcher_1.7.100.v20251111-0406.jar
Launcher Type: SUN_STANDARD

[Global flags]
    uintx AdaptiveSizePolicyWeight                 = 90                                        {product} {command line}
     intx CICompilerCount                          = 3                                         {product} {ergonomic}
    uintx GCTimeRatio                              = 4                                         {product} {command line}
     bool HeapDumpOnOutOfMemoryError               = true                                   {manageable} {command line}
    ccstr HeapDumpPath                             = c:\Users\roger\AppData\Roaming\Code\User\workspaceStorage\8e6ae2af2d4dfc56c9bbe3d6a389f982\redhat.java         {manageable} {command line}
   size_t InitialHeapSize                          = 104857600                                 {product} {command line}
   size_t MaxHeapSize                              = 2147483648                                {product} {command line}
   size_t MaxNewSize                               = 715653120                                 {product} {ergonomic}
   size_t MinHeapDeltaBytes                        = 524288                                    {product} {ergonomic}
   size_t MinHeapSize                              = 104857600                                 {product} {command line}
   size_t NewSize                                  = 34603008                                  {product} {ergonomic}
    uintx NonNMethodCodeHeapSize                   = 5832780                                {pd product} {ergonomic}
    uintx NonProfiledCodeHeapSize                  = 122912730                              {pd product} {ergonomic}
   size_t OldSize                                  = 70254592                                  {product} {ergonomic}
    uintx ProfiledCodeHeapSize                     = 122912730                              {pd product} {ergonomic}
    uintx ReservedCodeCacheSize                    = 251658240                              {pd product} {ergonomic}
     bool SegmentedCodeCache                       = true                                      {product} {ergonomic}
   size_t SoftMaxHeapSize                          = 2147483648                             {manageable} {ergonomic}
     bool UseCompressedOops                        = true                           {product lp64_product} {ergonomic}
     bool UseLargePagesIndividualAllocation        = false                                  {pd product} {ergonomic}
     bool UseParallelGC                            = true                                      {product} {command line}

Logging:
Log output configuration:
 #0: stdout all=off uptime,level,tags foldmultilines=false
 #1: stderr all=off uptime,level,tags foldmultilines=false

Release file:
JAVA_VERSION="21.0.10" 
MODULES="java.base java.compiler java.datatransfer java.xml java.prefs java.desktop java.instrument java.logging java.management java.security.sasl java.naming java.rmi java.management.rmi java.net.http java.scripting java.security.jgss java.transaction.xa java.sql java.sql.rowset java.xml.crypto java.se java.smartcardio jdk.accessibility jdk.internal.jvmstat jdk.attach jdk.charsets jdk.internal.opt jdk.zipfs jdk.compiler jdk.crypto.ec jdk.crypto.cryptoki jdk.crypto.mscapi jdk.dynalink jdk.internal.ed jdk.editpad jdk.hotspot.agent jdk.httpserver jdk.internal.le jdk.internal.vm.ci jdk.internal.vm.compiler jdk.internal.vm.compiler.management jdk.jartool jdk.javadoc jdk.jcmd jdk.management jdk.management.agent jdk.jconsole jdk.jdeps jdk.jdwp.agent jdk.jdi jdk.jfr jdk.jshell jdk.jsobject jdk.jstatd jdk.localedata jdk.management.jfr jdk.naming.dns jdk.naming.rmi jdk.net jdk.nio.mapmode jdk.random jdk.sctp jdk.security.auth jdk.security.jgss jdk.unsupported jdk.unsupported.desktop jdk.xml.dom" 

Environment Variables:
JAVA_HOME=C:\Program Files\Java\jdk-24
PATH=C:\Users\roger\AppData\Local\Programs\Microsoft VS Code;C:\Program Files\Common Files\Oracle\Java\javapath;C:\Program Files (x86)\Common Files\Oracle\Java\java8path;C:\Program Files (x86)\Common Files\Oracle\Java\javapath;C:\WINDOWS\system32;C:\WINDOWS;C:\WINDOWS\System32\Wbem;C:\WINDOWS\System32\WindowsPowerShell\v1.0\;C:\WINDOWS\System32\OpenSSH\;C:\Program Files\dotnet\;C:\MinGW\bin;C:\Program Files\CMake\bin;C:\Program Files\Git\cmd;C:\Program Files\nodejs\;C:\Program Files\Docker\Docker\resources\bin;C:\Program Files (x86)\Google\Cloud SDK\google-cloud-sdk\bin;C:\xampp\mysql\bin;C:\Program Files\MySQL\MySQL Shell 8.0\bin\;C:\Users\roger\AppData\Local\Programs\Python\Python313\Scripts\;C:\Users\roger\AppData\Local\Programs\Python\Python313\;C:\Users\roger\AppData\Local\Microsoft\WindowsApps;C:\Users\roger\AppData\Local\Programs\Microsoft VS Code\bin;C:\Users\roger\.dotnet\tools;C:\Users\roger\AppData\Local\GitHubDesktop\bin;C:\Users\roger\AppData\Roaming\npm;C:\Program Files\Java\jdk-24\bin
USERNAME=roger
OS=Windows_NT
PROCESSOR_IDENTIFIER=Intel64 Family 6 Model 126 Stepping 5, GenuineIntel
TMP=C:\Users\roger\AppData\Local\Temp
TEMP=C:\Users\roger\AppData\Local\Temp




Periodic native trim disabled

---------------  S Y S T E M  ---------------

OS:
 Windows 11 , 64 bit Build 26100 (10.0.26100.7920)
OS uptime: 6 days 16:52 hours
Hyper-V role detected

CPU: total 4 (initial active 4) (2 cores per cpu, 2 threads per core) family 6 model 126 stepping 5 microcode 0xca, cx8, cmov, fxsr, ht, mmx, 3dnowpref, sse, sse2, sse3, ssse3, sse4.1, sse4.2, popcnt, lzcnt, tsc, tscinvbit, avx, avx2, aes, erms, clmul, bmi1, bmi2, adx, avx512f, avx512dq, avx512cd, avx512bw, avx512vl, sha, fma, vzeroupper, avx512_vpopcntdq, avx512_vpclmulqdq, avx512_vaes, avx512_vnni, clflush, clflushopt, avx512_vbmi2, avx512_vbmi, hv, rdtscp, rdpid, fsrm, gfni, avx512_bitalg, f16c, avx512_ifma
Processor Information for the first 4 processors :
  Max Mhz: 1190, Current Mhz: 1190, Mhz Limit: 1190

Memory: 4k page, system-wide physical 7958M (643M free)
TotalPageFile size 24342M (AvailPageFile size 3M)
current process WorkingSet (physical memory assigned to process): 645M, peak: 645M
current process commit charge ("private bytes"): 749M, peak: 1716M

vm_info: OpenJDK 64-Bit Server VM (21.0.10+7-LTS) for windows-amd64 JRE (21.0.10+7-LTS), built on 2026-01-20T00:00:00Z by "admin" with MS VC++ 17.12 (VS2022)

END.
