#
# There is insufficient memory for the Java Runtime Environment to continue.
# Native memory allocation (malloc) failed to allocate 1514256 bytes. Error detail: Chunk::new
# Possible reasons:
#   The system is out of physical RAM or swap space
#   This process is running with CompressedOops enabled, and the Java Heap may be blocking the growth of the native heap
# Possible solutions:
#   Reduce memory load on the system
#   Increase physical memory or swap space
#   Check if swap backing store is full
#   Decrease Java heap size (-Xmx/-Xms)
#   Decrease number of Java threads
#   Decrease Java thread stack sizes (-Xss)
#   Set larger code cache with -XX:ReservedCodeCacheSize=
#   JVM is running with Unscaled Compressed Oops mode in which the Java heap is
#     placed in the first 4GB address space. The Java Heap base address is the
#     maximum limit for the native heap growth. Please use -XX:HeapBaseMinAddress
#     to set the Java Heap base and to place the Java Heap above 4GB virtual address.
# This output file may be truncated or incomplete.
#
#  Out of Memory Error (arena.cpp:168), pid=4344, tid=14940
#
# JRE version: OpenJDK Runtime Environment Temurin-21.0.10+7 (21.0.10+7) (build 21.0.10+7-LTS)
# Java VM: OpenJDK 64-Bit Server VM Temurin-21.0.10+7 (21.0.10+7-LTS, mixed mode, sharing, tiered, compressed oops, compressed class ptrs, parallel gc, windows-amd64)
# No core dump will be written. Minidumps are not enabled by default on client versions of Windows
#

---------------  S U M M A R Y ------------

Command Line: --add-modules=ALL-SYSTEM --add-opens=java.base/java.util=ALL-UNNAMED --add-opens=java.base/java.lang=ALL-UNNAMED --add-opens=java.base/sun.nio.fs=ALL-UNNAMED -Declipse.application=org.eclipse.jdt.ls.core.id1 -Dosgi.bundles.defaultStartLevel=4 -Declipse.product=org.eclipse.jdt.ls.core.product -Djava.import.generatesMetadataFilesAtProjectRoot=false -DDetectVMInstallationsJob.disabled=true -Dfile.encoding=utf8 -XX:+UseParallelGC -XX:GCTimeRatio=4 -XX:AdaptiveSizePolicyWeight=90 -Dsun.zip.disableMemoryMapping=true -Xmx2G -Xms100m -Xlog:disable -javaagent:c:\Users\roger\.vscode\extensions\redhat.java-1.53.0-win32-x64\lombok\lombok-1.18.39-4050.jar -XX:+HeapDumpOnOutOfMemoryError -XX:HeapDumpPath=c:\Users\roger\AppData\Roaming\Code\User\workspaceStorage\8e6ae2af2d4dfc56c9bbe3d6a389f982\redhat.java -Daether.dependencyCollector.impl=bf c:\Users\roger\.vscode\extensions\redhat.java-1.53.0-win32-x64\server\plugins\org.eclipse.equinox.launcher_1.7.100.v20251111-0406.jar -configuration c:\Users\roger\AppData\Roaming\Code\User\globalStorage\redhat.java\1.53.0\config_win -data c:\Users\roger\AppData\Roaming\Code\User\workspaceStorage\8e6ae2af2d4dfc56c9bbe3d6a389f982\redhat.java\jdt_ws --pipe=\\.\pipe\lsp-12f45ae0b00254d89e9ed3ddf38f6ac5-sock

Host: Intel(R) Core(TM) i3-1005G1 CPU @ 1.20GHz, 4 cores, 7G,  Windows 11 , 64 bit Build 26100 (10.0.26100.7920)
Time: Mon Apr  6 11:53:33 2026 Hora oficial do Brasil elapsed time: 10.310744 seconds (0d 0h 0m 10s)

---------------  T H R E A D  ---------------

Current thread (0x000001a8b43600a0):  JavaThread "C2 CompilerThread0" daemon [_thread_in_native, id=14940, stack(0x0000004e83600000,0x0000004e83700000) (1024K)]


Current CompileTask:
C2:10310 3252       4       java.lang.invoke.MethodType::makeImpl (109 bytes)

Stack: [0x0000004e83600000,0x0000004e83700000]
Native frames: (J=compiled Java code, j=interpreted, Vv=VM code, C=native code)
V  [jvm.dll+0x6d7a39]
V  [jvm.dll+0x8b4b26]
V  [jvm.dll+0x8b70de]
V  [jvm.dll+0x8b77c3]
V  [jvm.dll+0x284346]
V  [jvm.dll+0xc66ed]
V  [jvm.dll+0xc6c31]
V  [jvm.dll+0x3bec01]
V  [jvm.dll+0x38b162]
V  [jvm.dll+0x38a5aa]
V  [jvm.dll+0x24c560]
V  [jvm.dll+0x24bb40]
V  [jvm.dll+0x1cb34e]
V  [jvm.dll+0x25b85d]
V  [jvm.dll+0x259dea]
V  [jvm.dll+0x3f857e]
V  [jvm.dll+0x85f59d]
V  [jvm.dll+0x6d626d]
C  [ucrtbase.dll+0x37b0]
C  [KERNEL32.DLL+0x2e8d7]
C  [ntdll.dll+0x8c48c]


---------------  P R O C E S S  ---------------

Threads class SMR info:
_java_thread_list=0x000001a911edbb20, length=22, elements={
0x000001a8b4452170, 0x000001a8b450aec0, 0x000001a8b450e2b0, 0x000001a8b43420f0,
0x000001a8b4344210, 0x000001a8b4351f90, 0x000001a8b4356a10, 0x000001a8b43600a0,
0x000001a8b4362be0, 0x000001a90cc590a0, 0x000001a90cd207a0, 0x000001a9112fb450,
0x000001a9114aa7c0, 0x000001a9111add80, 0x000001a9111ae3f0, 0x000001a90caec4b0,
0x000001a911be6fa0, 0x000001a911df9b20, 0x000001a911f154c0, 0x000001a911f182b0,
0x000001a911f15b50, 0x000001a911f16870
}

Java Threads: ( => current thread )
  0x000001a8b4452170 JavaThread "main"                              [_thread_blocked, id=19524, stack(0x0000004e82c00000,0x0000004e82d00000) (1024K)]
  0x000001a8b450aec0 JavaThread "Reference Handler"          daemon [_thread_blocked, id=21708, stack(0x0000004e83000000,0x0000004e83100000) (1024K)]
  0x000001a8b450e2b0 JavaThread "Finalizer"                  daemon [_thread_blocked, id=20132, stack(0x0000004e83100000,0x0000004e83200000) (1024K)]
  0x000001a8b43420f0 JavaThread "Signal Dispatcher"          daemon [_thread_blocked, id=16036, stack(0x0000004e83200000,0x0000004e83300000) (1024K)]
  0x000001a8b4344210 JavaThread "Attach Listener"            daemon [_thread_blocked, id=336, stack(0x0000004e83300000,0x0000004e83400000) (1024K)]
  0x000001a8b4351f90 JavaThread "Service Thread"             daemon [_thread_blocked, id=26560, stack(0x0000004e83400000,0x0000004e83500000) (1024K)]
  0x000001a8b4356a10 JavaThread "Monitor Deflation Thread"   daemon [_thread_blocked, id=5508, stack(0x0000004e83500000,0x0000004e83600000) (1024K)]
=>0x000001a8b43600a0 JavaThread "C2 CompilerThread0"         daemon [_thread_in_native, id=14940, stack(0x0000004e83600000,0x0000004e83700000) (1024K)]
  0x000001a8b4362be0 JavaThread "C1 CompilerThread0"         daemon [_thread_blocked, id=22452, stack(0x0000004e83700000,0x0000004e83800000) (1024K)]
  0x000001a90cc590a0 JavaThread "Common-Cleaner"             daemon [_thread_blocked, id=21412, stack(0x0000004e83800000,0x0000004e83900000) (1024K)]
  0x000001a90cd207a0 JavaThread "Notification Thread"        daemon [_thread_blocked, id=24668, stack(0x0000004e83900000,0x0000004e83a00000) (1024K)]
  0x000001a9112fb450 JavaThread "Active Thread: Equinox Container: 71cc1fa4-d7fb-4ac9-9460-1864ec4bf056"        [_thread_blocked, id=18924, stack(0x0000004e83a00000,0x0000004e83b00000) (1024K)]
  0x000001a9114aa7c0 JavaThread "Refresh Thread: Equinox Container: 71cc1fa4-d7fb-4ac9-9460-1864ec4bf056" daemon [_thread_blocked, id=9624, stack(0x0000004e83e00000,0x0000004e83f00000) (1024K)]
  0x000001a9111add80 JavaThread "Framework Event Dispatcher: Equinox Container: 71cc1fa4-d7fb-4ac9-9460-1864ec4bf056" daemon [_thread_blocked, id=15748, stack(0x0000004e83f00000,0x0000004e84000000) (1024K)]
  0x000001a9111ae3f0 JavaThread "Start Level: Equinox Container: 71cc1fa4-d7fb-4ac9-9460-1864ec4bf056" daemon [_thread_in_native, id=21280, stack(0x0000004e84000000,0x0000004e84100000) (1024K)]
  0x000001a90caec4b0 JavaThread "Bundle File Closer"         daemon [_thread_blocked, id=22796, stack(0x0000004e84100000,0x0000004e84200000) (1024K)]
  0x000001a911be6fa0 JavaThread "SCR Component Actor"        daemon [_thread_blocked, id=17472, stack(0x0000004e84200000,0x0000004e84300000) (1024K)]
  0x000001a911df9b20 JavaThread "Worker-JM"                         [_thread_blocked, id=7204, stack(0x0000004e84300000,0x0000004e84400000) (1024K)]
  0x000001a911f154c0 JavaThread "JNA Cleaner"                daemon [_thread_blocked, id=20136, stack(0x0000004e84400000,0x0000004e84500000) (1024K)]
  0x000001a911f182b0 JavaThread "Worker-0: Checking project encoding"        [_thread_blocked, id=1648, stack(0x0000004e84500000,0x0000004e84600000) (1024K)]
  0x000001a911f15b50 JavaThread "Worker-1: Refreshing workspace"        [_thread_blocked, id=21532, stack(0x0000004e84600000,0x0000004e84700000) (1024K)]
  0x000001a911f16870 JavaThread "Worker-2"                          [_thread_blocked, id=20424, stack(0x0000004e84700000,0x0000004e84800000) (1024K)]
Total: 22

Other Threads:
  0x000001a8b433f900 VMThread "VM Thread"                           [id=9028, stack(0x0000004e82f00000,0x0000004e83000000) (1024K)]
  0x000001a8b44c0110 WatcherThread "VM Periodic Task Thread"        [id=12708, stack(0x0000004e82e00000,0x0000004e82f00000) (1024K)]
  0x000001a8b4471d70 WorkerThread "GC Thread#0"                     [id=5260, stack(0x0000004e82d00000,0x0000004e82e00000) (1024K)]
  0x000001a9111b74d0 WorkerThread "GC Thread#1"                     [id=24716, stack(0x0000004e83b00000,0x0000004e83c00000) (1024K)]
  0x000001a911208100 WorkerThread "GC Thread#2"                     [id=7676, stack(0x0000004e83c00000,0x0000004e83d00000) (1024K)]
  0x000001a911057970 WorkerThread "GC Thread#3"                     [id=12556, stack(0x0000004e83d00000,0x0000004e83e00000) (1024K)]
Total: 6

Threads with active compile tasks:
C2 CompilerThread0  10437 3252       4       java.lang.invoke.MethodType::makeImpl (109 bytes)
Total: 1

VM state: not at safepoint (normal execution)

VM Mutex/Monitor currently owned by a thread: None

Heap address: 0x0000000080000000, size: 2048 MB, Compressed Oops mode: 32-bit

CDS archive(s) mapped at: [0x000001a8cb000000-0x000001a8cbba0000-0x000001a8cbba0000), size 12189696, SharedBaseAddress: 0x000001a8cb000000, ArchiveRelocationMode: 1.
Compressed class space mapped at: 0x000001a8cc000000-0x000001a90c000000, reserved size: 1073741824
Narrow klass base: 0x000001a8cb000000, Narrow klass shift: 0, Narrow klass range: 0x100000000

GC Precious Log:
 CardTable entry size: 512
 CPUs: 4 total, 4 available
 Memory: 7958M
 Large Page Support: Disabled
 NUMA Support: Disabled
 Compressed Oops: Enabled (32-bit)
 Alignments: Space 512K, Generation 512K, Heap 2M
 Heap Min Capacity: 100M
 Heap Initial Capacity: 100M
 Heap Max Capacity: 2G
 Pre-touch: Disabled
 Parallel Workers: 4

Heap:
 PSYoungGen      total 29184K, used 18005K [0x00000000d5580000, 0x00000000d7a00000, 0x0000000100000000)
  eden space 25088K, 55% used [0x00000000d5580000,0x00000000d631b0e0,0x00000000d6e00000)
  from space 4096K, 99% used [0x00000000d6e80000,0x00000000d727a678,0x00000000d7280000)
  to   space 6144K, 0% used [0x00000000d7400000,0x00000000d7400000,0x00000000d7a00000)
 ParOldGen       total 68608K, used 8138K [0x0000000080000000, 0x0000000084300000, 0x00000000d5580000)
  object space 68608K, 11% used [0x0000000080000000,0x00000000807f2a38,0x0000000084300000)
 Metaspace       used 17609K, committed 18304K, reserved 1114112K
  class space    used 1850K, committed 2112K, reserved 1048576K

Card table byte_map: [0x000001a8b3df0000,0x000001a8b4200000] _byte_map_base: 0x000001a8b39f0000

Marking Bits: (ParMarkBitMap*) 0x00007ff934f33450
 Begin Bits: [0x000001a8c6900000, 0x000001a8c8900000)
 End Bits:   [0x000001a8c8900000, 0x000001a8ca900000)

Polling page: 0x000001a8b23d0000

Metaspace:

Usage:
  Non-class:     15.39 MB used.
      Class:      1.81 MB used.
       Both:     17.20 MB used.

Virtual space:
  Non-class space:       64.00 MB reserved,      15.81 MB ( 25%) committed,  1 nodes.
      Class space:        1.00 GB reserved,       2.06 MB ( <1%) committed,  1 nodes.
             Both:        1.06 GB reserved,      17.88 MB (  2%) committed. 

Chunk freelists:
   Non-Class:  48.00 KB
       Class:  13.88 MB
        Both:  13.92 MB

MaxMetaspaceSize: unlimited
CompressedClassSpaceSize: 1.00 GB
Initial GC threshold: 21.00 MB
Current GC threshold: 21.00 MB
CDS: on
 - commit_granule_bytes: 65536.
 - commit_granule_words: 8192.
 - virtual_space_node_default_size: 8388608.
 - enlarge_chunks_in_place: 1.
 - use_allocation_guard: 0.


Internal statistics:

num_allocs_failed_limit: 0.
num_arena_births: 550.
num_arena_deaths: 0.
num_vsnodes_births: 2.
num_vsnodes_deaths: 0.
num_space_committed: 286.
num_space_uncommitted: 0.
num_chunks_returned_to_freelist: 0.
num_chunks_taken_from_freelist: 1197.
num_chunk_merges: 0.
num_chunk_splits: 751.
num_chunks_enlarged: 479.
num_inconsistent_stats: 0.

CodeHeap 'non-profiled nmethods': size=120000Kb used=1466Kb max_used=1466Kb free=118533Kb
 bounds [0x000001a8bf120000, 0x000001a8bf390000, 0x000001a8c6650000]
CodeHeap 'profiled nmethods': size=120000Kb used=6832Kb max_used=6832Kb free=113167Kb
 bounds [0x000001a8b7650000, 0x000001a8b7d00000, 0x000001a8beb80000]
CodeHeap 'non-nmethods': size=5760Kb used=1289Kb max_used=1299Kb free=4470Kb
 bounds [0x000001a8beb80000, 0x000001a8bedf0000, 0x000001a8bf120000]
CodeCache: size=245760Kb, used=9587Kb, max_used=9597Kb, free=236170Kb
 total_blobs=3921, nmethods=3363, adapters=464, full_count=0
Compilation: enabled, stopped_count=0, restarted_count=0

Compilation events (20 events):
Event: 10.224 Thread 0x000001a8b4362be0 3329       3       jdk.internal.reflect.FieldAccessorImpl::<init> (10 bytes)
Event: 10.224 Thread 0x000001a8b4362be0 nmethod 3329 0x000001a8b7cef210 code [0x000001a8b7cef3c0, 0x000001a8b7cef5a8]
Event: 10.232 Thread 0x000001a8b4362be0 3331       3       java.util.concurrent.CountDownLatch::countDown (10 bytes)
Event: 10.232 Thread 0x000001a8b4362be0 nmethod 3331 0x000001a8b7cef690 code [0x000001a8b7cef860, 0x000001a8b7cefab0]
Event: 10.232 Thread 0x000001a8b4362be0 3332       3       java.util.concurrent.CountDownLatch$Sync::tryReleaseShared (37 bytes)
Event: 10.233 Thread 0x000001a8b4362be0 nmethod 3332 0x000001a8b7cefb90 code [0x000001a8b7cefd60, 0x000001a8b7cf0020]
Event: 10.241 Thread 0x000001a8b4362be0 3334       1       java.util.concurrent.atomic.AtomicInteger::set (6 bytes)
Event: 10.241 Thread 0x000001a8b4362be0 nmethod 3334 0x000001a8bf28c890 code [0x000001a8bf28ca20, 0x000001a8bf28caf0]
Event: 10.242 Thread 0x000001a8b4362be0 3335       1       org.apache.felix.scr.impl.inject.methods.BaseMethod::getMethodName (5 bytes)
Event: 10.242 Thread 0x000001a8b4362be0 nmethod 3335 0x000001a8bf28cb90 code [0x000001a8bf28cd20, 0x000001a8bf28cde8]
Event: 10.243 Thread 0x000001a8b4362be0 3336       1       org.apache.felix.scr.impl.manager.DependencyManager::access$000 (5 bytes)
Event: 10.243 Thread 0x000001a8b4362be0 nmethod 3336 0x000001a8bf28ce90 code [0x000001a8bf28d020, 0x000001a8bf28d0d0]
Event: 10.244 Thread 0x000001a8b4362be0 3337       3       org.apache.felix.scr.impl.manager.AbstractComponentManager::getState (42 bytes)
Event: 10.244 Thread 0x000001a8b4362be0 nmethod 3337 0x000001a8b7cf0110 code [0x000001a8b7cf0300, 0x000001a8b7cf0888]
Event: 10.244 Thread 0x000001a8b4362be0 3338       3       org.apache.felix.scr.impl.logger.ScrLogManager$ScrLoggerFacade::log (16 bytes)
Event: 10.245 Thread 0x000001a8b4362be0 nmethod 3338 0x000001a8b7cf0a90 code [0x000001a8b7cf0c60, 0x000001a8b7cf0e60]
Event: 10.245 Thread 0x000001a8b4362be0 3339       3       org.apache.felix.scr.impl.manager.DependencyManager::hasGetPermission (37 bytes)
Event: 10.245 Thread 0x000001a8b4362be0 nmethod 3339 0x000001a8b7cf0f90 code [0x000001a8b7cf1140, 0x000001a8b7cf1338]
Event: 10.245 Thread 0x000001a8b4362be0 3340       3       org.apache.felix.scr.impl.manager.DependencyManager::cardinalitySatisfied (14 bytes)
Event: 10.245 Thread 0x000001a8b4362be0 nmethod 3340 0x000001a8b7cf1410 code [0x000001a8b7cf15a0, 0x000001a8b7cf1700]

GC Heap History (10 events):
Event: 1.693 GC heap before
{Heap before GC invocations=1 (full 0):
 PSYoungGen      total 29696K, used 25600K [0x00000000d5580000, 0x00000000d7680000, 0x0000000100000000)
  eden space 25600K, 100% used [0x00000000d5580000,0x00000000d6e80000,0x00000000d6e80000)
  from space 4096K, 0% used [0x00000000d7280000,0x00000000d7280000,0x00000000d7680000)
  to   space 4096K, 0% used [0x00000000d6e80000,0x00000000d6e80000,0x00000000d7280000)
 ParOldGen       total 68608K, used 0K [0x0000000080000000, 0x0000000084300000, 0x00000000d5580000)
  object space 68608K, 0% used [0x0000000080000000,0x0000000080000000,0x0000000084300000)
 Metaspace       used 4385K, committed 4608K, reserved 1114112K
  class space    used 474K, committed 576K, reserved 1048576K
}
Event: 1.716 GC heap after
{Heap after GC invocations=1 (full 0):
 PSYoungGen      total 29696K, used 3271K [0x00000000d5580000, 0x00000000d7680000, 0x0000000100000000)
  eden space 25600K, 0% used [0x00000000d5580000,0x00000000d5580000,0x00000000d6e80000)
  from space 4096K, 79% used [0x00000000d6e80000,0x00000000d71b1e98,0x00000000d7280000)
  to   space 4096K, 0% used [0x00000000d7280000,0x00000000d7280000,0x00000000d7680000)
 ParOldGen       total 68608K, used 0K [0x0000000080000000, 0x0000000084300000, 0x00000000d5580000)
  object space 68608K, 0% used [0x0000000080000000,0x0000000080000000,0x0000000084300000)
 Metaspace       used 4385K, committed 4608K, reserved 1114112K
  class space    used 474K, committed 576K, reserved 1048576K
}
Event: 6.032 GC heap before
{Heap before GC invocations=2 (full 0):
 PSYoungGen      total 29696K, used 28871K [0x00000000d5580000, 0x00000000d7680000, 0x0000000100000000)
  eden space 25600K, 100% used [0x00000000d5580000,0x00000000d6e80000,0x00000000d6e80000)
  from space 4096K, 79% used [0x00000000d6e80000,0x00000000d71b1e98,0x00000000d7280000)
  to   space 4096K, 0% used [0x00000000d7280000,0x00000000d7280000,0x00000000d7680000)
 ParOldGen       total 68608K, used 0K [0x0000000080000000, 0x0000000084300000, 0x00000000d5580000)
  object space 68608K, 0% used [0x0000000080000000,0x0000000080000000,0x0000000084300000)
 Metaspace       used 8041K, committed 8320K, reserved 1114112K
  class space    used 829K, committed 960K, reserved 1048576K
}
Event: 6.043 GC heap after
{Heap after GC invocations=2 (full 0):
 PSYoungGen      total 29696K, used 4086K [0x00000000d5580000, 0x00000000d7680000, 0x0000000100000000)
  eden space 25600K, 0% used [0x00000000d5580000,0x00000000d5580000,0x00000000d6e80000)
  from space 4096K, 99% used [0x00000000d7280000,0x00000000d767d810,0x00000000d7680000)
  to   space 4096K, 0% used [0x00000000d6e80000,0x00000000d6e80000,0x00000000d7280000)
 ParOldGen       total 68608K, used 2033K [0x0000000080000000, 0x0000000084300000, 0x00000000d5580000)
  object space 68608K, 2% used [0x0000000080000000,0x00000000801fc658,0x0000000084300000)
 Metaspace       used 8041K, committed 8320K, reserved 1114112K
  class space    used 829K, committed 960K, reserved 1048576K
}
Event: 7.153 GC heap before
{Heap before GC invocations=3 (full 0):
 PSYoungGen      total 29696K, used 29686K [0x00000000d5580000, 0x00000000d7680000, 0x0000000100000000)
  eden space 25600K, 100% used [0x00000000d5580000,0x00000000d6e80000,0x00000000d6e80000)
  from space 4096K, 99% used [0x00000000d7280000,0x00000000d767d810,0x00000000d7680000)
  to   space 4096K, 0% used [0x00000000d6e80000,0x00000000d6e80000,0x00000000d7280000)
 ParOldGen       total 68608K, used 2033K [0x0000000080000000, 0x0000000084300000, 0x00000000d5580000)
  object space 68608K, 2% used [0x0000000080000000,0x00000000801fc658,0x0000000084300000)
 Metaspace       used 9505K, committed 9792K, reserved 1114112K
  class space    used 1006K, committed 1152K, reserved 1048576K
}
Event: 7.161 GC heap after
{Heap after GC invocations=3 (full 0):
 PSYoungGen      total 29696K, used 4083K [0x00000000d5580000, 0x00000000d7680000, 0x0000000100000000)
  eden space 25600K, 0% used [0x00000000d5580000,0x00000000d5580000,0x00000000d6e80000)
  from space 4096K, 99% used [0x00000000d6e80000,0x00000000d727cc20,0x00000000d7280000)
  to   space 4096K, 0% used [0x00000000d7280000,0x00000000d7280000,0x00000000d7680000)
 ParOldGen       total 68608K, used 5144K [0x0000000080000000, 0x0000000084300000, 0x00000000d5580000)
  object space 68608K, 7% used [0x0000000080000000,0x00000000805062b8,0x0000000084300000)
 Metaspace       used 9505K, committed 9792K, reserved 1114112K
  class space    used 1006K, committed 1152K, reserved 1048576K
}
Event: 8.291 GC heap before
{Heap before GC invocations=4 (full 0):
 PSYoungGen      total 29696K, used 29683K [0x00000000d5580000, 0x00000000d7680000, 0x0000000100000000)
  eden space 25600K, 100% used [0x00000000d5580000,0x00000000d6e80000,0x00000000d6e80000)
  from space 4096K, 99% used [0x00000000d6e80000,0x00000000d727cc20,0x00000000d7280000)
  to   space 4096K, 0% used [0x00000000d7280000,0x00000000d7280000,0x00000000d7680000)
 ParOldGen       total 68608K, used 5144K [0x0000000080000000, 0x0000000084300000, 0x00000000d5580000)
  object space 68608K, 7% used [0x0000000080000000,0x00000000805062b8,0x0000000084300000)
 Metaspace       used 11760K, committed 12160K, reserved 1114112K
  class space    used 1241K, committed 1408K, reserved 1048576K
}
Event: 8.299 GC heap after
{Heap after GC invocations=4 (full 0):
 PSYoungGen      total 29696K, used 4095K [0x00000000d5580000, 0x00000000d7680000, 0x0000000100000000)
  eden space 25600K, 0% used [0x00000000d5580000,0x00000000d5580000,0x00000000d6e80000)
  from space 4096K, 99% used [0x00000000d7280000,0x00000000d767fcc0,0x00000000d7680000)
  to   space 4096K, 0% used [0x00000000d6e80000,0x00000000d6e80000,0x00000000d7280000)
 ParOldGen       total 68608K, used 6753K [0x0000000080000000, 0x0000000084300000, 0x00000000d5580000)
  object space 68608K, 9% used [0x0000000080000000,0x00000000806987f0,0x0000000084300000)
 Metaspace       used 11760K, committed 12160K, reserved 1114112K
  class space    used 1241K, committed 1408K, reserved 1048576K
}
Event: 9.592 GC heap before
{Heap before GC invocations=5 (full 0):
 PSYoungGen      total 29696K, used 29695K [0x00000000d5580000, 0x00000000d7680000, 0x0000000100000000)
  eden space 25600K, 100% used [0x00000000d5580000,0x00000000d6e80000,0x00000000d6e80000)
  from space 4096K, 99% used [0x00000000d7280000,0x00000000d767fcc0,0x00000000d7680000)
  to   space 4096K, 0% used [0x00000000d6e80000,0x00000000d6e80000,0x00000000d7280000)
 ParOldGen       total 68608K, used 6753K [0x0000000080000000, 0x0000000084300000, 0x00000000d5580000)
  object space 68608K, 9% used [0x0000000080000000,0x00000000806987f0,0x0000000084300000)
 Metaspace       used 15638K, committed 16256K, reserved 1114112K
  class space    used 1617K, committed 1920K, reserved 1048576K
}
Event: 9.598 GC heap after
{Heap after GC invocations=5 (full 0):
 PSYoungGen      total 29184K, used 4073K [0x00000000d5580000, 0x00000000d7a00000, 0x0000000100000000)
  eden space 25088K, 0% used [0x00000000d5580000,0x00000000d5580000,0x00000000d6e00000)
  from space 4096K, 99% used [0x00000000d6e80000,0x00000000d727a678,0x00000000d7280000)
  to   space 6144K, 0% used [0x00000000d7400000,0x00000000d7400000,0x00000000d7a00000)
 ParOldGen       total 68608K, used 8138K [0x0000000080000000, 0x0000000084300000, 0x00000000d5580000)
  object space 68608K, 11% used [0x0000000080000000,0x00000000807f2a38,0x0000000084300000)
 Metaspace       used 15638K, committed 16256K, reserved 1114112K
  class space    used 1617K, committed 1920K, reserved 1048576K
}

Dll operation events (10 events):
Event: 0.017 Loaded shared library c:\Users\roger\.vscode\extensions\redhat.java-1.53.0-win32-x64\jre\21.0.10-win32-x86_64\bin\java.dll
Event: 0.110 Loaded shared library c:\Users\roger\.vscode\extensions\redhat.java-1.53.0-win32-x64\jre\21.0.10-win32-x86_64\bin\zip.dll
Event: 0.151 Loaded shared library C:\Users\roger\.vscode\extensions\redhat.java-1.53.0-win32-x64\jre\21.0.10-win32-x86_64\bin\instrument.dll
Event: 0.163 Loaded shared library C:\Users\roger\.vscode\extensions\redhat.java-1.53.0-win32-x64\jre\21.0.10-win32-x86_64\bin\net.dll
Event: 0.166 Loaded shared library C:\Users\roger\.vscode\extensions\redhat.java-1.53.0-win32-x64\jre\21.0.10-win32-x86_64\bin\nio.dll
Event: 0.171 Loaded shared library C:\Users\roger\.vscode\extensions\redhat.java-1.53.0-win32-x64\jre\21.0.10-win32-x86_64\bin\zip.dll
Event: 0.197 Loaded shared library C:\Users\roger\.vscode\extensions\redhat.java-1.53.0-win32-x64\jre\21.0.10-win32-x86_64\bin\jimage.dll
Event: 0.368 Loaded shared library c:\Users\roger\.vscode\extensions\redhat.java-1.53.0-win32-x64\jre\21.0.10-win32-x86_64\bin\verify.dll
Event: 6.159 Loaded shared library C:\Users\roger\AppData\Roaming\Code\User\globalStorage\redhat.java\1.53.0\config_win\org.eclipse.equinox.launcher\org.eclipse.equinox.launcher.win32.win32.x86_64_1.3.0.v20260203-2149\eclipse_11919.dll
Event: 9.981 Loaded shared library C:\Users\roger\AppData\Local\Temp\jna-108690423\jna3913357244746777212.dll

Deoptimization events (20 events):
Event: 10.054 Thread 0x000001a9111ae3f0 Uncommon trap: trap_request=0xffffff45 fr.pc=0x000001a8bf27e544 relative=0x0000000000000964
Event: 10.054 Thread 0x000001a9111ae3f0 Uncommon trap: reason=unstable_if action=reinterpret pc=0x000001a8bf27e544 method=java.util.concurrent.ConcurrentHashMap.putVal(Ljava/lang/Object;Ljava/lang/Object;Z)Ljava/lang/Object; @ 401 c2
Event: 10.054 Thread 0x000001a9111ae3f0 DEOPT PACKING pc=0x000001a8bf27e544 sp=0x0000004e840f7670
Event: 10.054 Thread 0x000001a9111ae3f0 DEOPT UNPACKING pc=0x000001a8bebd6da2 sp=0x0000004e840f75e0 mode 2
Event: 10.071 Thread 0x000001a9111ae3f0 Uncommon trap: trap_request=0xffffff45 fr.pc=0x000001a8bf1a6998 relative=0x0000000000000238
Event: 10.071 Thread 0x000001a9111ae3f0 Uncommon trap: reason=unstable_if action=reinterpret pc=0x000001a8bf1a6998 method=java.io.BufferedInputStream.read1([BII)I @ 34 c2
Event: 10.071 Thread 0x000001a9111ae3f0 DEOPT PACKING pc=0x000001a8bf1a6998 sp=0x0000004e840f8f00
Event: 10.071 Thread 0x000001a9111ae3f0 DEOPT UNPACKING pc=0x000001a8bebd6da2 sp=0x0000004e840f8eb8 mode 2
Event: 10.120 Thread 0x000001a9111ae3f0 Uncommon trap: trap_request=0xffffff45 fr.pc=0x000001a8bf27c224 relative=0x0000000000000084
Event: 10.120 Thread 0x000001a9111ae3f0 Uncommon trap: reason=unstable_if action=reinterpret pc=0x000001a8bf27c224 method=java.lang.ref.SoftReference.get()Ljava/lang/Object; @ 6 c2
Event: 10.120 Thread 0x000001a9111ae3f0 DEOPT PACKING pc=0x000001a8bf27c224 sp=0x0000004e840f96f0
Event: 10.120 Thread 0x000001a9111ae3f0 DEOPT UNPACKING pc=0x000001a8bebd6da2 sp=0x0000004e840f9688 mode 2
Event: 10.161 Thread 0x000001a9111ae3f0 Uncommon trap: trap_request=0xffffff45 fr.pc=0x000001a8bf1b0828 relative=0x0000000000000088
Event: 10.162 Thread 0x000001a9111ae3f0 Uncommon trap: reason=unstable_if action=reinterpret pc=0x000001a8bf1b0828 method=java.net.URI.match(CJJ)Z @ 32 c2
Event: 10.162 Thread 0x000001a9111ae3f0 DEOPT PACKING pc=0x000001a8bf1b0828 sp=0x0000004e840f92e0
Event: 10.162 Thread 0x000001a9111ae3f0 DEOPT UNPACKING pc=0x000001a8bebd6da2 sp=0x0000004e840f9240 mode 2
Event: 10.182 Thread 0x000001a911f182b0 Uncommon trap: trap_request=0xffffff45 fr.pc=0x000001a8bf212fe0 relative=0x00000000000000c0
Event: 10.182 Thread 0x000001a911f182b0 Uncommon trap: reason=unstable_if action=reinterpret pc=0x000001a8bf212fe0 method=java.util.concurrent.locks.ReentrantLock$NonfairSync.initialTryLock()Z @ 25 c2
Event: 10.182 Thread 0x000001a911f182b0 DEOPT PACKING pc=0x000001a8bf212fe0 sp=0x0000004e845fe220
Event: 10.182 Thread 0x000001a911f182b0 DEOPT UNPACKING pc=0x000001a8bebd6da2 sp=0x0000004e845fe1a0 mode 2

Classes loaded (20 events):
Event: 10.014 Loading class java/lang/reflect/UndeclaredThrowableException
Event: 10.014 Loading class java/lang/reflect/UndeclaredThrowableException done
Event: 10.015 Loading class java/lang/Class$AnnotationData
Event: 10.015 Loading class java/lang/Class$AnnotationData done
Event: 10.017 Loading class jdk/internal/reflect/MethodHandleIntegerFieldAccessorImpl
Event: 10.017 Loading class jdk/internal/reflect/MethodHandleIntegerFieldAccessorImpl done
Event: 10.037 Loading class java/io/PrintWriter
Event: 10.038 Loading class java/io/PrintWriter done
Event: 10.051 Loading class jdk/internal/reflect/MethodHandleShortFieldAccessorImpl
Event: 10.052 Loading class jdk/internal/reflect/MethodHandleShortFieldAccessorImpl done
Event: 10.052 Loading class java/lang/Short$ShortCache
Event: 10.053 Loading class java/lang/Short$ShortCache done
Event: 10.105 Loading class java/util/function/LongUnaryOperator
Event: 10.105 Loading class java/util/function/LongUnaryOperator done
Event: 10.106 Loading class java/lang/ThreadDeath
Event: 10.107 Loading class java/lang/ThreadDeath done
Event: 10.126 Loading class java/util/stream/SortedOps$SizedRefSortingSink
Event: 10.127 Loading class java/util/stream/SortedOps$SizedRefSortingSink done
Event: 10.229 Loading class java/util/concurrent/atomic/Striped64$1
Event: 10.229 Loading class java/util/concurrent/atomic/Striped64$1 done

Classes unloaded (0 events):
No events

Classes redefined (0 events):
No events

Internal exceptions (20 events):
Event: 9.277 Thread 0x000001a9111ae3f0 Exception <a 'java/io/FileNotFoundException'{0x00000000d6a4cbf0}> (0x00000000d6a4cbf0) 
thrown [s\src\hotspot\share\prims\jni.cpp, line 520]
Event: 9.735 Thread 0x000001a9111ae3f0 Exception <a 'java/lang/NoSuchMethodError'{0x00000000d57fb968}: 'java.lang.Object java.lang.invoke.DirectMethodHandle$Holder.invokeStaticInit(java.lang.Object, int)'> (0x00000000d57fb968) 
thrown [s\src\hotspot\share\interpreter\linkResolver.cpp, line 773]
Event: 9.833 Thread 0x000001a9111ae3f0 Exception <a 'java/lang/NoSuchMethodError'{0x00000000d5a7e160}: 'java.lang.Object java.lang.invoke.DirectMethodHandle$Holder.invokeStaticInit(java.lang.Object, int, int, int, int)'> (0x00000000d5a7e160) 
thrown [s\src\hotspot\share\interpreter\linkResolver.cpp, line 773]
Event: 9.956 Thread 0x000001a9111ae3f0 Exception <a 'java/lang/NoSuchMethodError'{0x00000000d5bdc620}: 'java.lang.Object java.lang.invoke.DirectMethodHandle$Holder.invokeStaticInit(java.lang.Object, java.lang.Object, int, int, int, int)'> (0x00000000d5bdc620) 
thrown [s\src\hotspot\share\interpreter\linkResolver.cpp, line 773]
Event: 10.018 Thread 0x000001a9111ae3f0 Exception <a 'java/lang/NoSuchMethodError'{0x00000000d5ceff40}: 'void java.lang.invoke.DirectMethodHandle$Holder.invokeSpecial(java.lang.Object, java.lang.Object, java.lang.Object, int)'> (0x00000000d5ceff40) 
thrown [s\src\hotspot\share\interpreter\linkResolver.cpp, line 773]
Event: 10.021 Thread 0x000001a9111ae3f0 Exception <a 'java/lang/NoSuchMethodError'{0x00000000d5cf38d0}: 'void java.lang.invoke.DelegatingMethodHandle$Holder.reinvoke_L(java.lang.Object, java.lang.Object, int)'> (0x00000000d5cf38d0) 
thrown [s\src\hotspot\share\interpreter\linkResolver.cpp, line 773]
Event: 10.022 Thread 0x000001a9111ae3f0 Exception <a 'java/lang/NoSuchMethodError'{0x00000000d5cfa5b8}: 'int java.lang.invoke.Invokers$Holder.invokeExact_MT(java.lang.Object, java.lang.Object, java.lang.Object)'> (0x00000000d5cfa5b8) 
thrown [s\src\hotspot\share\interpreter\linkResolver.cpp, line 773]
Event: 10.056 Thread 0x000001a9111ae3f0 Exception <a 'java/lang/NoSuchMethodError'{0x00000000d5e1f3d0}: 'void java.lang.invoke.Invokers$Holder.invokeExact_MT(java.lang.Object, java.lang.Object, int, java.lang.Object)'> (0x00000000d5e1f3d0) 
thrown [s\src\hotspot\share\interpreter\linkResolver.cpp, line 773]
Event: 10.099 Thread 0x000001a9111ae3f0 Exception <a 'java/lang/NoSuchMethodError'{0x00000000d5f39588}: 'java.lang.Object java.lang.invoke.DirectMethodHandle$Holder.invokeSpecial(java.lang.Object, java.lang.Object, java.lang.Object, long, java.lang.Object)'> (0x00000000d5f39588) 
thrown [s\src\hotspot\share\interpreter\linkResolver.cpp, line 773]
Event: 10.100 Thread 0x000001a9111ae3f0 Exception <a 'java/lang/NoSuchMethodError'{0x00000000d5f40dd0}: 'java.lang.Object java.lang.invoke.DirectMethodHandle$Holder.newInvokeSpecial(java.lang.Object, java.lang.Object, java.lang.Object, long)'> (0x00000000d5f40dd0) 
thrown [s\src\hotspot\share\interpreter\linkResolver.cpp, line 773]
Event: 10.101 Thread 0x000001a9111ae3f0 Exception <a 'java/lang/NoSuchMethodError'{0x00000000d5f45180}: 'java.lang.Object java.lang.invoke.DirectMethodHandle$Holder.invokeSpecial(java.lang.Object, java.lang.Object, java.lang.Object, java.lang.Object, long)'> (0x00000000d5f45180) 
thrown [s\src\hotspot\share\interpreter\linkResolver.cpp, line 773]
Event: 10.103 Thread 0x000001a9111ae3f0 Exception <a 'java/lang/NoSuchMethodError'{0x00000000d5f48da0}: 'java.lang.Object java.lang.invoke.Invokers$Holder.linkToTargetMethod(java.lang.Object, java.lang.Object, long, java.lang.Object)'> (0x00000000d5f48da0) 
thrown [s\src\hotspot\share\interpreter\linkResolver.cpp, line 773]
Event: 10.121 Thread 0x000001a9111ae3f0 Exception <a 'java/lang/NoSuchMethodError'{0x00000000d5fc47d8}: 'int java.lang.invoke.DirectMethodHandle$Holder.invokeStaticInit(java.lang.Object, java.lang.Object, java.lang.Object)'> (0x00000000d5fc47d8) 
thrown [s\src\hotspot\share\interpreter\linkResolver.cpp, line 773]
Event: 10.151 Thread 0x000001a9111ae3f0 Exception <a 'java/lang/IncompatibleClassChangeError'{0x00000000d6072400}: Found class java.lang.Object, but interface was expected> (0x00000000d6072400) 
thrown [s\src\hotspot\share\interpreter\linkResolver.cpp, line 840]
Event: 10.165 Thread 0x000001a9111ae3f0 Exception <a 'java/lang/NoSuchMethodError'{0x00000000d60878f0}: 'java.lang.Object java.lang.invoke.DirectMethodHandle$Holder.invokeSpecial(java.lang.Object, java.lang.Object, java.lang.Object, int, java.lang.Object, java.lang.Object)'> (0x00000000d60878f0) 
thrown [s\src\hotspot\share\interpreter\linkResolver.cpp, line 773]
Event: 10.166 Thread 0x000001a9111ae3f0 Exception <a 'java/lang/NoSuchMethodError'{0x00000000d608f380}: 'java.lang.Object java.lang.invoke.DirectMethodHandle$Holder.newInvokeSpecial(java.lang.Object, java.lang.Object, java.lang.Object, int, java.lang.Object)'> (0x00000000d608f380) 
thrown [s\src\hotspot\share\interpreter\linkResolver.cpp, line 773]
Event: 10.174 Thread 0x000001a9111ae3f0 Exception <a 'java/lang/NoSuchMethodError'{0x00000000d6093300}: 'java.lang.Object java.lang.invoke.DirectMethodHandle$Holder.invokeSpecial(java.lang.Object, java.lang.Object, java.lang.Object, java.lang.Object, int, java.lang.Object)'> (0x00000000d6093300) 
thrown [s\src\hotspot\share\interpreter\linkResolver.cpp, line 773]
Event: 10.176 Thread 0x000001a9111ae3f0 Exception <a 'java/lang/NoSuchMethodError'{0x00000000d6096e40}: 'java.lang.Object java.lang.invoke.Invokers$Holder.linkToTargetMethod(java.lang.Object, java.lang.Object, int, java.lang.Object, java.lang.Object)'> (0x00000000d6096e40) 
thrown [s\src\hotspot\share\interpreter\linkResolver.cpp, line 773]
Event: 10.179 Thread 0x000001a911f182b0 Exception <a 'java/lang/NoSuchMethodError'{0x00000000d5f94318}: 'java.lang.Object java.lang.invoke.DirectMethodHandle$Holder.invokeSpecial(java.lang.Object, java.lang.Object, int, java.lang.Object, java.lang.Object)'> (0x00000000d5f94318) 
thrown [s\src\hotspot\share\interpreter\linkResolver.cpp, line 773]
Event: 10.233 Thread 0x000001a9111ae3f0 Exception <a 'java/lang/NoSuchMethodError'{0x00000000d6192f08}: 'void java.lang.invoke.DirectMethodHandle$Holder.invokeSpecial(java.lang.Object, java.lang.Object, java.lang.Object, java.lang.Object, java.lang.Object)'> (0x00000000d6192f08) 
thrown [s\src\hotspot\share\interpreter\linkResolver.cpp, line 773]

ZGC Phase Switch (0 events):
No events

VM Operations (20 events):
Event: 7.153 Executing safepoint VM operation: ParallelGCFailedAllocation (Allocation Failure)
Event: 7.161 Executing safepoint VM operation: ParallelGCFailedAllocation (Allocation Failure) done
Event: 7.373 Executing non-safepoint VM operation: HandshakeAllThreads (Deoptimize)
Event: 7.374 Executing non-safepoint VM operation: HandshakeAllThreads (Deoptimize) done
Event: 8.187 Executing non-safepoint VM operation: HandshakeAllThreads (Deoptimize)
Event: 8.192 Executing non-safepoint VM operation: HandshakeAllThreads (Deoptimize) done
Event: 8.192 Executing safepoint VM operation: Cleanup
Event: 8.193 Executing safepoint VM operation: Cleanup done
Event: 8.291 Executing safepoint VM operation: ParallelGCFailedAllocation (Allocation Failure)
Event: 8.299 Executing safepoint VM operation: ParallelGCFailedAllocation (Allocation Failure) done
Event: 9.300 Executing safepoint VM operation: Cleanup
Event: 9.316 Executing safepoint VM operation: Cleanup done
Event: 9.318 Executing non-safepoint VM operation: HandshakeAllThreads (Deoptimize)
Event: 9.318 Executing non-safepoint VM operation: HandshakeAllThreads (Deoptimize) done
Event: 9.592 Executing safepoint VM operation: ParallelGCFailedAllocation (Allocation Failure)
Event: 9.598 Executing safepoint VM operation: ParallelGCFailedAllocation (Allocation Failure) done
Event: 9.875 Executing non-safepoint VM operation: HandshakeAllThreads (Deoptimize)
Event: 9.875 Executing non-safepoint VM operation: HandshakeAllThreads (Deoptimize) done
Event: 9.996 Executing non-safepoint VM operation: HandshakeAllThreads (Deoptimize)
Event: 9.996 Executing non-safepoint VM operation: HandshakeAllThreads (Deoptimize) done

Memory protections (0 events):
No events

Nmethod flushes (0 events):
No events

Events (20 events):
Event: 0.708 Thread 0x000001a8b4362be0 Thread added: 0x000001a90cd30e50
Event: 1.330 Thread 0x000001a90cd30e50 Thread exited: 0x000001a90cd30e50
Event: 1.365 Thread 0x000001a8b4362be0 Thread added: 0x000001a90cd30e50
Event: 1.839 Thread 0x000001a90cd30e50 Thread exited: 0x000001a90cd30e50
Event: 2.208 Thread 0x000001a8b4362be0 Thread added: 0x000001a911191e30
Event: 2.758 Thread 0x000001a911191e30 Thread exited: 0x000001a911191e30
Event: 3.530 Thread 0x000001a8b4452170 Thread added: 0x000001a9112fb450
Event: 6.094 Thread 0x000001a8b4452170 Thread added: 0x000001a9114aa7c0
Event: 6.391 Thread 0x000001a9114aa7c0 Thread added: 0x000001a9111add80
Event: 6.427 Thread 0x000001a8b4452170 Thread added: 0x000001a9111ae3f0
Event: 6.831 Thread 0x000001a8b4362be0 Thread added: 0x000001a90caec4b0
Event: 7.294 Thread 0x000001a90caec4b0 Thread exited: 0x000001a90caec4b0
Event: 7.362 Thread 0x000001a9111ae3f0 Thread added: 0x000001a90caec4b0
Event: 8.141 Thread 0x000001a9111ae3f0 Thread added: 0x000001a911be6fa0
Event: 8.369 Thread 0x000001a8b43600a0 Thread added: 0x000001a911563400
Event: 8.967 Thread 0x000001a911563400 Thread exited: 0x000001a911563400
Event: 9.010 Thread 0x000001a9111ae3f0 Thread added: 0x000001a911df9b20
Event: 10.031 Thread 0x000001a9111ae3f0 Thread added: 0x000001a911f154c0
Event: 10.111 Thread 0x000001a9111ae3f0 Thread added: 0x000001a911f182b0
Event: 10.180 Thread 0x000001a9111ae3f0 Thread added: 0x000001a911f15b50


Dynamic libraries:
0x00007ff6f74d0000 - 0x00007ff6f74de000 	c:\Users\roger\.vscode\extensions\redhat.java-1.53.0-win32-x64\jre\21.0.10-win32-x86_64\bin\java.exe
0x00007ff9c8560000 - 0x00007ff9c87c7000 	C:\WINDOWS\SYSTEM32\ntdll.dll
0x00007ff9c72f0000 - 0x00007ff9c73b9000 	C:\WINDOWS\System32\KERNEL32.DLL
0x00007ff9c5f00000 - 0x00007ff9c62f1000 	C:\WINDOWS\System32\KERNELBASE.dll
0x00007ff9c5d80000 - 0x00007ff9c5ecb000 	C:\WINDOWS\System32\ucrtbase.dll
0x00007ff9c00e0000 - 0x00007ff9c00f8000 	c:\Users\roger\.vscode\extensions\redhat.java-1.53.0-win32-x64\jre\21.0.10-win32-x86_64\bin\jli.dll
0x00007ff958550000 - 0x00007ff95856e000 	c:\Users\roger\.vscode\extensions\redhat.java-1.53.0-win32-x64\jre\21.0.10-win32-x86_64\bin\VCRUNTIME140.dll
0x00007ff9c64e0000 - 0x00007ff9c66a5000 	C:\WINDOWS\System32\USER32.dll
0x00007ff9b2130000 - 0x00007ff9b23c3000 	C:\WINDOWS\WinSxS\amd64_microsoft.windows.common-controls_6595b64144ccf1df_6.0.26100.8037_none_3e092faae333b53b\COMCTL32.dll
0x00007ff9c5ed0000 - 0x00007ff9c5ef7000 	C:\WINDOWS\System32\win32u.dll
0x00007ff9c7460000 - 0x00007ff9c7509000 	C:\WINDOWS\System32\msvcrt.dll
0x00007ff9c7d40000 - 0x00007ff9c7d6b000 	C:\WINDOWS\System32\GDI32.dll
0x00007ff9c4e40000 - 0x00007ff9c4f6b000 	C:\WINDOWS\System32\gdi32full.dll
0x00007ff9c4f70000 - 0x00007ff9c5013000 	C:\WINDOWS\System32\msvcp_win.dll
0x00007ff9c71b0000 - 0x00007ff9c71e1000 	C:\WINDOWS\System32\IMM32.DLL
0x00007ff998880000 - 0x00007ff99888c000 	c:\Users\roger\.vscode\extensions\redhat.java-1.53.0-win32-x64\jre\21.0.10-win32-x86_64\bin\vcruntime140_1.dll
0x00007ff935020000 - 0x00007ff9350ad000 	c:\Users\roger\.vscode\extensions\redhat.java-1.53.0-win32-x64\jre\21.0.10-win32-x86_64\bin\msvcp140.dll
0x00007ff934270000 - 0x00007ff935011000 	c:\Users\roger\.vscode\extensions\redhat.java-1.53.0-win32-x64\jre\21.0.10-win32-x86_64\bin\server\jvm.dll
0x00007ff9c7e40000 - 0x00007ff9c7efb000 	C:\WINDOWS\System32\ADVAPI32.dll
0x00007ff9c66b0000 - 0x00007ff9c6757000 	C:\WINDOWS\System32\sechost.dll
0x00007ff9c81e0000 - 0x00007ff9c82f8000 	C:\WINDOWS\System32\RPCRT4.dll
0x00007ff9c8300000 - 0x00007ff9c8374000 	C:\WINDOWS\System32\WS2_32.dll
0x00007ff9c4cc0000 - 0x00007ff9c4d1e000 	C:\WINDOWS\SYSTEM32\POWRPROF.dll
0x00007ff9b8770000 - 0x00007ff9b877b000 	C:\WINDOWS\SYSTEM32\VERSION.dll
0x00007ff9b8180000 - 0x00007ff9b81b5000 	C:\WINDOWS\SYSTEM32\WINMM.dll
0x00007ff9c4ca0000 - 0x00007ff9c4cb4000 	C:\WINDOWS\SYSTEM32\UMPDC.dll
0x00007ff9c3bb0000 - 0x00007ff9c3bcb000 	C:\WINDOWS\SYSTEM32\kernel.appcore.dll
0x00007ff9974d0000 - 0x00007ff9974da000 	c:\Users\roger\.vscode\extensions\redhat.java-1.53.0-win32-x64\jre\21.0.10-win32-x86_64\bin\jimage.dll
0x00007ff9c2c70000 - 0x00007ff9c2eb2000 	C:\WINDOWS\SYSTEM32\DBGHELP.DLL
0x00007ff9c6e10000 - 0x00007ff9c7192000 	C:\WINDOWS\System32\combase.dll
0x00007ff9c7f00000 - 0x00007ff9c7fd7000 	C:\WINDOWS\System32\OLEAUT32.dll
0x00007ff9a8ba0000 - 0x00007ff9a8bdb000 	C:\WINDOWS\SYSTEM32\dbgcore.DLL
0x00007ff9c5ac0000 - 0x00007ff9c5b65000 	C:\WINDOWS\System32\bcryptPrimitives.dll
0x00007ff996ce0000 - 0x00007ff996cef000 	c:\Users\roger\.vscode\extensions\redhat.java-1.53.0-win32-x64\jre\21.0.10-win32-x86_64\bin\instrument.dll
0x00007ff958380000 - 0x00007ff9583a0000 	c:\Users\roger\.vscode\extensions\redhat.java-1.53.0-win32-x64\jre\21.0.10-win32-x86_64\bin\java.dll
0x00007ff9c7510000 - 0x00007ff9c7c6f000 	C:\WINDOWS\System32\SHELL32.dll
0x00007ff9c50e0000 - 0x00007ff9c524a000 	C:\WINDOWS\System32\wintypes.dll
0x00007ff9c5250000 - 0x00007ff9c5ab4000 	C:\WINDOWS\System32\windows.storage.dll
0x00007ff9c7fe0000 - 0x00007ff9c80d7000 	C:\WINDOWS\System32\SHCORE.dll
0x00007ff9c7d70000 - 0x00007ff9c7dd7000 	C:\WINDOWS\System32\shlwapi.dll
0x00007ff9c4d60000 - 0x00007ff9c4d89000 	C:\WINDOWS\SYSTEM32\profapi.dll
0x00007ff956890000 - 0x00007ff9568a8000 	c:\Users\roger\.vscode\extensions\redhat.java-1.53.0-win32-x64\jre\21.0.10-win32-x86_64\bin\zip.dll
0x00007ff95f750000 - 0x00007ff95f760000 	C:\Users\roger\.vscode\extensions\redhat.java-1.53.0-win32-x64\jre\21.0.10-win32-x86_64\bin\net.dll
0x00007ff9b8520000 - 0x00007ff9b8647000 	C:\WINDOWS\SYSTEM32\WINHTTP.dll
0x00007ff9c4140000 - 0x00007ff9c41ab000 	C:\WINDOWS\system32\mswsock.dll
0x00007ff956710000 - 0x00007ff956726000 	C:\Users\roger\.vscode\extensions\redhat.java-1.53.0-win32-x64\jre\21.0.10-win32-x86_64\bin\nio.dll
0x00007ff95ee00000 - 0x00007ff95ee10000 	c:\Users\roger\.vscode\extensions\redhat.java-1.53.0-win32-x64\jre\21.0.10-win32-x86_64\bin\verify.dll
0x00007ff936aa0000 - 0x00007ff936ae5000 	C:\Users\roger\AppData\Roaming\Code\User\globalStorage\redhat.java\1.53.0\config_win\org.eclipse.equinox.launcher\org.eclipse.equinox.launcher.win32.win32.x86_64_1.3.0.v20260203-2149\eclipse_11919.dll
0x00007ff9c8380000 - 0x00007ff9c8515000 	C:\WINDOWS\System32\ole32.dll
0x00007ff9c4420000 - 0x00007ff9c443b000 	C:\WINDOWS\SYSTEM32\CRYPTSP.dll
0x00007ff9c3b10000 - 0x00007ff9c3b49000 	C:\WINDOWS\system32\rsaenh.dll
0x00007ff9c41f0000 - 0x00007ff9c4222000 	C:\WINDOWS\SYSTEM32\USERENV.dll
0x00007ff9c4d30000 - 0x00007ff9c4d5a000 	C:\WINDOWS\SYSTEM32\bcrypt.dll
0x00007ff9c4440000 - 0x00007ff9c444c000 	C:\WINDOWS\SYSTEM32\CRYPTBASE.dll
0x00007ff9c3620000 - 0x00007ff9c3653000 	C:\WINDOWS\SYSTEM32\IPHLPAPI.DLL
0x00007ff9c7de0000 - 0x00007ff9c7dea000 	C:\WINDOWS\System32\NSI.dll
0x00007ff982460000 - 0x00007ff9824a9000 	C:\Users\roger\AppData\Local\Temp\jna-108690423\jna3913357244746777212.dll
0x00007ff9c73c0000 - 0x00007ff9c73c8000 	C:\WINDOWS\System32\PSAPI.DLL

JVMTI agents:
c:\Users\roger\.vscode\extensions\redhat.java-1.53.0-win32-x64\lombok\lombok-1.18.39-4050.jar path:c:\Users\roger\.vscode\extensions\redhat.java-1.53.0-win32-x64\jre\21.0.10-win32-x86_64\bin\instrument.dll, loaded, initialized, instrumentlib options:none

dbghelp: loaded successfully - version: 4.0.5 - missing functions: none
symbol engine: initialized successfully - sym options: 0x614 - pdb path: .;c:\Users\roger\.vscode\extensions\redhat.java-1.53.0-win32-x64\jre\21.0.10-win32-x86_64\bin;C:\WINDOWS\SYSTEM32;C:\WINDOWS\WinSxS\amd64_microsoft.windows.common-controls_6595b64144ccf1df_6.0.26100.8037_none_3e092faae333b53b;c:\Users\roger\.vscode\extensions\redhat.java-1.53.0-win32-x64\jre\21.0.10-win32-x86_64\bin\server;C:\Users\roger\AppData\Roaming\Code\User\globalStorage\redhat.java\1.53.0\config_win\org.eclipse.equinox.launcher\org.eclipse.equinox.launcher.win32.win32.x86_64_1.3.0.v20260203-2149;C:\Users\roger\AppData\Local\Temp\jna-108690423

VM Arguments:
jvm_args: --add-modules=ALL-SYSTEM --add-opens=java.base/java.util=ALL-UNNAMED --add-opens=java.base/java.lang=ALL-UNNAMED --add-opens=java.base/sun.nio.fs=ALL-UNNAMED -Declipse.application=org.eclipse.jdt.ls.core.id1 -Dosgi.bundles.defaultStartLevel=4 -Declipse.product=org.eclipse.jdt.ls.core.product -Djava.import.generatesMetadataFilesAtProjectRoot=false -DDetectVMInstallationsJob.disabled=true -Dfile.encoding=utf8 -XX:+UseParallelGC -XX:GCTimeRatio=4 -XX:AdaptiveSizePolicyWeight=90 -Dsun.zip.disableMemoryMapping=true -Xmx2G -Xms100m -Xlog:disable -javaagent:c:\Users\roger\.vscode\extensions\redhat.java-1.53.0-win32-x64\lombok\lombok-1.18.39-4050.jar -XX:+HeapDumpOnOutOfMemoryError -XX:HeapDumpPath=c:\Users\roger\AppData\Roaming\Code\User\workspaceStorage\8e6ae2af2d4dfc56c9bbe3d6a389f982\redhat.java -Daether.dependencyCollector.impl=bf 
java_command: c:\Users\roger\.vscode\extensions\redhat.java-1.53.0-win32-x64\server\plugins\org.eclipse.equinox.launcher_1.7.100.v20251111-0406.jar -configuration c:\Users\roger\AppData\Roaming\Code\User\globalStorage\redhat.java\1.53.0\config_win -data c:\Users\roger\AppData\Roaming\Code\User\workspaceStorage\8e6ae2af2d4dfc56c9bbe3d6a389f982\redhat.java\jdt_ws --pipe=\\.\pipe\lsp-12f45ae0b00254d89e9ed3ddf38f6ac5-sock
java_class_path (initial): c:\Users\roger\.vscode\extensions\redhat.java-1.53.0-win32-x64\server\plugins\org.eclipse.equinox.launcher_1.7.100.v20251111-0406.jar
Launcher Type: SUN_STANDARD

[Global flags]
    uintx AdaptiveSizePolicyWeight                 = 90                                        {product} {command line}
     intx CICompilerCount                          = 3                                         {product} {ergonomic}
    uintx GCTimeRatio                              = 4                                         {product} {command line}
     bool HeapDumpOnOutOfMemoryError               = true                                   {manageable} {command line}
    ccstr HeapDumpPath                             = c:\Users\roger\AppData\Roaming\Code\User\workspaceStorage\8e6ae2af2d4dfc56c9bbe3d6a389f982\redhat.java         {manageable} {command line}
   size_t InitialHeapSize                          = 104857600                                 {product} {command line}
   size_t MaxHeapSize                              = 2147483648                                {product} {command line}
   size_t MaxNewSize                               = 715653120                                 {product} {ergonomic}
   size_t MinHeapDeltaBytes                        = 524288                                    {product} {ergonomic}
   size_t MinHeapSize                              = 104857600                                 {product} {command line}
   size_t NewSize                                  = 34603008                                  {product} {ergonomic}
    uintx NonNMethodCodeHeapSize                   = 5832780                                {pd product} {ergonomic}
    uintx NonProfiledCodeHeapSize                  = 122912730                              {pd product} {ergonomic}
   size_t OldSize                                  = 70254592                                  {product} {ergonomic}
    uintx ProfiledCodeHeapSize                     = 122912730                              {pd product} {ergonomic}
    uintx ReservedCodeCacheSize                    = 251658240                              {pd product} {ergonomic}
     bool SegmentedCodeCache                       = true                                      {product} {ergonomic}
   size_t SoftMaxHeapSize                          = 2147483648                             {manageable} {ergonomic}
     bool UseCompressedOops                        = true                           {product lp64_product} {ergonomic}
     bool UseLargePagesIndividualAllocation        = false                                  {pd product} {ergonomic}
     bool UseParallelGC                            = true                                      {product} {command line}

Logging:
Log output configuration:
 #0: stdout all=off uptime,level,tags foldmultilines=false
 #1: stderr all=off uptime,level,tags foldmultilines=false

Release file:
JAVA_VERSION="21.0.10" 
MODULES="java.base java.compiler java.datatransfer java.xml java.prefs java.desktop java.instrument java.logging java.management java.security.sasl java.naming java.rmi java.management.rmi java.net.http java.scripting java.security.jgss java.transaction.xa java.sql java.sql.rowset java.xml.crypto java.se java.smartcardio jdk.accessibility jdk.internal.jvmstat jdk.attach jdk.charsets jdk.internal.opt jdk.zipfs jdk.compiler jdk.crypto.ec jdk.crypto.cryptoki jdk.crypto.mscapi jdk.dynalink jdk.internal.ed jdk.editpad jdk.hotspot.agent jdk.httpserver jdk.internal.le jdk.internal.vm.ci jdk.internal.vm.compiler jdk.internal.vm.compiler.management jdk.jartool jdk.javadoc jdk.jcmd jdk.management jdk.management.agent jdk.jconsole jdk.jdeps jdk.jdwp.agent jdk.jdi jdk.jfr jdk.jshell jdk.jsobject jdk.jstatd jdk.localedata jdk.management.jfr jdk.naming.dns jdk.naming.rmi jdk.net jdk.nio.mapmode jdk.random jdk.sctp jdk.security.auth jdk.security.jgss jdk.unsupported jdk.unsupported.desktop jdk.xml.dom" 

Environment Variables:
JAVA_HOME=C:\Program Files\Java\jdk-24
PATH=C:\Users\roger\AppData\Local\Programs\Microsoft VS Code;C:\Program Files\Common Files\Oracle\Java\javapath;C:\Program Files (x86)\Common Files\Oracle\Java\java8path;C:\Program Files (x86)\Common Files\Oracle\Java\javapath;C:\WINDOWS\system32;C:\WINDOWS;C:\WINDOWS\System32\Wbem;C:\WINDOWS\System32\WindowsPowerShell\v1.0\;C:\WINDOWS\System32\OpenSSH\;C:\Program Files\dotnet\;C:\MinGW\bin;C:\Program Files\CMake\bin;C:\Program Files\Git\cmd;C:\Program Files\nodejs\;C:\Program Files\Docker\Docker\resources\bin;C:\Program Files (x86)\Google\Cloud SDK\google-cloud-sdk\bin;C:\xampp\mysql\bin;C:\Program Files\MySQL\MySQL Shell 8.0\bin\;C:\Users\roger\AppData\Local\Programs\Python\Python313\Scripts\;C:\Users\roger\AppData\Local\Programs\Python\Python313\;C:\Users\roger\AppData\Local\Microsoft\WindowsApps;C:\Users\roger\AppData\Local\Programs\Microsoft VS Code\bin;C:\Users\roger\.dotnet\tools;C:\Users\roger\AppData\Local\GitHubDesktop\bin;C:\Users\roger\AppData\Roaming\npm;C:\Program Files\Java\jdk-24\bin
USERNAME=roger
OS=Windows_NT
PROCESSOR_IDENTIFIER=Intel64 Family 6 Model 126 Stepping 5, GenuineIntel
TMP=C:\Users\roger\AppData\Local\Temp
TEMP=C:\Users\roger\AppData\Local\Temp




Periodic native trim disabled

---------------  S Y S T E M  ---------------

OS:
 Windows 11 , 64 bit Build 26100 (10.0.26100.7920)
OS uptime: 6 days 17:37 hours
Hyper-V role detected

CPU: total 4 (initial active 4) (2 cores per cpu, 2 threads per core) family 6 model 126 stepping 5 microcode 0xca, cx8, cmov, fxsr, ht, mmx, 3dnowpref, sse, sse2, sse3, ssse3, sse4.1, sse4.2, popcnt, lzcnt, tsc, tscinvbit, avx, avx2, aes, erms, clmul, bmi1, bmi2, adx, avx512f, avx512dq, avx512cd, avx512bw, avx512vl, sha, fma, vzeroupper, avx512_vpopcntdq, avx512_vpclmulqdq, avx512_vaes, avx512_vnni, clflush, clflushopt, avx512_vbmi2, avx512_vbmi, hv, rdtscp, rdpid, fsrm, gfni, avx512_bitalg, f16c, avx512_ifma
Processor Information for the first 4 processors :
  Max Mhz: 1190, Current Mhz: 1190, Mhz Limit: 1190

Memory: 4k page, system-wide physical 7958M (593M free)
TotalPageFile size 24342M (AvailPageFile size 3M)
current process WorkingSet (physical memory assigned to process): 135M, peak: 135M
current process commit charge ("private bytes"): 261M, peak: 262M

vm_info: OpenJDK 64-Bit Server VM (21.0.10+7-LTS) for windows-amd64 JRE (21.0.10+7-LTS), built on 2026-01-20T00:00:00Z by "admin" with MS VC++ 17.12 (VS2022)

END.
